
 Start         Length     Name                   Class
 0001:00000000 000B7764H .text                   CODE
 0002:00000000 00004B78H .data                   DATA
 0002:00004B78 00001E29H .bss                    BSS


Detailed map of segments

 0001:00000000 0000613B C=CODE     S=.text    G=(none)   M=System   ACBP=A9
 0001:0000613C 00000158 C=CODE     S=.text    G=(none)   M=SysInit  ACBP=A9
 0001:00006294 00000078 C=CODE     S=.text    G=(none)   M=Types    ACBP=A9
 0001:0000630C 00001460 C=CODE     S=.text    G=(none)   M=Windows  ACBP=A9
 0001:0000776C 00000218 C=CODE     S=.text    G=(none)   M=madTypes ACBP=A9
 0001:00007984 000039DC C=CODE     S=.text    G=(none)   M=madStrings ACBP=A9
 0001:0000B360 00000038 C=CODE     S=.text    G=(none)   M=Messages ACBP=A9
 0001:0000B398 0000120C C=CODE     S=.text    G=(none)   M=madNVPrgrAlert ACBP=A9
 0001:0000C5A4 000036E7 C=CODE     S=.text    G=(none)   M=madTools ACBP=A9
 0001:0000FC8C 00006A14 C=CODE     S=.text    G=(none)   M=madDisAsm ACBP=A9
 0001:000166A0 00004784 C=CODE     S=.text    G=(none)   M=madZip   ACBP=A9
 0001:0001AE24 00000AB4 C=CODE     S=.text    G=(none)   M=madCrypt ACBP=A9
 0001:0001B8D8 0000591F C=CODE     S=.text    G=(none)   M=madMapFile ACBP=A9
 0001:000211F8 000043C3 C=CODE     S=.text    G=(none)   M=madStackTrace ACBP=A9
 0001:000255BC 00002AE8 C=CODE     S=.text    G=(none)   M=madNVBitmap ACBP=A9
 0001:000280A4 000064E8 C=CODE     S=.text    G=(none)   M=madNVAssistant ACBP=A9
 0001:0002E58C 00000044 C=CODE     S=.text    G=(none)   M=ActiveX  ACBP=A9
 0001:0002E5D0 00000104 C=CODE     S=.text    G=(none)   M=CommCtrl ACBP=A9
 0001:0002E6D4 00000050 C=CODE     S=.text    G=(none)   M=ShellAPI ACBP=A9
 0001:0002E724 00000038 C=CODE     S=.text    G=(none)   M=RegStr   ACBP=A9
 0001:0002E75C 00000038 C=CODE     S=.text    G=(none)   M=WinInet  ACBP=A9
 0001:0002E794 00000038 C=CODE     S=.text    G=(none)   M=UrlMon   ACBP=A9
 0001:0002E7CC 00000038 C=CODE     S=.text    G=(none)   M=ShlObj   ACBP=A9
 0001:0002E804 00000050 C=CODE     S=.text    G=(none)   M=CommDlg  ACBP=A9
 0001:0002E854 00000310 C=CODE     S=.text    G=(none)   M=SysConst ACBP=A9
 0001:0002EB64 000000C0 C=CODE     S=.text    G=(none)   M=WinSock  ACBP=A9
 0001:0002EC24 00033194 C=CODE     S=.text    G=(none)   M=madExcept ACBP=A9
 0001:00061DB8 00000047 C=CODE     S=.text    G=(none)   M=madLinkDisAsm ACBP=A9
 0001:00061E00 00000F64 C=CODE     S=.text    G=(none)   M=madListHardware ACBP=A9
 0001:00062D64 00000C2C C=CODE     S=.text    G=(none)   M=madListProcesses ACBP=A9
 0001:00063990 00000598 C=CODE     S=.text    G=(none)   M=madListModules ACBP=A9
 0001:00063F28 000068F0 C=CODE     S=.text    G=(none)   M=SysUtils ACBP=A9
 0001:0006A818 00000807 C=CODE     S=.text    G=(none)   M=VarUtils ACBP=A9
 0001:0006B020 00002A42 C=CODE     S=.text    G=(none)   M=Variants ACBP=A9
 0001:0006DA64 00000130 C=CODE     S=.text    G=(none)   M=RTLConsts ACBP=A9
 0001:0006DB94 00000804 C=CODE     S=.text    G=(none)   M=TypInfo  ACBP=A9
 0001:0006E398 000098BE C=CODE     S=.text    G=(none)   M=Classes  ACBP=A9
 0001:00077C58 000002C0 C=CODE     S=.text    G=(none)   M=Consts   ACBP=A9
 0001:00077F18 00008B07 C=CODE     S=.text    G=(none)   M=Graphics ACBP=A9
 0001:00080A20 00000048 C=CODE     S=.text    G=(none)   M=Math     ACBP=A9
 0001:00080A68 000002D4 C=CODE     S=.text    G=(none)   M=Contnrs  ACBP=A9
 0001:00080D3C 00000793 C=CODE     S=.text    G=(none)   M=MultiMon ACBP=A9
 0001:000814D0 00000038 C=CODE     S=.text    G=(none)   M=Imm      ACBP=A9
 0001:00081508 00000FF8 C=CODE     S=.text    G=(none)   M=HelpIntfs ACBP=A9
 0001:00082500 00000038 C=CODE     S=.text    G=(none)   M=WinSpool ACBP=A9
 0001:00082538 00000044 C=CODE     S=.text    G=(none)   M=Printers ACBP=A9
 0001:0008257C 0000031F C=CODE     S=.text    G=(none)   M=FlatSB   ACBP=A9
 0001:0008289C 000001A4 C=CODE     S=.text    G=(none)   M=SyncObjs ACBP=A9
 0001:00082A40 000009BB C=CODE     S=.text    G=(none)   M=UxTheme  ACBP=A9
 0001:000833FC 00000A40 C=CODE     S=.text    G=(none)   M=Themes   ACBP=A9
 0001:00083E3C 000062A8 C=CODE     S=.text    G=(none)   M=StdCtrls ACBP=A9
 0001:0008A0E4 00000652 C=CODE     S=.text    G=(none)   M=ExtCtrls ACBP=A9
 0001:0008A738 00000038 C=CODE     S=.text    G=(none)   M=Dlgs     ACBP=A9
 0001:0008A770 0000066D C=CODE     S=.text    G=(none)   M=Dialogs  ACBP=A9
 0001:0008ADE0 000006A4 C=CODE     S=.text    G=(none)   M=Clipbrd  ACBP=A9
 0001:0008B484 000000C0 C=CODE     S=.text    G=(none)   M=StrUtils ACBP=A9
 0001:0008B544 00000168 C=CODE     S=.text    G=(none)   M=StdActns ACBP=A9
 0001:0008B6AC 00000D1F C=CODE     S=.text    G=(none)   M=WinHelpViewer ACBP=A9
 0001:0008C3CC 00010DA7 C=CODE     S=.text    G=(none)   M=Controls ACBP=A9
 0001:0009D174 00001292 C=CODE     S=.text    G=(none)   M=ActnList ACBP=A9
 0001:0009E408 0000170C C=CODE     S=.text    G=(none)   M=ImgList  ACBP=A9
 0001:0009FB14 000066AD C=CODE     S=.text    G=(none)   M=Menus    ACBP=A9
 0001:000A61C4 0000C570 C=CODE     S=.text    G=(none)   M=Forms    ACBP=A9
 0001:000B2734 00000068 C=CODE     S=.text    G=(none)   M=IniFiles ACBP=A9
 0001:000B279C 00000654 C=CODE     S=.text    G=(none)   M=Registry ACBP=A9
 0001:000B2DF0 00000A2C C=CODE     S=.text    G=(none)   M=MaskUtils ACBP=A9
 0001:000B381C 000029A8 C=CODE     S=.text    G=(none)   M=Mask     ACBP=A9
 0001:000B61C4 000000F5 C=CODE     S=.text    G=(none)   M=Buttons  ACBP=A9
 0001:000B62BC 00000038 C=CODE     S=.text    G=(none)   M=FileCtrl ACBP=A9
 0001:000B62F4 000011C0 C=CODE     S=.text    G=(none)   M=upload   ACBP=A9
 0001:000B74B4 000002AD C=CODE     S=.text    G=(none)   M=Project1 ACBP=A9
 0002:00000000 000000A0 C=DATA     S=.data    G=DGROUP   M=System   ACBP=A9
 0002:000000A0 00000020 C=DATA     S=.data    G=DGROUP   M=SysInit  ACBP=A9
 0002:000000C0 000002DC C=DATA     S=.data    G=DGROUP   M=madStrings ACBP=A9
 0002:0000039C 000000A0 C=DATA     S=.data    G=DGROUP   M=madTools ACBP=A9
 0002:0000043C 0000084D C=DATA     S=.data    G=DGROUP   M=madDisAsm ACBP=A9
 0002:00000C8C 000010C4 C=DATA     S=.data    G=DGROUP   M=madZip   ACBP=A9
 0002:00001D50 0000108C C=DATA     S=.data    G=DGROUP   M=madCrypt ACBP=A9
 0002:00002DDC 00000020 C=DATA     S=.data    G=DGROUP   M=madMapFile ACBP=A9
 0002:00002DFC 00000004 C=DATA     S=.data    G=DGROUP   M=madStackTrace ACBP=A9
 0002:00002E00 00000010 C=DATA     S=.data    G=DGROUP   M=madNVAssistant ACBP=A9
 0002:00002E10 00000B30 C=DATA     S=.data    G=DGROUP   M=madExcept ACBP=A9
 0002:00003940 00000018 C=DATA     S=.data    G=DGROUP   M=madListProcesses ACBP=A9
 0002:00003958 00000254 C=DATA     S=.data    G=DGROUP   M=SysUtils ACBP=A9
 0002:00003BAC 00000008 C=DATA     S=.data    G=DGROUP   M=VarUtils ACBP=A9
 0002:00003BB4 0000008E C=DATA     S=.data    G=DGROUP   M=Variants ACBP=A9
 0002:00003C44 0000000C C=DATA     S=.data    G=DGROUP   M=TypInfo  ACBP=A9
 0002:00003C50 00000064 C=DATA     S=.data    G=DGROUP   M=Classes  ACBP=A9
 0002:00003CB4 00000304 C=DATA     S=.data    G=DGROUP   M=Graphics ACBP=A9
 0002:00003FB8 00000004 C=DATA     S=.data    G=DGROUP   M=Printers ACBP=A9
 0002:00003FBC 00000068 C=DATA     S=.data    G=DGROUP   M=Themes   ACBP=A9
 0002:00004024 000000B0 C=DATA     S=.data    G=DGROUP   M=StdCtrls ACBP=A9
 0002:000040D4 00000178 C=DATA     S=.data    G=DGROUP   M=ExtCtrls ACBP=A9
 0002:0000424C 00000074 C=DATA     S=.data    G=DGROUP   M=Dialogs  ACBP=A9
 0002:000042C0 0000013C C=DATA     S=.data    G=DGROUP   M=Controls ACBP=A9
 0002:000043FC 00000020 C=DATA     S=.data    G=DGROUP   M=ImgList  ACBP=A9
 0002:0000441C 000000EC C=DATA     S=.data    G=DGROUP   M=Menus    ACBP=A9
 0002:00004508 0000011C C=DATA     S=.data    G=DGROUP   M=Forms    ACBP=A9
 0002:00004624 00000008 C=DATA     S=.data    G=DGROUP   M=IniFiles ACBP=A9
 0002:0000462C 00000008 C=DATA     S=.data    G=DGROUP   M=Registry ACBP=A9
 0002:00004634 00000009 C=DATA     S=.data    G=DGROUP   M=MaskUtils ACBP=A9
 0002:00004640 00000004 C=DATA     S=.data    G=DGROUP   M=Mask     ACBP=A9
 0002:00004644 0000002C C=DATA     S=.data    G=DGROUP   M=Buttons  ACBP=A9
 0002:00005000 00000660 C=BSS      S=.bss     G=DGROUP   M=System   ACBP=A9
 0002:00005660 00000010 C=BSS      S=.bss     G=DGROUP   M=SysInit  ACBP=A9
 0002:00005670 00000004 C=BSS      S=.bss     G=DGROUP   M=Types    ACBP=A9
 0002:00005674 00000004 C=BSS      S=.bss     G=DGROUP   M=Windows  ACBP=A9
 0002:00005678 00000004 C=BSS      S=.bss     G=DGROUP   M=madTypes ACBP=A9
 0002:0000567C 0000000C C=BSS      S=.bss     G=DGROUP   M=madStrings ACBP=A9
 0002:00005688 00000004 C=BSS      S=.bss     G=DGROUP   M=Messages ACBP=A9
 0002:0000568C 00000004 C=BSS      S=.bss     G=DGROUP   M=madNVPrgrAlert ACBP=A9
 0002:00005690 00000028 C=BSS      S=.bss     G=DGROUP   M=madTools ACBP=A9
 0002:000056B8 00000004 C=BSS      S=.bss     G=DGROUP   M=madDisAsm ACBP=A9
 0002:000056BC 00001114 C=BSS      S=.bss     G=DGROUP   M=madZip   ACBP=A9
 0002:000067D0 00000004 C=BSS      S=.bss     G=DGROUP   M=madCrypt ACBP=A9
 0002:000067D4 00000008 C=BSS      S=.bss     G=DGROUP   M=madMapFile ACBP=A9
 0002:000067DC 0000002C C=BSS      S=.bss     G=DGROUP   M=madStackTrace ACBP=A9
 0002:00006808 00000004 C=BSS      S=.bss     G=DGROUP   M=madNVBitmap ACBP=A9
 0002:0000680C 00000004 C=BSS      S=.bss     G=DGROUP   M=madNVAssistant ACBP=A9
 0002:00006810 00000004 C=BSS      S=.bss     G=DGROUP   M=ActiveX  ACBP=A9
 0002:00006814 00000004 C=BSS      S=.bss     G=DGROUP   M=CommCtrl ACBP=A9
 0002:00006818 00000004 C=BSS      S=.bss     G=DGROUP   M=ShellAPI ACBP=A9
 0002:0000681C 00000004 C=BSS      S=.bss     G=DGROUP   M=RegStr   ACBP=A9
 0002:00006820 00000004 C=BSS      S=.bss     G=DGROUP   M=WinInet  ACBP=A9
 0002:00006824 00000004 C=BSS      S=.bss     G=DGROUP   M=UrlMon   ACBP=A9
 0002:00006828 00000004 C=BSS      S=.bss     G=DGROUP   M=ShlObj   ACBP=A9
 0002:0000682C 00000004 C=BSS      S=.bss     G=DGROUP   M=CommDlg  ACBP=A9
 0002:00006830 00000004 C=BSS      S=.bss     G=DGROUP   M=SysConst ACBP=A9
 0002:00006834 00000004 C=BSS      S=.bss     G=DGROUP   M=WinSock  ACBP=A9
 0002:00006838 000000D0 C=BSS      S=.bss     G=DGROUP   M=madExcept ACBP=A9
 0002:00006908 00000004 C=BSS      S=.bss     G=DGROUP   M=madLinkDisAsm ACBP=A9
 0002:0000690C 00000004 C=BSS      S=.bss     G=DGROUP   M=madListHardware ACBP=A9
 0002:00006910 00000004 C=BSS      S=.bss     G=DGROUP   M=madListProcesses ACBP=A9
 0002:00006914 00000004 C=BSS      S=.bss     G=DGROUP   M=madListModules ACBP=A9
 0002:00006918 00000120 C=BSS      S=.bss     G=DGROUP   M=SysUtils ACBP=A9
 0002:00006A38 0000005C C=BSS      S=.bss     G=DGROUP   M=VarUtils ACBP=A9
 0002:00006A94 00000040 C=BSS      S=.bss     G=DGROUP   M=Variants ACBP=A9
 0002:00006AD4 00000004 C=BSS      S=.bss     G=DGROUP   M=RTLConsts ACBP=A9
 0002:00006AD8 00000004 C=BSS      S=.bss     G=DGROUP   M=TypInfo  ACBP=A9
 0002:00006ADC 00000040 C=BSS      S=.bss     G=DGROUP   M=Classes  ACBP=A9
 0002:00006B1C 00000004 C=BSS      S=.bss     G=DGROUP   M=Consts   ACBP=A9
 0002:00006B20 00000060 C=BSS      S=.bss     G=DGROUP   M=Graphics ACBP=A9
 0002:00006B80 00000004 C=BSS      S=.bss     G=DGROUP   M=Math     ACBP=A9
 0002:00006B84 00000004 C=BSS      S=.bss     G=DGROUP   M=Contnrs  ACBP=A9
 0002:00006B88 00000031 C=BSS      S=.bss     G=DGROUP   M=MultiMon ACBP=A9
 0002:00006BBC 00000004 C=BSS      S=.bss     G=DGROUP   M=Imm      ACBP=A9
 0002:00006BC0 00000008 C=BSS      S=.bss     G=DGROUP   M=HelpIntfs ACBP=A9
 0002:00006BC8 00000004 C=BSS      S=.bss     G=DGROUP   M=WinSpool ACBP=A9
 0002:00006BCC 00000004 C=BSS      S=.bss     G=DGROUP   M=Printers ACBP=A9
 0002:00006BD0 00000034 C=BSS      S=.bss     G=DGROUP   M=FlatSB   ACBP=A9
 0002:00006C04 00000004 C=BSS      S=.bss     G=DGROUP   M=SyncObjs ACBP=A9
 0002:00006C08 000000CC C=BSS      S=.bss     G=DGROUP   M=UxTheme  ACBP=A9
 0002:00006CD4 00000008 C=BSS      S=.bss     G=DGROUP   M=Themes   ACBP=A9
 0002:00006CDC 00000004 C=BSS      S=.bss     G=DGROUP   M=StdCtrls ACBP=A9
 0002:00006CE0 00000004 C=BSS      S=.bss     G=DGROUP   M=ExtCtrls ACBP=A9
 0002:00006CE4 00000004 C=BSS      S=.bss     G=DGROUP   M=Dlgs     ACBP=A9
 0002:00006CE8 0000000C C=BSS      S=.bss     G=DGROUP   M=Dialogs  ACBP=A9
 0002:00006CF4 0000000C C=BSS      S=.bss     G=DGROUP   M=Clipbrd  ACBP=A9
 0002:00006D00 00000004 C=BSS      S=.bss     G=DGROUP   M=StrUtils ACBP=A9
 0002:00006D04 00000004 C=BSS      S=.bss     G=DGROUP   M=StdActns ACBP=A9
 0002:00006D08 00000014 C=BSS      S=.bss     G=DGROUP   M=WinHelpViewer ACBP=A9
 0002:00006D1C 00000080 C=BSS      S=.bss     G=DGROUP   M=Controls ACBP=A9
 0002:00006D9C 00000004 C=BSS      S=.bss     G=DGROUP   M=ActnList ACBP=A9
 0002:00006DA0 0000000C C=BSS      S=.bss     G=DGROUP   M=ImgList  ACBP=A9
 0002:00006DAC 00000010 C=BSS      S=.bss     G=DGROUP   M=Menus    ACBP=A9
 0002:00006DBC 00000020 C=BSS      S=.bss     G=DGROUP   M=Forms    ACBP=A9
 0002:00006DDC 00000004 C=BSS      S=.bss     G=DGROUP   M=IniFiles ACBP=A9
 0002:00006DE0 00000004 C=BSS      S=.bss     G=DGROUP   M=Registry ACBP=A9
 0002:00006DE4 00000004 C=BSS      S=.bss     G=DGROUP   M=MaskUtils ACBP=A9
 0002:00006DE8 00000004 C=BSS      S=.bss     G=DGROUP   M=Mask     ACBP=A9
 0002:00006DEC 00000030 C=BSS      S=.bss     G=DGROUP   M=Buttons  ACBP=A9
 0002:00006E1C 00000004 C=BSS      S=.bss     G=DGROUP   M=FileCtrl ACBP=A9
 0002:00006E20 00000008 C=BSS      S=.bss     G=DGROUP   M=upload   ACBP=A9


  Address         Publics by Name

 0002:00006D00       .1
 0002:00006B1C       .1
 0002:00006BF0       .1
 0002:000067DC       .1
 0002:00006808       .1
 0002:000067D0       .1
 0002:0000680C       .1
 0002:00006BA8       .1
 0002:00006CE4       .1
 0002:00006814       .1
 0002:00006818       .1
 0002:00005690       .1
 0002:00006D10       .1
 0002:0000681C       .1
 0002:00006820       .1
 0002:00006824       .1
 0002:00006BBC       .1
 0002:00006AD4       .1
 0002:00006CC4       .1
 0002:00006828       .1
 0002:0000682C       .1
 0002:00006830       .1
 0002:00006834       .1
 0002:0000567C       .1
 0002:00005668       .1
 0002:00006908       .1
 0002:0000690C       .1
 0002:00006910       .1
 0002:00006914       .1
 0002:000056BC       .1
 0002:0000568C       .1
 0002:00005688       .1
 0002:00005670       .1
 0002:00006CE8       .11
 0002:00006B24       .12
 0002:00006CE0       .12
 0002:00006DE4       .2
 0002:00006CD4       .2
 0002:00005678       .2
 0002:00006BC0       .2
 0002:00006E24       .2
 0002:00006B80       .2
 0002:00006CF8       .2
 0002:00006B84       .21
 0002:0000683C       .3
 0002:00005674       .3
 0002:00006810       .3
 0002:00006BC8       .3
 0002:00006DA0       .3
 0002:00006BCC       .3
 0002:00006A28       .35
 0002:00006DEC       .4
 0002:00006DC4       .41
 0002:00006CDC       .42
 0002:00006AE8       .45
 0002:000056B8       .5
 0002:00006DE0       .5
 0002:000067D4       .5
 0002:00006E1C       .5
 0002:00006DE8       .5
 0002:000055B8       .5
 0002:00006A90       .5
 0002:00006AD8       .6
 0002:00006C04       .6
 0002:00006D24       .72
 0002:00006D04       .73
 0002:00006DDC       .8
 0002:00006D9C       .8
 0002:00006AB4       .81
 0002:00006DB4       .9
 0001:00001FAC       @AbstractError
 0001:00003200       @AfterConstruction
 0001:0000302C       @AsClass
 0001:00003CC0       @Assert
 0001:00002290       @Assign
 0001:0000248C       @AStrCmp
 0001:00003210       @BeforeDestruction
 0001:00002DA4       @BoundErr
 0001:00003078       @CallDynaInst
 0001:000031A8       @ClassCreate
 0001:000031F8       @ClassDestroy
 0001:00002358       @Close
 0001:00001C94       @Copy
 0001:00004DA8       @CopyArray
 0001:00004C8C       @CopyRecord
 0001:00004EC0       @DispCallByIDError
 0001:0006BAC0       @DispInvokeError
 0001:00004EB0       @Dispose
 0001:00003750       @DoneExcept
 0001:00005370       @DynArrayAddRef
 0001:00005348       @DynArrayAsg
 0001:0000530C       @DynArrayClear
 0001:000051EC       @DynArrayCopy
 0001:0000520C       @DynArrayCopyRange
 0001:0000500C       @DynArrayHigh
 0001:00005004       @DynArrayLength
 0001:000051E0       @DynArraySetLength
 0001:000024FC       @EofText
 0001:00003838       @ExceptionHandler
 0001:00002534       @FillChar
 0001:00004C68       @Finalize
 0001:00004B7C       @FinalizeArray
 0001:00004B30       @FinalizeRecord
 0001:00003090       @FindDynaInst
 0001:0000234C       @Flush
 0001:00002D98       @FpuInit
 0001:00002CD4       @FpuMaskInit
 0001:00001AD8       @FreeMem
 0001:00001AA8       @GetMem
 0001:000061CC       @GetTls
 0001:00003CA8       @Halt
 0001:00003BC8       @Halt0
 0001:00003324       @HandleAnyException
 0001:00003610       @HandleAutoException
 0001:000035D8       @HandleFinally
 0001:00003450       @HandleOnException
 0001:00006218       @InitExe
 0001:00004B24       @Initialize
 0001:00004A90       @InitializeArray
 0001:00004A60       @InitializeRecord
 0001:00003A8C       @InitImports
 0001:00003A64       @InitResStringImports
 0001:00003A40       @InitResStrings
 0001:00005AE0       @IntfAddRef
 0001:00005AB0       @IntfCast
 0001:00005A6C       @IntfClear
 0001:00005A84       @IntfCopy
 0001:00002DAC       @IntOver
 0001:00003008       @IsClass
 0001:00002CA4       @isNECWindows
 0001:00001CD8       @LGetDir
 0001:0000421C       @LStrAddRef
 0001:00003D80       @LStrArrayClr
 0001:00003DB0       @LStrAsg
 0001:00004034       @LStrCat
 0001:00004078       @LStrCat3
 0001:000040EC       @LStrCatN
 0001:00003D5C       @LStrClr
 0001:00004178       @LStrCmp
 0001:00004290       @LStrCopy
 0001:000042D0       @LStrDelete
 0001:00003FDC       @LStrFromArray
 0001:00003F44       @LStrFromChar
 0001:00003F64       @LStrFromPChar
 0001:00003E4C       @LStrFromPCharLen
 0001:00003F94       @LStrFromPWChar
 0001:00003EB8       @LStrFromPWCharLen
 0001:00003FD0       @LStrFromString
 0001:00003F54       @LStrFromWChar
 0001:00003FF4       @LStrFromWStr
 0001:00004318       @LStrInsert
 0001:00003DF4       @LStrLAsg
 0001:0000402C       @LStrLen
 0001:00004374       @LStrPos
 0001:000043BC       @LStrSetLength
 0001:0000422C       @LStrToPChar
 0001:00004008       @LStrToString
 0001:00004E9C       @New
 0001:00003E20       @NewAnsiString
 0001:000044F4       @NewWideString
 0001:000029B8       @Pow10
 0001:00002408       @PStrCmp
 0001:000023E0       @PStrCpy
 0001:000023B0       @PStrNCat
 0001:000023EC       @PStrNCpy
 0001:000036FC       @RaiseAgain
 0001:000036D4       @RaiseExcept
 0001:00002590       @ReadChar
 0001:000026F4       @ReadLn
 0001:00002688       @ReadLString
 0001:0000267C       @ReadString
 0001:00001AF8       @ReallocMem
 0001:00002020       @ResetText
 0001:0000202C       @RewritText
 0001:00001FA0       @ROUND
 0001:00003CB4       @RunError
 0001:00002990       @SetEq
 0001:000029A4       @SetUnion
 0001:00003A00       @StartExe
 0001:00000314       @strlen
 0001:00003780       @TryFinallyExit
 0001:00004284       @UniqueStringA
 0001:00002724       @ValLong
 0001:0006D1B8       @VarAddRef
 0001:0006BDAC       @VarClear
 0001:0006BDC0       @VarClr
 0001:00004B64       @VarClr
 0001:00004C74       @VarCopy
 0001:0006C0E8       @VarCopy
 0001:0006D0F0       @VarFromBool
 0001:0006D140       @VarFromCurr
 0001:0006D088       @VarFromInt
 0001:0006D0C4       @VarFromInt64
 0001:0006D154       @VarFromLStr
 0001:0006D118       @VarFromReal
 0001:0006D12C       @VarFromTDateTime
 0001:0006D180       @VarFromWStr
 0001:0006BB14       @VarNull
 0001:0006C414       @VarToLStr
 0001:0006CB34       @VarToWStr
 0001:00004420       @Write0LString
 0001:0000445C       @Write0WString
 0001:0000283C       @WriteBytes
 0001:0000290C       @WriteLn
 0001:0000443C       @WriteLString
 0001:00002890       @WriteSpaces
 0001:00004478       @WriteWString
 0001:00004A40       @WStrAddRef
 0001:00004534       @WStrArrayClr
 0001:00004558       @WStrAsg
 0001:000046EC       @WStrCat
 0001:0000474C       @WStrCat3
 0001:000047B4       @WStrCatN
 0001:0000451C       @WStrClr
 0001:000047FC       @WStrCmp
 0001:00004880       @WStrCopy
 0001:000048CC       @WStrDelete
 0001:0000468C       @WStrFromArray
 0001:000046C0       @WStrFromLStr
 0001:00004584       @WStrFromPCharLen
 0001:00004644       @WStrFromPWChar
 0001:00004610       @WStrFromPWCharLen
 0001:00004680       @WStrFromString
 0001:000046A4       @WStrFromWArray
 0001:00004634       @WStrFromWChar
 0001:0000495C       @WStrInsert
 0001:0000457C       @WStrLAsg
 0001:000046E0       @WStrLen
 0001:000049F8       @WStrSetLength
 0001:000046D0       @WStrToPWChar
 0001:0000296C       @_CLenToPasStr
 0001:00002960       @_CToPasStr
 0001:00001C64       @_IOTest
 0001:00004EEC       @_lldiv
 0001:00004F68       @_llmod
 0001:00004EC8       @_llmul
 0001:00004FE4       @_llshl
 0001:0008F0BC       AbsMin
 0001:000688A0       AbstractErrorHandler
 0002:00005028       AbstractErrorProc
 0002:000039DC       AccessMode
 0001:00001BB0       AcquireExceptionObject
 0002:00006848       ActionHandlers
 0002:0000684C       ActionHandlersOO
 0001:000706F4       ActivateClassGroup
 0001:00006D00       ActivateKeyboardLayout
 0002:00006D58       ActiveDrag
 0001:0002E5C8       ActiveX
 0001:0009E3DC       ActnList
 0001:0000047C       AddBlockAfter
 0002:00002E20       AddCmdLineToBugRep
 0001:00013D10       AddCodeArea
 0001:0004F9E8       AddColumnStr
 0002:00003C50       AddDataModule
 0001:00061E90       AddDevice
 0001:00064B60       AddExitProc
 0001:00045344       AddFields
 0001:0007387C       AddFinished
 0001:00021718       AddFunction
 0001:000495D0       AddHeaderInfo
 0001:000A1748       AddIn
 0001:000599F4       AddItem
 0001:00056AB0       AddItem
 0001:0002B118       AddItem
 0001:00062DB0       AddItem
 0001:0001509C       AddLine
 0001:00022590       AddLink
 0001:0003310C       AddMEProperty
 0001:00023F28       AddMinDebugInfoItem
 0001:000212E0       AddModule
 0001:000058C4       AddModuleUnloadProc
 0001:000058D4       AddModuleUnloadProc
 0001:0000E810       AddMsgHandler
 0001:0000E670       AddMsgHandler_
 0001:000738B4       AddNotFinished
 0001:00056234       AddPatch
 0001:00025AD8       AddPngPart
 0001:0005FA50       AddPtr
 0001:00013EAC       AddSpecialBlock
 0001:00022960       AddStackItem
 0001:000742D8       AddSubComponentsToLoaded
 0001:0007B8D0       AdjustColor
 0001:000A87F4       Adjustment
 0001:00006D08       AdjustWindowRectEx
 0001:000259B0       Adler32
 0002:000044E0       Alignments
 0002:000044F0       Alignments
 0002:00004030       Alignments
 0001:000AF738       AlignWork
 0001:00094754       AlignWork
 0001:000063D8       AllocateAndInitializeSid
 0001:00077A34       AllocateHWnd
 0001:00064B04       AllocMem
 0002:000055B0       AllocMemCount
 0002:000055B4       AllocMemSize
 0001:00054C94       AllocOutOfMemoryInsurance
 0001:00080818       AllocPatternBitmap
 0001:0000615C       AllocTlsBuffer
 0001:0000E5E0       AllowWindowMessage
 0002:00002EBC       AmHttpServer
 0002:00002F3C       AmInMeInit
 0002:00002F40       AmInModuleFinal
 0002:00003770       AmInTraceProcess
 0002:00002F38       AmMeBpl
 0001:0003E0A4       AmOnline
 0002:0000377C       AmSyncingHandlers
 0001:0004F408       AnalyzePiece
 0002:000042CC       AnchorAlign
 0002:000042C0       AnimateWindowProc
 0002:000043C8       AnimationStyle
 0001:00064D68       AnsiCompareStr
 0001:00064DA0       AnsiCompareText
 0001:0008B4F4       AnsiContainsStr
 0001:0008B484       AnsiContainsText
 0001:00065390       AnsiLastChar
 0001:00006D10       AnsiLower
 0001:00064D34       AnsiLowerCase
 0001:000692C4       AnsiLowerCaseFileName
 0001:00069288       AnsiPos
 0001:000A5FD0       AnsiSameCaption
 0001:00064DD8       AnsiSameText
 0001:00064DF0       AnsiStrLIComp
 0001:00069350       AnsiStrPos
 0001:00069410       AnsiStrRScan
 0001:00069458       AnsiStrScan
 0001:00042874       AnsiToGlobalUnicode
 0001:00005EF8       AnsiToUtf8
 0001:00064D00       AnsiUpperCase
 0002:0000379C       AntiFreezeCnt
 0002:00003798       AntiFreezeMsg
 0002:000037A0       AntiFreezePause
 0002:000037A4       AntiFreezePauseEvent
 0002:000037A8       AntiFreezeStopEvent
 0002:00003790       AntiFreezeTh
 0001:00037794       AntiFreezeThread
 0002:0000378C       AntiFreezeTid
 0002:000037AC       AntiFreezeTls
 0002:00003794       AntiFreezeWnd
 0001:00066858       AppendChars
 0001:00066C24       AppendFormat
 0001:000668BC       AppendNumber
 0001:0006689C       AppendString
 0002:00006DBC       Application
 0002:00003C60       ApplicationHandleException
 0002:00003C68       ApplicationShowException
 0001:00021630       ApproveFunction
 0001:000215F4       ApproveFunction
 0002:0000461C       AppVisible
 0002:000038C0       Armadillo
 0002:00004640       ArrowKey
 0001:00068884       AssertErrorHandler
 0002:00005020       AssertErrorProc
 0001:0006DE44       AssignLongStr
 0001:0006E200       AssignVariant
 0001:00006D18       AttachThreadInput
 0002:00005608       avail
 0002:00002D9C       b64
 0001:000654D4       BackfillGetDiskFreeSpaceEx
 0001:00091C64       BackgroundClipped
 0001:0006AAA8       BackupVarBoolFromStr
 0001:0006AC08       BackupVarBStrFromBool
 0001:0006AB28       BackupVarBStrFromCy
 0001:0006AB98       BackupVarBStrFromDate
 0001:0006AA3C       BackupVarCyFromStr
 0001:0006A9D0       BackupVarDateFromStr
 0001:0006A88C       BackupVarI4FromStr
 0001:0006A838       BackupVariantChangeTypeEx
 0001:0006A8F8       BackupVarR4FromStr
 0001:0006A964       BackupVarR8FromStr
 0002:000014F8       BaseDistance
 0002:00001484       BaseLength
 0002:00000448       BcbInitExceptBlockLDTC
 0001:000064B0       Beep
 0001:00070A4C       BeginGlobalLoading
 0001:00006D20       BeginPaint
 0001:00003D18       BeginThread
 0002:000038C4       BeginThread_Begin
 0002:000038C8       BeginThread_End
 0001:0007B8DC       BetterSize
 0001:000A25DC       BiDiDraw
 0001:0002EB64       bind
 0001:00006A60       BitBlt
 0002:00004644       BitBtnCaptions
 0002:00006DF0       BitBtnGlyphs
 0002:000016A8       BitLengthOrder
 0002:00003F6C       BitmapCanvasList
 0002:00006B3C       BitmapImageLock
 0002:00001928       BitOrder
 0001:00016E8C       BitReverse
 0001:00017440       BitsWindup
 0001:0006A874       BiUnimplemented
 0002:00003C88       BlockCode
 0002:000055E0       blockDescBlockList
 0002:000055E4       blockDescFreeList
 0002:00003C44       BooleanIdents
 0001:00008510       BooleanToCharW
 0002:00003BC0       BooleanToStringRule
 0001:00028E00       BooleanValue
 0001:00065228       BoolToStr
 0001:0006C19C       BoolToWStrViaOS
 0002:00004028       BorderStyles
 0001:0002605C       Bottom
 0001:000062B8       Bounds
 0001:0006FA0C       Bounds
 0002:00004488       Breaks
 0001:00006D28       BringWindowToTop
 0002:00006B74       BrushManager
 0002:00002EC0       BugReportHtml
 0001:00017888       BuildBitLengthTree
 0001:00019210       BuildHuffmanTables
 0001:000A4DB0       BuildImage
 0001:000171F8       BuildTree
 0002:00004294       ButtonCaptions
 0002:00004268       ButtonNames
 0001:000B6294       Buttons
 0002:00004504       Buttons
 0002:000040CC       ButtonStyles
 0001:0007B0A8       BytesPerScanline
 0001:0007B40C       ByteSwapColors
 0001:00068F5C       ByteToCharIndex
 0001:00068F34       ByteToCharLen
 0001:00068EF8       ByteType
 0001:00068E80       ByteTypeTest
 0002:00000A38       C3dNowLabels
 0002:00006DA4       CachedComCtrlVer
 0002:00003890       CAdminSia
 0001:0005FAE8       CalcCheckSum
 0001:00014900       CalcCodeBegin
 0001:0001BB44       CalcCryptPassword
 0001:00077938       CalcJmpOffset
 0001:00011F24       CalcMSize
 0001:0009C448       CalcSplitterPos
 0001:000279BC       CalculateArea
 0001:00027AD0       CalculateRegion
 0001:0002ED84       CalibrateCode
 0002:00002EB8       CalibrateData
 0002:0000390C       CalibrateLeakCheckingProc
 0001:0005FF58       CalibrateModule
 0001:00060100       CalibrateModules
 0001:00006D30       CallNextHookEx
 0001:00069C70       CallTerminateProcs
 0001:0005DF24       CallThreadProcSafe
 0001:00006D38       CallWindowProc
 0001:00006D40       CallWindowProcA
 0001:00006D48       CallWindowProcW
 0001:00090108       CancelDrag
 0002:00006B78       CanvasList
 0002:00006D6C       CanvasList
 0002:00004254       Captions
 0002:00004384       CaptureControl
 0002:00004428       cBooleanToItemAutoFlag
 0002:0000381C       CBoundary
 0002:00000A30       Ccc
 0002:00003764       CDfmHeader
 0002:00000C3C       CEmptyFunctionInfo
 0002:000037FC       CEncodeMailto
 0002:000037DC       CEncodeSmtp
 0002:0000043C       CErrorStr_InvalidCode
 0002:00002F74       CEveryoneSia
 0002:00006CF6       CF_COMPONENT
 0002:00006CF4       CF_PICTURE
 0002:00002F10       CGIApp_TCGIApplication_CGIHandleException
 0002:00006AAC       ChangeAnyProc
 0001:0008E66C       ChangeBiDiModeAlignment
 0002:00004050       CharCases
 0002:00004080       CharCases
 0001:00003E7C       CharFromWChar
 0001:00069140       CharLength
 0001:00006D50       CharLowerBuff
 0001:00006D58       CharNext
 0001:0000027C       CharNext
 0001:0007992C       CharsetToIdent
 0001:00069048       CharToByteIndex
 0001:000690AC       CharToByteLen
 0001:00006D60       CharToOemA
 0001:00006D68       CharUpperBuff
 0001:00013F70       CheckAddTarget
 0001:00031804       CheckAutoBtn
 0001:00054014       CheckAutoSave
 0001:000542C0       CheckAutoStuff
 0001:0007BEC0       CheckBool
 0001:0004C368       CheckColDec
 0001:0001693C       CheckDstMap
 0001:00018504       CheckDstMap
 0001:00037B14       CheckEMailAddress
 0001:00032610       CheckExceptAddr
 0001:00032488       CheckExceptParams
 0001:0005FB44       CheckFileCrc
 0001:0005C064       CheckFilters
 0001:00021C90       CheckFunctionAreas
 0001:00012FA4       CheckFunctionName
 0001:000032A0       CheckJmp
 0001:00006D70       CheckMenuItem
 0001:00010A24       CheckPrefix
 0002:00000414       CheckProcAddress
 0001:000116BC       CheckRegState
 0001:0005F934       CheckRestart
 0002:00004478       Checks
 0001:0001674C       CheckSrcMap
 0001:000182DC       CheckSrcMap
 0001:00013178       CheckStringData
 0001:00074314       CheckSubComponents
 0001:000766F8       CheckSynchronize
 0001:00011408       CheckTarget
 0001:000A8228       CheckTaskWindow
 0001:00016440       CheckTryRead
 0001:0008FDBC       CheckUndock
 0001:00068D74       CheckWin32Version
 0001:00043374       ChooseAuthScheme
 0002:00003BC4       CInvalidCustomVariantType
 0002:0000442C       cItemAutoFlagToBoolean
 0002:00004424       cItemAutoFlagToMenu
 0002:0000044C       CKernel32
 0002:00000450       CKernelbase
 0001:00077BC4       Classes
 0002:00002F0C       Classes_CheckSynchronize
 0001:000704B8       ClassNotFound
 0002:00006AA8       ClearAnyProc
 0001:000791AC       ClearColor
 0001:00044124       ClearEmail
 0001:00032440       ClearLastException
 0002:0000391C       ClearLeaksProc
 0001:0002F92C       ClearTempPath
 0001:0006D4F4       ClearVariantTypeList
 0001:00006D78       ClientToScreen
 0001:000999E0       ClientToWindow
 0001:0008B340       Clipboard
 0002:00003F64       ClipboardFormats
 0001:0008B42C       Clipbrd
 0001:0006198C       Close
 0001:000379BC       CloseAntiFreeze
 0002:00002E28       CloseAppExitCode
 0001:0004C160       CloseApplication
 0001:0003FC3C       CloseAttachFiles
 0001:000257B4       CloseBmp
 0001:00006D80       CloseClipboard
 0001:0005EAC0       CloseCreateThreadHook
 0001:00037284       CloseFireHandlers
 0001:000064B8       CloseHandle
 0001:0000021C       CloseHandle
 0001:00054B58       CloseHandleExceptionThread
 0001:0005ED18       CloseMessageHooks
 0001:0002EB6C       closesocket
 0002:00006C0C       CloseThemeData
 0002:00002E10       CMadExceptVersionString
 0002:00000438       CMadToolsMsgHandlerWindow
 0002:00002DF8       CMapFileStreamDescriptor
 0002:0000503C       CmdLine
 0002:00005038       CmdShow
 0002:00004420       cMenuAutoFlagToItem
 0002:00002FE4       CMEProperties
 0002:00003820       CMonths
 0001:0006A880       CmpUnimplemented
 0002:00000390       CNetMsg
 0002:00000380       CNetMsg
 0002:00000178       CNtDll
 0002:00002F5C       CNtObjAttr
 0001:00011DD8       CodeToHex
 0001:0002311C       CollectPossibleStackItems
 0001:00026B24       ColorLookup
 0002:00003CE4       Colors
 0001:00079724       ColorToIdent
 0002:000040D4       ColorToPretyName
 0001:00079714       ColorToRGB
 0001:0004F990       ColumnExists
 0001:00006A68       CombineRgn
 0002:0000406C       ComboBoxStyles
 0002:00006DB8       CommandPool
 0001:0002E6CC       CommCtrl
 0001:0002E84C       CommDlg
 0001:000007FC       Commit
 0002:00005624       committedRoot
 0001:000A0D2C       CompareFront
 0001:0004971C       CompareHeaderInfo
 0001:00064C68       CompareMem
 0001:00064C38       CompareStr
 0001:000064C0       CompareString
 0001:00008624       CompareText
 0001:00064C88       CompareText
 0002:00000140       CompareTextW
 0001:00065150       CompareWith
 0001:00055318       CompletePhaseHandlerExists
 0001:0002FB90       CompName
 0001:000743F4       ComponentCreated
 0001:0002432C       ComposeResult
 0001:0001A6B4       Compress
 0001:00025A10       CompressBitmap
 0001:000179E8       CompressBlock
 0001:00017D88       CompressEx
 0001:0007BC80       ComputeAldusChecksum
 0001:0002EB74       connect
 0001:00077F10       Consts
 0001:00036D40       ContainsSyncHandler
 0001:00080D34       Contnrs
 0002:00006D2A       ControlAtom
 0002:00006D30       ControlAtomString
 0001:000ACFDC       ControlHasHelp
 0001:0009D0E4       Controls
 0001:000682D0       ConvertAddr
 0001:000669B0       ConvertEraString
 0001:00064AE0       ConvertErrorFmt
 0001:0002B9B8       ConvertObject
 0001:0002B508       ConvertProperty
 0001:00066B1C       ConvertYearString
 0002:0000045C       COpcodeFlags
 0002:0000065C       COpcodeFlags0f
 0002:0000085C       COpcodeFlagsEx
 0002:00000A3C       COpcodeLabelIndex
 0002:00000B3C       COpcodeLabelIndex0f
 0002:00000A34       COpcodeLabels
 0001:00005014       CopyArray
 0001:0007DE48       CopyBitmap
 0001:0007E510       CopyBitmapAsMask
 0001:000178FC       CopyBlock
 0001:00006A70       CopyEnhMetaFile
 0002:0000186C       CopyExtra
 0001:000064C8       CopyFileA
 0001:000064D0       CopyFileW
 0002:000016FC       CopyLengths
 0002:00001778       CopyLiteralExtra
 0002:000017F4       CopyOffsets
 0001:0007E4AC       CopyPalette
 0001:000083A8       CopyR
 0002:00003FC0       Copyright
 0001:000A3E5C       CopyToBest
 0002:0000039C       COsDescr
 0001:000227FC       CouldBeAfterCall
 0001:00068FB8       CountChars
 0002:00006B54       CounterLock
 0002:00001D54       CPArr
 0002:00003BC8       CRangeToType
 0002:00002ED0       CrashOnOverrun
 0002:00001950       crc32Tab
 0002:00000454       CReadProcessMemory
 0001:000687C8       CreateAssertException
 0001:0002E330       CreateAssistant
 0001:00068950       CreateAVObject
 0001:0005D4CC       CreateAVStr
 0001:00006A78       CreateBitmap
 0001:000256F8       CreateBmp
 0001:00006A80       CreateBrushIndirect
 0001:00051948       CreateButton
 0001:00006A88       CreateCompatibleBitmap
 0001:00006A90       CreateCompatibleDC
 0001:00074474       CreateComponent
 0001:00006A98       CreateDC
 0001:00006AA8       CreateDIBitmap
 0001:00006AA0       CreateDIBSection
 0001:000064D8       CreateDirectoryA
 0001:000064E0       CreateDirectoryW
 0001:000064E8       CreateEvent
 0001:000064F0       CreateEventA
 0001:000064F8       CreateFile
 0001:00000224       CreateFileA
 0001:00006500       CreateFileA
 0001:00006510       CreateFileMapping
 0001:00006518       CreateFileMappingA
 0001:00006520       CreateFileMappingW
 0001:00006508       CreateFileW
 0001:00006AB0       CreateFont
 0001:00006AB8       CreateFontA
 0001:00006AC0       CreateFontIndirect
 0001:00006AC8       CreateHalftonePalette
 0001:00006D88       CreateIcon
 0001:000686F4       CreateInOutError
 0001:000504C8       CreateListView
 0001:0002D5BC       CreateMainButton
 0001:0002D1F4       CreateMainWindow
 0001:00006D90       CreateMenu
 0001:00006530       CreateMutex
 0001:00006558       CreateMutexA
 0001:00006AD0       CreatePalette
 0001:00006AD8       CreatePen
 0001:00006AE0       CreatePenIndirect
 0001:00006578       CreatePipe
 0001:00025B98       CreatePng
 0001:00006D98       CreatePopupMenu
 0001:00006580       CreateProcessA
 0001:00006588       CreateProcessW
 0001:00006AE8       CreateRectRgnIndirect
 0002:000068FC       CreateRemoteThreadExNext
 0002:000038E0       CreateRemoteThreadHookAbsPos
 0002:000038E4       CreateRemoteThreadHookAbsRestore
 0002:000038D8       CreateRemoteThreadHookRelPos
 0002:000038DC       CreateRemoteThreadHookRelRestore
 0002:000068F8       CreateRemoteThreadNext
 0001:00006AF0       CreateSolidBrush
 0001:0007B464       CreateSystemPalette
 0001:00006590       CreateThread
 0001:00000284       CreateThread
 0002:00003948       CreateToolhelp32Snapshot
 0001:00007534       CreateWindow
 0001:0000758C       CreateWindowA
 0001:0000742C       CreateWindowEx
 0001:00007484       CreateWindowExA
 0001:000074DC       CreateWindowExW
 0001:000075E4       CreateWindowW
 0001:00051848       CreateWindow_
 0002:0000424C       CreationControl
 0002:000042C4       CreationControl
 0002:000009B0       CRegLabels
 0002:00003C30       CRelationshipToBoolean
 0002:00003850       CRes
 0002:00003BAC       CResult
 0002:00000388       CRtlNtStatusToDosError
 0002:00000394       CRtlNtStatusToDosError
 0001:0001AE50       crypt2dwords
 0001:0001B328       cryptBuf
 0002:00001D9C       CSArr
 0002:000039D4       cSimpleBoolStrs
 0002:00002F84       CsVersion
 0002:00002F7C       CSystemSia
 0002:00003BDC       CText
 0002:000040C4       Ctl3DStyles
 0002:000043C0       Ctl3DStyles
 0002:0000561C       curAlloc
 0002:00006920       CurrencyDecimals
 0002:0000691C       CurrencyFormat
 0002:00006918       CurrencyString
 0001:00066844       CurrentYear
 0001:000663D0       CurrToStr
 0001:0006C12C       CurrToWStrViaOS
 0002:000045A0       CursorMap
 0002:000042D4       Cursors
 0001:0008E98C       CursorToIdent
 0002:00004590       cUseAlpha
 0002:00004598       cUseColorKey
 0002:00002E6C       CustomizeSimpleMsgBox
 0001:00026684       Cut
 0001:0004F25C       CutInPieces
 0002:000037B4       CValidChars
 0001:00064EC4       CvtInt
 0001:00064F30       CvtInt64
 0002:00000398       CWinErrNr
 0002:0000038C       CWinErrNr
 0002:00000384       CWinHttp
 0002:00003A14       CWNear
 0002:00000458       CWriteProcessMemory
 0001:000B28A4       DataTypeToRegData
 0002:00006921       DateSeparator
 0001:00067458       DateTimeToStr
 0001:000673FC       DateTimeToString
 0001:00066490       DateTimeToTimeStamp
 0001:0006C164       DateToWStrViaOS
 0001:0006681C       DayOfWeek
 0002:00003A10       DCon10
 0001:00027C88       DcToBmp
 0002:00003CE0       DDBsOnly
 0001:00077AE8       DeallocateHWnd
 0002:00000028       DebugHook
 0001:00028ED0       DecCol
 0001:0004C3C0       DecCol
 0002:0000691F       DecimalSeparator
 0001:0001B884       Decode
 0001:0001B744       Decode
 0002:00001D50       DecodeA
 0001:000667FC       DecodeDate
 0001:000666AC       DecodeDateFully
 0001:0001E2D0       DecodeNameString
 0001:00066544       DecodeTime
 0001:0000AD10       DecodeUtf8
 0001:000008BC       Decommit
 0001:00000FE8       DecommitFree
 0002:000055F8       decommittedRoot
 0001:0001B4F4       Decrypt
 0001:00042680       DecryptPassword
 0001:0000ABEC       DecryptStr
 0001:0000A400       DecSepW
 0001:000B0374       Default
 0001:000AAC5C       Default
 0002:00000020       Default8087CW
 0002:00004634       DefaultBlank
 0001:00052FFC       DefaultBugReportHtml
 0002:000042C8       DefaultDockTreeClass
 0002:00000034       DefaultTextLineBreakStyle
 0002:000055BC       DefaultUserCodePage
 0002:00003F34       DefBrushData
 0002:00003CB4       DefFontData
 0001:00006DA0       DefFrameProc
 0002:00003AA0       DefLongDayNames
 0002:00003A54       DefLongMonthNames
 0001:00006DA8       DefMDIChildProc
 0002:00003F14       DefPenData
 0002:00003A84       DefShortDayNames
 0002:00003A24       DefShortMonthNames
 0001:00006DB0       DefWindowProc
 0001:00006DB8       DefWindowProcA
 0001:00006DC0       DefWindowProcW
 0001:0004CEB0       DefWindowProcX
 0001:000053AC       DelayLoadResourceModule
 0001:000004D8       DeleteBlock
 0001:00006598       DeleteCriticalSection
 0001:000003E8       DeleteCriticalSection
 0001:00006AF8       DeleteDC
 0001:00006B00       DeleteEnhMetaFile
 0001:000065A0       DeleteFileA
 0001:000065A8       DeleteFileW
 0001:00000DD0       DeleteFree
 0001:0002264C       DeleteLink
 0001:00006DC8       DeleteMenu
 0001:00006B08       DeleteObject
 0001:00089004       DeleteSelectedText
 0001:0000EA38       DelMsgHandler
 0001:0000E81C       DelMsgHandler_
 0002:0000393C       DelphiAlignment
 0002:00002ECC       DelphiDebugMm
 0001:000339AC       DereferenceMeSettingsBuf
 0001:00033F38       DereferenceMeSettingsModule
 0001:0007DA04       DeselectBitmap
 0001:00006DD0       DestroyCursor
 0001:00006DD8       DestroyIcon
 0001:000B61C4       DestroyLocals
 0001:00006DE0       DestroyMenu
 0001:00006DE8       DestroyWindow
 0002:00002E24       DetectConsole
 0001:0008C080       DialogEnumerationTester
 0001:0008ADA0       Dialogs
 0002:00003F70       DIBPalSizes
 0002:00000090       dig
 0001:000A8064       DisableTaskWindows
 0002:00002EC4       DisAsmFunc
 0001:00011FE8       DisAsmModRm
 0001:00006DF0       DispatchMessage
 0002:00002DFC       DispatchMessageA
 0001:000AE2BC       DispatchShortCut
 0002:00005000       DispCallByIDProc
 0002:00001184       DistanceCode
 0001:00064AC4       DivMod
 0001:0008A768       Dlgs
 0001:000AF5EC       DoAlign
 0001:000945E4       DoAlign
 0001:000986A0       DoCalcConstraints
 0002:00006D60       DockSiteList
 0001:000A4A7C       DoClick
 0001:00095D30       DoControlMsg
 0001:000A8014       DoDisableWindow
 0001:0008F6DC       DoDragOver
 0001:00054134       DoExceptionAutoStuff
 0001:00064B24       DoExitProc
 0001:0009A6F8       DoFindControlZone
 0001:000A8168       DoFindWindow
 0001:0009AC84       DoFindZone
 0001:00036E48       DoFireHandlers
 0001:0009A77C       DoForEach
 0001:0009C0AC       DoGetNextLimit
 0001:00015498       DoItAll
 0001:000A7FDC       DoneApplication
 0001:0009CE0C       DoneControls
 0001:00068C84       DoneExceptions
 0001:000AC638       DoNestedActivation
 0001:000766B8       DoneThreadSynchronization
 0002:00002E88       DontAddDots
 0002:00002EAC       DontBase64HttpUpload
 0002:00002E80       DontPrettifyExceptMsg
 0002:00002E54       DontReformatExcMsg
 0001:000B1690       DoOnHelp
 0001:000941A4       DoPosition
 0001:000AF43C       DoPosition
 0001:0009B6D4       DoPrune
 0001:0009BBAC       DoSaveZone
 0001:0009BDB0       DoSetNewBounds
 0002:00003C4C       DotSep
 0001:0007C118       DoWrite
 0001:0009F364       DoWrite
 0001:0007CB50       DoWrite
 0001:000718B4       DoWrite
 0001:00095318       DoWriteDesignSize
 0001:00092D78       DoWriteIsControl
 0002:00006D44       DragCapture
 0002:00006D38       DragControl
 0001:0008FE30       DragDone
 0001:0008F684       DragFindTarget
 0001:0008F658       DragFindWindow
 0002:00006D5C       DragImageList
 0001:0008FA88       DragInit
 0001:0008FBF8       DragInitControl
 0002:00006D40       DragInternalObject
 0001:0008F5A0       DragMessage
 0002:00006D3C       DragObject
 0002:00006D68       DragSave
 0002:00006D50       DragSaveCursor
 0002:00006D48       DragStartPos
 0002:00006D54       DragThreshold
 0001:0008F7B8       DragTo
 0001:000B03B0       DrawAppIcon
 0001:0009B240       DrawCloseButton
 0001:00027B64       DrawCursorOnDC
 0001:00006DF8       DrawEdge
 0001:00006E00       DrawFocusRect
 0001:00006E08       DrawFrameControl
 0001:0009B298       DrawGrabberLine
 0001:0000BA28       DrawGraphic
 0001:00006E10       DrawIcon
 0001:00006E18       DrawIconEx
 0002:000043FC       DrawingStyles
 0001:0004C7B0       DrawLine
 0001:00006E20       DrawMenuBar
 0001:000A5DEC       DrawMenuItem
 0001:00006E28       DrawText
 0001:00006E30       DrawTextA
 0001:00006E38       DrawTextW
 0002:00006C10       DrawThemeBackground
 0002:00006C34       DrawThemeEdge
 0002:00006C38       DrawThemeIcon
 0002:00006CBC       DrawThemeParentBackground
 0002:00006C14       DrawThemeText
 0002:00002E30       DumbStackTrace
 0001:0007AF28       DupBits
 0001:000065B0       DuplicateHandle
 0001:0000502C       DynArrayClear
 0001:00005034       DynArraySetLength
 0001:0005D038       Ebp
 0002:000044E8       EdgeStyle
 0002:000043B0       EdgeStyles
 0002:000040B4       EdgeStyles
 0001:00054E64       EExternalException.Create
 0001:000686C8       EHeapException.FreeInstance
 0001:00006E40       EmptyClipboard
 0002:00006A94       EmptyParam
 0002:00003958       EmptyStr
 0002:0000395C       EmptyWideStr
 0001:00006E48       EnableMenuItem
 0002:00002E90       EnableRedirection
 0002:00004480       Enables
 0001:00006E50       EnableScrollBar
 0001:000A8118       EnableTaskWindows
 0002:00006CA4       EnableThemeDialogTexture
 0002:00006CC0       EnableTheming
 0001:00006E58       EnableWindow
 0001:0001B728       Encode
 0001:0001B5F8       Encode
 0001:0003E6F8       EncodeStr
 0001:0000AF0C       EncodeUtf8
 0001:00006B10       EndDoc
 0001:00070AD4       EndGlobalLoading
 0001:00006B18       EndPage
 0001:00006E60       EndPaint
 0001:00016408       EndTryRead
 0001:000065B8       EnterCriticalSection
 0001:000003D8       EnterCriticalSection
 0001:000336C4       EnterSettingsMutex
 0001:000065C0       EnumCalendarInfoA
 0001:00006E68       EnumClipboardFormats
 0002:00006BA4       EnumDisplayMonitors
 0001:00067F44       EnumEraNames
 0001:00067F80       EnumEraYearOffsets
 0001:000AB220       EnumMonitorsProc
 0001:00062F94       EnumProcesses9x
 0001:000630E0       EnumProcessesNt
 0001:00006E70       EnumThreadWindows
 0001:00073C28       EnumValue
 0001:00006E78       EnumWindows
 0001:00006E80       EqualRect
 0002:000069E8       EraNames
 0001:000676D0       EraToYear
 0002:00006A04       EraYearOffsets
 0002:00000068       errCaption
 0001:000A0A7C       Error
 0001:000733E0       Error
 0001:00001C58       Error
 0001:0007005C       Error
 0002:00000004       ErrorAddr
 0001:00001C0C       ErrorAt
 0001:0000A4A8       ErrorCodeToStr
 0002:00000108       ErrorCodeToStrA
 0001:0000A9C0       ErrorCodeToStrW
 0001:00068774       ErrorHandler
 0002:00003ABC       ErrorMap
 0002:00005008       ErrorProc
 0002:000053E4       ErrOutput
 0001:0005D030       Esp
 0001:00023B14       EvaluateLinks
 0001:00001B84       ExceptAddr
 0002:0000500C       ExceptClsProc
 0002:000038FC       ExceptDllInitDone
 0001:00068BF0       ExceptHandler
 0002:00006840       ExceptHandlers
 0002:00006844       ExceptHandlersOO
 0001:0006853C       Exception.Create
 0001:00068578       Exception.CreateFmt
 0001:000685F8       Exception.CreateRes
 0001:00068634       Exception.CreateResFmt
 0002:00002EA8       ExceptionBoxHeight
 0002:00002EA4       ExceptionBoxWidth
 0002:0000501C       ExceptionClass
 0001:000682DC       ExceptionErrorMessage
 0002:0000389C       exceptionNumber
 0002:00003AF4       ExceptMap
 0001:00001B64       ExceptObject
 0002:00005010       ExceptObjProc
 0002:00005004       ExceptProc
 0001:00006B20       ExcludeClipRect
 0002:00000000       ExitCode
 0001:00003B0C       ExitDll
 0002:00005044       ExitProc
 0001:0000028C       ExitProcess
 0001:000065C8       ExitProcess
 0002:00005024       ExitProcessProc
 0002:000039D0       ExitProcList
 0001:000065D0       ExitThread
 0001:000065D8       ExpandEnvironmentStringsA
 0001:000065E0       ExpandEnvironmentStringsW
 0001:00065498       ExpandFileName
 0001:00031B98       ExpandVars
 0001:0000EC00       ExportToFunc
 0001:0008A708       ExtCtrls
 0002:0000165C       ExtraBitLengthBits
 0001:0004925C       ExtractBugReportHeaderField
 0001:00049384       ExtractBugReportSection
 0001:0000CE48       ExtractFileDriveA
 0001:0000B1A8       ExtractFileDriveW
 0001:00065450       ExtractFileExt
 0001:0000B298       ExtractFileExtW
 0001:00065418       ExtractFileName
 0001:0000B120       ExtractFileNameW
 0001:0000B160       ExtractFilePathW
 0001:00047720       ExtractProjects
 0001:00043874       ExtractResult
 0001:00043918       ExtractXml2
 0002:000015E4       ExtraDistanceBits
 0002:00001570       ExtraLengthBits
 0001:00006B28       ExtTextOut
 0002:00006A24       FalseBoolStrs
 0002:00000C88       FastPageExecute
 0002:00006CFC       FClipboard
 0002:00003A04       FCon1E18
 0002:0000037C       FDecSepW
 0001:00065388       FileClose
 0001:000652CC       FileCreate
 0001:000652F0       FileCreate
 0001:000B62EC       FileCtrl
 0002:00003F68       FileFormats
 0002:00000008       FileMode
 0001:00002074       FileNOPProc
 0001:00065274       FileOpen
 0001:000652F8       FileRead
 0002:00003C78       FilerSignature
 0001:00065350       FileSeek
 0001:000065E8       FileTimeToDosDateTime
 0001:000065F0       FileTimeToLocalFileTime
 0001:000065F8       FileTimeToSystemTime
 0001:0000DA48       FileVersionToStr
 0002:00000408       FileVersionToStrA
 0001:0000DB3C       FileVersionToStrW
 0001:00065324       FileWrite
 0001:00000F08       FillAfterGap
 0001:00000EA8       FillBeforeGap
 0001:00032384       FillClipboard
 0001:00045A98       FillDoubleLists
 0001:00000FA8       FillerSizeAfterGap
 0001:00000F30       FillerSizeBeforeGap
 0001:00024040       FillFinalOutput
 0001:00045C50       FillList
 0001:000472FC       FillMultiLists
 0001:00033AF0       FillProps
 0001:00029150       FillRect
 0001:00006E88       FillRect
 0001:00029108       FillRect
 0001:00009290       FillStr
 0001:000092D8       FillStr
 0002:000000F8       FillStrA
 0002:0000015C       FillStrW
 0001:000236E8       FillUpLink
 0001:00016C38       FillWindow
 0001:0009E3AC       Finalization
 0001:0009FADC       Finalization
 0001:00016630       Finalization
 0001:0006D940       Finalization
 0001:0006DB5C       Finalization
 0001:0002E554       Finalization
 0001:00082500       Finalization
 0001:0008A0A0       Finalization
 0001:0006E340       Finalization
 0001:000B74B4       Finalization
 0001:000B747C       Finalization
 0001:000B62BC       Finalization
 0001:000B625C       Finalization
 0001:000B618C       Finalization
 0001:000B37E4       Finalization
 0001:000B2DA0       Finalization
 0001:000B274C       Finalization
 0001:0001ADEC       Finalization
 0001:00082538       Finalization
 0001:000B2694       Finalization
 0001:0000FC04       Finalization
 0001:0002E794       Finalization
 0001:0008285C       Finalization
 0001:0001B8A0       Finalization
 0001:00077EE0       Finalization
 0001:00077B14       Finalization
 0001:00083DE4       Finalization
 0001:00082A08       Finalization
 0001:0008338C       Finalization
 0001:00061B3C       Finalization
 0001:00061DB8       Finalization
 0001:0008B50C       Finalization
 0001:0008B674       Finalization
 0001:0008C2F8       Finalization
 0001:0000794C       Finalization
 0001:00063E70       Finalization
 0001:0000B2D8       Finalization
 0001:00007734       Finalization
 0001:000638CC       Finalization
 0001:0000B360       Finalization
 0001:00021168       Finalization
 0001:0000C56C       Finalization
 0001:0002806C       Finalization
 0001:00062C9C       Finalization
 0001:000062D4       Finalization
 0001:0006AFE0       Finalization
 0001:0002E598       Finalization
 0001:000824B8       Finalization
 0001:0009D07C       Finalization
 0001:0000625C       Finalization
 0001:0002E69C       Finalization
 0001:0002EBEC       Finalization
 0001:000814D0       Finalization
 0001:0002E6EC       Finalization
 0001:0008A6C0       Finalization
 0001:0006A618       Finalization
 0001:00080850       Finalization
 0001:00081490       Finalization
 0001:00080A30       Finalization
 0001:0002E724       Finalization
 0001:00006014       Finalization
 0001:0008A738       Finalization
 0001:00080D04       Finalization
 0001:0008B3F0       Finalization
 0001:0002EB2C       Finalization
 0001:0002E81C       Finalization
 0001:0002E75C       Finalization
 0001:00025524       Finalization
 0001:0002E7CC       Finalization
 0001:0008AD44       Finalization
 0001:000A60CC       Finalization
 0001:00005024       FinalizeArray
 0001:00003920       FinalizeUnits
 0001:0005D3B8       FinalizeUnitsCrash
 0001:0000EA44       FinalMsgHandler
 0001:000A483C       Find
 0001:000601E8       FindActiveErrorSearchBpls
 0001:0002269C       FindAndDeleteLink
 0001:00023684       FindApprovedDownLink
 0001:0005FDD8       FindBpl
 0001:0000543C       FindBS
 0001:00070578       FindClass
 0001:0005BF98       FindClass
 0001:000053A4       FindClassHInstance
 0001:0000029C       FindClose
 0001:00006600       FindClose
 0001:00021D00       FindCodeAddrAndTarget
 0001:00014FE4       FindCodeArea
 0001:000149A0       FindCodeArea
 0001:0004E3B4       FindColumns
 0001:00000E64       FindCommitted
 0001:0008E76C       FindControl
 0001:0009AEB0       FindControlAtPos
 0001:0006D798       FindCustomVariantType
 0001:0006D850       FindCustomVariantType
 0001:00090154       FindDragTarget
 0001:00074624       FindExistingComponent
 0001:000002A4       FindFirstFile
 0001:00006608       FindFirstFileA
 0001:00006610       FindFirstFileW
 0001:00070964       FindGlobalComponent
 0001:000A8274       FindGlobalComponent
 0002:00006AF4       FindGlobalComponentProcs
 0001:0000537C       FindHInstance
 0001:0007080C       FindIdentToInt
 0001:0002C06C       FindImagePos
 0001:0004E2C4       FindLines
 0001:00020B94       FindMapFile
 0001:0001FC14       FindMapFile
 0001:00033640       FindMEProperty
 0001:0003C200       FindMeSettings
 0001:0000EA5C       FindModule
 0002:00000410       FindModuleA
 0002:00006CF0       FindMsg
 0001:000228A4       FindNearestExport
 0001:000737A0       FindNestedComponent
 0001:00006618       FindNextFileA
 0001:00006620       FindNextFileW
 0001:0002682C       FindOptimalPalette
 0001:000A0A44       FindPopupControl
 0001:0006AC9C       FindProc
 0001:00011E18       FindProcName
 0001:00006628       FindResource
 0001:00006630       FindResourceA
 0001:000053F4       FindResourceHInstance
 0001:00006638       FindResourceW
 0001:000B1EC4       FindScanline
 0001:000A81CC       FindTopMostWindow
 0001:0007551C       FindUniqueName
 0001:000233D8       FindValidStackArr
 0001:00090120       FindVCLWindow
 0001:00006E90       FindWindow
 0001:00006E98       FindWindowA
 0001:0008C0D8       FindWinHelp
 0001:00036404       FireHandlers
 0002:00003778       FireHandlersMsg
 0002:00003774       FireHandlersWnd
 0002:000016F8       FixedBuild
 0002:000067C4       FixedDistanceBits
 0002:000067CC       FixedDistanceTable
 0002:000067C0       FixedLiteralBits
 0002:000067C8       FixedLiteralTable
 0002:000056C0       FixedTablesMemory
 0001:0007DDFC       FixupBitFields
 0002:000044F8       Flags
 0002:00006A34       FLanguages
 0001:0008288C       FlatSB
 0002:00006BD0       FlatSB_EnableScrollBar
 0002:00006BDC       FlatSB_GetScrollInfo
 0002:00006BE0       FlatSB_GetScrollPos
 0002:00006BD8       FlatSB_GetScrollRange
 0002:00006BE8       FlatSB_SetScrollInfo
 0002:00006BE4       FlatSB_SetScrollPos
 0001:0008257C       FlatSB_SetScrollProp
 0002:00006BEC       FlatSB_SetScrollRange
 0002:00006BD4       FlatSB_ShowScrollBar
 0001:00066060       FloatToDecimal
 0001:000663A0       FloatToStr
 0001:00065D8C       FloatToText
 0001:00002340       Flush
 0001:00017C70       FlushBlockOnly
 0001:0001689C       FlushDstFile
 0001:00018430       FlushDstFile
 0001:00006640       FlushInstructionCache
 0001:00016E10       FlushPending
 0002:00000C7C       FMagic
 0002:00000C80       FMagic95
 0002:00000C84       FMagicReady
 0002:00003A18       FMSecsPerDay
 0001:00065C80       FmtStr
 0002:00002EE4       FMX_TApplication_HandleException
 0002:00002EE8       FMX_TApplication_ShowException
 0002:00004514       FocusCount
 0002:00004510       FocusMessages
 0002:00002E74       FollowRedirect
 0002:00003E84       FontCharsets
 0002:00006B6C       FontManager
 0001:00049480       ForceDir
 0002:00002E4C       ForceUtf8
 0001:000A8248       ForegroundTask
 0002:00003A20       Format
 0001:00065C6C       Format
 0001:0006585C       FormatBuf
 0001:00065850       FormatClearStr
 0001:000657D4       FormatError
 0002:000039FC       FormatErrorStrs
 0001:00032310       FormatExceptMessage
 0001:0003D568       FormatMailAddr
 0001:00006648       FormatMessage
 0001:00006650       FormatMessageA
 0001:00006658       FormatMessageW
 0001:00009F0C       FormatSubStrs
 0002:00000164       FormatSubStrsW
 0001:0006582C       FormatVarToStr
 0001:000B26F0       Forms
 0002:00002ED4       Forms_TApplication_HandleException
 0002:00002ED8       Forms_TApplication_ShowException
 0001:0003E6EC       FourBitToHex
 0001:000029B0       FPower10
 0002:00003FB8       FPrinter
 0001:00006EA0       FrameRect
 0001:0006A1F8       FreeAndNil
 0001:00000B64       FreeCommitted
 0001:0002761C       FreeContributorList
 0001:0000119C       FreeCurAlloc
 0001:00090214       FreeDeviceContext
 0001:000902D0       FreeDeviceContexts
 0001:00032404       FreeInnerException
 0001:000778A4       FreeIntConstList
 0001:000002AC       FreeLibrary
 0001:00006660       FreeLibrary
 0002:0000042C       FreeLibrary16
 0001:00005B7C       FreeMemory
 0001:0007D958       FreeMemoryContexts
 0001:000A82F4       FreeObjectInstance
 0001:00077A10       FreeObjectInstance
 0001:00054D20       FreeOutOfMemoryInsurance
 0001:000564E4       FreePatches
 0001:00033EDC       FreeProps
 0001:00006680       FreeResource
 0001:000063E0       FreeSid
 0001:00000734       FreeSpace
 0001:00069C9C       FreeTerminateProcs
 0001:00082A40       FreeThemeLibrary
 0002:000037B0       FreezeTimeout
 0001:00016200       Fs
 0002:000067EC       functionCache
 0002:000067E8       functionCount
 0001:0007AF18       GDICheck
 0001:0007AE70       GDIError
 0001:00006B30       GdiFlush
 0001:0001700C       GenerateBitLengths
 0001:00016EB0       GenerateCodes
 0001:00001F98       Get8087CW
 0001:00055F24       Get9xResourceReport
 0001:00006688       GetACP
 0001:00006EA8       GetActiveWindow
 0001:000561A4       GetAllocatedMemory
 0001:000AFAC8       GetAnimation
 0002:00003900       GetApiVersionProc
 0001:00006B38       GetBitmapBits
 0001:000003F0       GetBlockDesc
 0001:00006B40       GetBrushOrgEx
 0001:0005ED84       GetBugReport
 0001:00006EB0       GetCapture
 0001:0008EA34       GetCaptureControl
 0001:00070524       GetClass
 0001:00006EB8       GetClassInfo
 0001:00006EC0       GetClassName
 0001:00006EC8       GetClassNameA
 0001:00058E64       GetCleartextDisAsm
 0001:00006ED0       GetClientRect
 0001:00006ED8       GetClipboardData
 0001:0007C64C       GetClipboardFormats
 0001:00006B48       GetClipBox
 0001:0000038C       GetCmdShow
 0001:0009E57C       GetColor
 0001:000002B4       GetCommandLine
 0001:00006698       GetCommandLineA
 0001:000066A0       GetCommandLineW
 0001:00000978       GetCommitted
 0001:00000A20       GetCommittedAt
 0001:000066A8       GetComputerNameA
 0001:000066B0       GetComputerNameW
 0001:000272D8       GetContributorList
 0001:000958E4       GetControlAtPos
 0001:00066908       GetCount
 0001:00006690       GetCPInfo
 0001:00055C94       GetCpuCount
 0001:00055BB0       GetCpuName
 0001:00058830       GetCpuRegisters
 0001:00065554       GetCurrentDir
 0001:000002BC       GetCurrentDirectory
 0001:000066B8       GetCurrentDirectoryA
 0001:000066C0       GetCurrentDirectoryW
 0001:00006B50       GetCurrentPositionEx
 0001:000066C8       GetCurrentProcess
 0001:000066D0       GetCurrentProcessId
 0002:00006CB4       GetCurrentThemeName
 0001:000066D8       GetCurrentThread
 0001:000066E0       GetCurrentThreadId
 0001:0000037C       GetCurrentThreadId
 0001:00007378       GetCurrentTime
 0001:00006EE0       GetCursor
 0001:000B1ED4       GetCursorHeightMargin
 0001:00006EE8       GetCursorPos
 0001:00066938       GetDate
 0001:000066E8       GetDateFormat
 0001:000675E8       GetDateOrder
 0001:000415A8       GetDateTimeStr
 0001:00006EF0       GetDC
 0001:00006EF8       GetDCEx
 0001:00006B58       GetDCOrgEx
 0001:00080458       GetDefFontCharSet
 0001:00006F00       GetDesktopWindow
 0001:00006B70       GetDeviceCaps
 0001:00062558       GetDeviceInfo
 0001:0007BEA8       GetDIB
 0001:00006B60       GetDIBColorTable
 0001:00006B68       GetDIBits
 0001:0007BDF0       GetDIBSizes
 0001:0007B088       GetDInColors
 0001:000066F0       GetDiskFreeSpaceA
 0002:000039CC       GetDiskFreeSpaceEx
 0001:00056934       GetDiskStr
 0001:00055FE0       GetDisplayModeString
 0001:0003EC94       GetDnsIps
 0001:0009C18C       GetDockAlign
 0001:0008F3E4       GetDockSiteAtPos
 0001:0008F718       GetDropCtl
 0001:00003048       GetDynaMethod
 0001:00024DC8       GetEbp
 0001:00006B78       GetEnhMetaFileBits
 0001:00006B80       GetEnhMetaFileHeader
 0001:00006B88       GetEnhMetaFilePaletteEntries
 0001:0006DBCC       GetEnumNameValue
 0001:0006DC18       GetEnumValue
 0001:00067FF8       GetEraNamesAndYearOffsets
 0001:0006767C       GetEraYearOffset
 0001:0005BF80       GetExceptBoxHandle
 0001:0005BEBC       GetExceptBoxHandle_EnumWindowsProc
 0001:00032108       GetExceptClass_
 0001:00068938       GetExceptionClass
 0001:00068B24       GetExceptionObject
 0001:0000FB70       GetExceptionObject
 0001:00032198       GetExceptMessage_
 0001:000704AC       GetFieldClassTable
 0001:000066F8       GetFileAttributesA
 0001:00006700       GetFileAttributesW
 0001:00006708       GetFileSize
 0001:00000234       GetFileSize
 0001:0001F630       GetFileTime
 0001:00006710       GetFileTime
 0001:000380E4       GetFileTime
 0001:0000022C       GetFileType
 0001:00068D94       GetFileVersion
 0001:00006A18       GetFileVersionInfo
 0001:00006A20       GetFileVersionInfoA
 0001:00006A30       GetFileVersionInfoSize
 0001:00006A38       GetFileVersionInfoSizeA
 0001:00006A40       GetFileVersionInfoSizeW
 0001:00006A28       GetFileVersionInfoW
 0001:0000DC34       GetFileVersionStr
 0001:0000DE44       GetFileVersionStr
 0002:00000404       GetFileVersionStrA
 0002:0000040C       GetFileVersionStrW
 0001:00006F08       GetFocus
 0001:00028FCC       GetFont
 0001:0007994C       GetFontData
 0001:00006F10       GetForegroundWindow
 0001:00069710       GetFormatSettings
 0001:0000CD30       GetFreeSystemResources
 0001:00006718       GetFullPathName
 0001:00021684       GetFunctionName
 0001:00026BE4       GetGrayPal
 0002:00003954       GetGuiResources
 0001:0000FDEC       GetHalt0Addr
 0001:0000FDCC       GetHandleAnyExceptionAddr
 0001:0000FDDC       GetHandleAutoExceptionAddr
 0001:0000FDE4       GetHandleFinallyAddr
 0001:0000FDD4       GetHandleOnExceptionAddr
 0001:000629E8       GetHardwareList
 0001:00062124       GetHardwareList9x
 0001:000625F0       GetHardwareListNt
 0001:00078E94       GetHashCode
 0001:000AD014       GetHelpInfo
 0001:00081950       GetHelpSystem
 0001:000AF8AC       GetHint
 0001:000AF8E4       GetHintControl
 0001:0002EBCC       gethostbyname
 0001:000A5F6C       GetHotkey
 0001:00006F18       GetIconInfo
 0001:0000EBC4       GetImageDataDirectory
 0001:0000EBF8       GetImageExportDirectory
 0001:0000EB64       GetImageNtHeaders
 0001:0000EE2C       GetImageProcAddress
 0001:0000F070       GetImageProcAddress
 0001:0000F0C4       GetImageProcName
 0001:0000F238       GetImageProcNameW
 0001:00006F30       GetKeyboardLayout
 0001:00006F38       GetKeyboardLayoutList
 0001:00006F40       GetKeyboardState
 0001:00002C9C       GetKeyboardType
 0001:00006F20       GetKeyNameText
 0001:00006F28       GetKeyState
 0001:00012530       GetLabel
 0001:0003F05C       GetLabel
 0001:000561C8       GetLargestFreeBlock
 0001:00006F48       GetLastActivePopup
 0001:0009A42C       GetLastChildZone
 0001:000002C4       GetLastError
 0001:00006720       GetLastError
 0002:00003918       GetLeakCallstackProc
 0002:00003914       GetLeakReportProc
 0001:00021100       GetLineNumber
 0002:00000444       GetLineNumber
 0001:00067DBC       GetLocaleChar
 0001:000002CC       GetLocaleInfo
 0001:00006730       GetLocaleInfo
 0001:00006738       GetLocaleInfoA
 0001:00006740       GetLocaleInfoW
 0001:00067D70       GetLocaleStr
 0001:00006728       GetLocalTime
 0001:0000D750       GetLongFileName
 0001:0000D4B8       GetLongFileName
 0002:000003F8       GetLongFileNameA
 0002:00000400       GetLongFileNameW
 0001:0008E9F0       GetLongHint
 0001:0001D54C       GetMapFileFromResources
 0001:00020E74       GetMapFileInfos
 0001:00020D70       GetMapFileInfos2
 0001:00001B48       GetMemoryManager
 0001:00055DC0       GetMemoryStatus
 0001:00006F50       GetMenu
 0001:000ACF9C       GetMenuHelpContext
 0001:00006F58       GetMenuItemCount
 0001:00006F60       GetMenuItemID
 0001:00006F68       GetMenuItemInfo
 0001:000A3088       GetMenuSize
 0001:00006F70       GetMenuState
 0001:00006F78       GetMenuString
 0001:000330F0       GetMeSettingsRes
 0001:00006F80       GetMessage
 0001:00006F88       GetMessageA
 0001:0005EB84       GetMessageCallbackA
 0001:0005EBD0       GetMessageCallbackW
 0001:000416D0       GetMessageId
 0001:00006F90       GetMessageW
 0001:0003FC68       GetMimeType
 0001:00006748       GetModuleFileName
 0001:000002D4       GetModuleFileName
 0001:00006750       GetModuleFileNameA
 0002:00003950       GetModuleFileNameEx
 0001:00006758       GetModuleFileNameW
 0001:000002DC       GetModuleHandle
 0001:0000613C       GetModuleHandle
 0001:00006760       GetModuleHandle
 0001:00006768       GetModuleHandleA
 0001:00006770       GetModuleHandleW
 0001:00030314       GetModuleList
 0001:000639E0       GetModuleList
 0002:00006B98       GetMonitorInfo
 0002:00006B9C       GetMonitorInfoA
 0002:00006BA0       GetMonitorInfoW
 0001:00067E20       GetMonthDayNames
 0001:0001DBF8       GetNextLine
 0001:00006F98       GetNextWindow
 0001:00006B90       GetObject
 0001:0006DCEC       GetOrdProp
 0001:0005597C       GetOsLanguageString
 0001:000558CC       GetOsVersionString
 0001:00006B98       GetPaletteEntries
 0001:00001DB0       GetParamStr
 0001:00006FA0       GetParent
 0001:000A8448       GetParentForm
 0001:00008818       GetPCharLen
 0001:00008A6C       GetPCharLen
 0001:00006BA0       GetPixel
 0001:0002592C       GetPngHeader
 0001:00006778       GetPriorityClass
 0001:00006780       GetProcAddress
 0001:000002E4       GetProcAddress
 0002:00000430       GetProcAddress16
 0001:00063584       GetProcessList
 0001:000560E8       GetProcessMemInfo
 0001:0003007C       GetProcessSid
 0001:00020EA0       GetProcNameFromMapFile
 0002:00000440       GetProcNameFromMapFile
 0001:00055AA0       GetProgramUpTime
 0001:00006FA8       GetProp
 0001:0006DC7C       GetPropInfo
 0001:00033A3C       GetPropStr
 0001:000A8908       GetRealScrollPosition
 0001:0009E55C       GetRGBColor
 0001:00006BA8       GetRgnBox
 0001:0002E804       GetSaveFileNameA
 0001:0002E80C       GetSaveFileNameW
 0001:000381A4       GetScreenShotFile
 0001:00006FB0       GetScrollInfo
 0001:00006FB8       GetScrollPos
 0001:00006FC0       GetScrollRange
 0001:00030038       GetSeconds
 0001:0003F184       GetServers
 0001:0000D1AC       GetShortFileName
 0001:0000CF04       GetShortFileName
 0002:000003FC       GetShortFileNameW
 0001:0008E9AC       GetShortHint
 0001:0000ED30       GetSizeOfImage
 0001:00000658       GetSpace
 0001:000006BC       GetSpaceAt
 0001:00031888       GetSpecialFolderW
 0001:000A0AD4       GetSpecialName
 0001:00022584       GetStackAddr
 0001:00058BC8       GetStackDump
 0001:00022588       GetStackTop
 0001:000002EC       GetStartupInfo
 0001:00006788       GetStdHandle
 0001:0000023C       GetStdHandle
 0001:00006BB0       GetStockObject
 0001:0001E418       GetStr
 0001:00006790       GetStringTypeEx
 0001:00006FC8       GetSubMenu
 0001:00006FD0       GetSysColor
 0001:00006FD8       GetSysColorBrush
 0001:00006798       GetSystemDefaultLangID
 0001:000067A0       GetSystemDirectoryW
 0001:000067A8       GetSystemInfo
 0001:00006FE0       GetSystemMenu
 0002:00006B88       GetSystemMetrics
 0001:00006FE8       GetSystemMetrics
 0001:00006BB8       GetSystemPaletteEntries
 0001:000067B0       GetSystemTime
 0001:00055A48       GetSystemUpTime
 0001:0005047C       GetTabClientRect
 0001:00031160       GetTebIndex
 0001:0002F684       GetTempPath
 0001:000067B8       GetTempPathA
 0001:000067C0       GetTempPathW
 0001:0002904C       GetTextExtent
 0001:00006BC0       GetTextExtentPoint32
 0001:00006BC8       GetTextExtentPoint32A
 0001:00006BD0       GetTextExtentPoint32W
 0001:00006BD8       GetTextFaceA
 0001:00006BE0       GetTextMetrics
 0002:00006CAC       GetThemeAppProperties
 0002:00006C18       GetThemeBackgroundContentRect
 0002:00006C1C       GetThemeBackgroundExtent
 0002:00006C2C       GetThemeBackgroundRegion
 0002:00006C50       GetThemeBool
 0002:00006C44       GetThemeColor
 0002:00006CB8       GetThemeDocumentationProperty
 0002:00006C58       GetThemeEnumValue
 0002:00006C78       GetThemeFilename
 0002:00006C60       GetThemeFont
 0002:00006C54       GetThemeInt
 0002:00006C6C       GetThemeIntList
 0002:00006C68       GetThemeMargins
 0002:00006C48       GetThemeMetric
 0002:00006C20       GetThemePartSize
 0002:00006C5C       GetThemePosition
 0002:00006C70       GetThemePropertyOrigin
 0002:00006C64       GetThemeRect
 0002:00006C4C       GetThemeString
 0002:00006C84       GetThemeSysBool
 0002:00006C7C       GetThemeSysColor
 0002:00006C80       GetThemeSysColorBrush
 0002:00006C8C       GetThemeSysFont
 0002:00006C94       GetThemeSysInt
 0002:00006C88       GetThemeSysSize
 0002:00006C90       GetThemeSysString
 0002:00006C24       GetThemeTextExtent
 0002:00006C28       GetThemeTextMetrics
 0001:000067C8       GetThreadContext
 0001:00059864       GetThreadInfos
 0001:00030D60       GetThreadInfoStr
 0001:0002EF50       GetThreadList
 0001:000002F4       GetThreadLocale
 0001:000067D0       GetThreadLocale
 0001:000067D8       GetThreadPriority
 0001:0005847C       GetThreadReport
 0001:00059A98       GetThreadStack
 0001:000067E0       GetTickCount
 0001:00066970       GetTime
 0001:0003778C       GetTlsPointer
 0001:00006174       GetTlsSize
 0001:000063E8       GetTokenInformation
 0001:000B008C       GetTopMostWindows
 0001:0008EB40       GetTopParent
 0001:00006FF0       GetTopWindow
 0001:00022420       GetTryFinallyExitAddr
 0001:00022434       GetTryFinallyExitRetAddr
 0001:0005558C       GetTSClientName
 0001:0006DBC0       GetTypeData
 0001:000063F0       GetUserNameA
 0001:000063F8       GetUserNameW
 0001:00000384       GetVersion
 0001:000067E8       GetVersion
 0001:000067F0       GetVersionEx
 0001:000067F8       GetVersionExA
 0001:00006800       GetVersionExW
 0001:00006FF8       GetWindow
 0001:00007000       GetWindowDC
 0001:00007008       GetWindowLong
 0001:00007010       GetWindowLongA
 0001:00006BF0       GetWindowOrgEx
 0001:00007018       GetWindowPlacement
 0001:00007020       GetWindowRect
 0001:00006808       GetWindowsDirectoryA
 0001:00007028       GetWindowText
 0001:00007030       GetWindowTextA
 0001:00007038       GetWindowTextW
 0002:00006CA0       GetWindowTheme
 0001:00007048       GetWindowThreadProcessId
 0001:00007040       GetWindowThreadProcessId
 0001:00006BE8       GetWinMetaFileBits
 0001:00006810       GlobalAddAtom
 0001:00006818       GlobalAlloc
 0001:0000738C       GlobalAllocPtr
 0001:00006820       GlobalDeleteAtom
 0001:00006828       GlobalFindAtom
 0002:00006AF8       GlobalFixupList
 0001:000738FC       GlobalFixupReferences
 0001:00006830       GlobalFree
 0001:000073B8       GlobalFreePtr
 0001:00006840       GlobalHandle
 0001:00006838       GlobalLock
 0001:00006848       GlobalMemoryStatus
 0002:00006ADC       GlobalNameSpace
 0001:00006850       GlobalReAlloc
 0001:0000739C       GlobalReAllocPtr
 0001:00006858       GlobalUnlock
 0001:0003E02C       GoOnline
 0001:00080924       Graphics
 0001:00026C7C       GrayLookup
 0001:000706A0       GroupDescendentsWith
 0001:00037C58       HandleContactForm
 0002:00002E04       HandleContactFormProc
 0001:0005E0C8       HandleCreateThreadHook
 0001:000AD21C       HandleEdge
 0001:00074D60       HandleException
 0001:00054EA0       HandleException
 0002:00002E0C       HandleExceptionHelper
 0001:0005FA34       HandleExceptionHelper
 0002:0000387C       HandleExceptionRP
 0002:00003884       HandleExceptionRPEv
 0002:00003878       HandleExceptionTh
 0001:00054968       HandleExceptionThread
 0002:00003874       HandleExceptionTid
 0002:00003888       HandleExceptionTls
 0002:00003880       HandleExceptionWP
 0001:0005DAA0       HandleHiddenException
 0002:00002EB4       HandleMessagesInMainThread
 0002:00002F4C       HandlerSection
 0001:00038234       HandleScreenshotForm
 0002:00002E08       HandleScreenshotFormProc
 0001:00086A54       HasPopup
 0001:00088FD8       HasSelectedText
 0002:00000024       HeapAllocFlags
 0002:000055C4       heapErrorCode
 0002:000055C8       heapLock
 0001:000824F8       HelpIntfs
 0002:00006BC4       HelpManager
 0002:00006CEC       HelpMsg
 0002:00006D14       HelpViewer
 0002:00006D18       HelpViewerIntf
 0002:000039C8       HexDisplayPrefix
 0002:00002E50       HiddenAutoMailing
 0002:00006850       HiddenHandlers
 0002:00006854       HiddenHandlersOO
 0002:0000392C       HideInitLeaksProc
 0001:0005F8B4       HideLeak
 0001:0005F8D4       HideLeak
 0002:00006904       HideLeakCallstackProc
 0002:00003928       HideLeakObjProc
 0002:00003924       HideLeakPtrProc
 0002:0000041C       HideLeak_
 0002:0000405C       HideSelections
 0001:0009C208       HideZone
 0002:00005664       HInstance
 0002:00002F2C       HInstance
 0002:00006DD0       HintDoneEvent
 0001:000AF9B4       HintGetMsgHook
 0002:00006DD4       HintHook
 0001:000AF958       HintMouseThread
 0002:00006DD8       HintThread
 0002:00006DCC       HintThreadID
 0001:000AF904       HintTimerProc
 0002:00004508       HintWindowClass
 0001:00025CA0       Hist3d
 0002:00006C30       HitTestThemeBackground
 0001:00007374       HiWord
 0001:0005E504       HookedCreateRemoteThread
 0001:0005E5B4       HookedCreateRemoteThreadEx
 0001:0005E458       HookedCreateThread
 0001:0005E714       HookedQueueUserWorkItem
 0001:0005E024       HookedTThreadExecute
 0001:000AF9F8       HookHintHooks
 0001:0002EB7C       htons
 0002:00002F18       HttpExtensionProcNext
 0002:00002EB0       HttpUploadCleanEmail
 0001:0000763C       HwndMSWheel
 0001:0005F0DC       HyperJumpCallstack
 0001:0005F000       HyperJumpCallstack_EnumWindowProc
 0002:0000449C       IBreaks
 0002:000044A8       IChecks
 0002:000044B0       IDefaults
 0001:0007993C       IdentToCharset
 0001:00079734       IdentToColor
 0001:0008E99C       IdentToCursor
 0001:00070888       IdentToInt
 0002:000044B8       IEnables
 0001:000A3E2C       IfHotkeyAvailable
 0002:00002E44       IgnoreSmtpCert
 0002:00006DA8       ImageListWriteExProc
 0001:0002E5F8       ImageList_Add
 0001:0002E618       ImageList_AddIcon
 0001:0002E63C       ImageList_BeginDrag
 0001:0002E5D8       ImageList_Create
 0001:0002E5E0       ImageList_Destroy
 0001:0002E64C       ImageList_DragEnter
 0001:0002E654       ImageList_DragLeave
 0001:0002E65C       ImageList_DragMove
 0001:0002E66C       ImageList_DragShowNolock
 0001:0002E624       ImageList_Draw
 0001:0002E62C       ImageList_DrawEx
 0001:0002E644       ImageList_EndDrag
 0001:0002E610       ImageList_GetBkColor
 0001:0002E674       ImageList_GetDragImage
 0001:0002E68C       ImageList_GetIconSize
 0001:0002E5E8       ImageList_GetImageCount
 0001:0002E67C       ImageList_Read
 0001:0002E634       ImageList_Remove
 0001:0002E600       ImageList_ReplaceIcon
 0001:0002E608       ImageList_SetBkColor
 0001:0002E664       ImageList_SetDragCursorImage
 0001:0002E694       ImageList_SetIconSize
 0001:0002E5F0       ImageList_SetImageCount
 0001:0002E684       ImageList_Write
 0002:0000440C       Images
 0001:0009FB0C       ImgList
 0001:00081500       Imm
 0002:000043F0       IMM32DLL
 0001:0009CDF8       Imm32IsIME
 0001:0001D0E0       ImportStr
 0002:00003A1C       IMSecsPerDay
 0001:0006BDC8       InBounds
 0001:0006BB28       InBounds
 0001:0006BB58       Increment
 0001:0006BDF8       Increment
 0001:00023930       InDeepCheck
 0001:0002EB84       inet_addr
 0001:0001A3CC       InflateBlockReset
 0001:00019A3C       InflateBlocks
 0001:0001A40C       InflateBlocksNew
 0001:00018B7C       InflateCodes
 0001:00018AB0       InflateCodesNew
 0001:00018808       InflateFast
 0001:000186C0       InflateFlush
 0002:000018E4       InflateMask
 0001:00007050       InflateRect
 0001:00019608       InflateTreesBits
 0001:000196AC       InflateTreesDynamic
 0001:000197E0       InflateTreesFixed
 0001:000B2794       IniFiles
 0001:00060408       Init
 0001:00000BF8       InitAllocator
 0001:00080D3C       InitAnApi
 0001:000378E8       InitAntiFreeze
 0002:00006BB0       InitApis
 0001:00026AE8       InitColorLookup
 0001:0002E5D0       InitCommonControls
 0001:00070B30       InitComponent
 0002:00005634       InitContext
 0001:0009CE94       InitControls
 0002:00002F44       InitCrash
 0001:0005E8C0       InitCreateThreadHook
 0001:0008049C       InitDefFontData
 0001:00069CC8       InitDriveSpacePtr
 0001:00023034       InitEbpFrames
 0001:0005F224       InitExceptDll
 0001:00068C00       InitExceptions
 0001:00037264       InitFireHandlers
 0001:000825D8       InitFlatSB
 0001:0008ABF0       InitGlobals
 0001:00026C40       InitGrayLookup
 0001:00054A88       InitHandleExceptionThread
 0001:0002ED88       InitHInstance
 0001:0007BCA8       InitializeBitmapInfoHeader
 0001:00016DA4       InitializeBlock
 0001:00006860       InitializeCriticalSection
 0001:000003D0       InitializeCriticalSection
 0002:000055C0       initialized
 0001:000825B0       InitializeFlatSB
 0001:0000620C       InitializeModule
 0001:00006400       InitializeSecurityDescriptor
 0001:0006ACD4       InitializeVarUtils
 0001:0009CA98       InitIMM32
 0001:00070BD8       InitInheritedComponent
 0001:00069514       InitLeadBytes
 0001:0005EC1C       InitMessageHooks
 0001:00081424       InitMultiMonStubs
 0001:0001E8AC       InitPdbReading
 0001:00068D04       InitPlatformId
 0002:00005040       InitProc
 0001:000B2608       InitProcs
 0001:00080420       InitScreenLogPixels
 0001:000300FC       InitSecAttr
 0001:0006958C       InitSysLocale
 0001:00082C00       InitThemeLibrary
 0001:00076684       InitThreadSynchronization
 0001:0000617C       InitThreadTLS
 0001:0000FBE0       InitTryExceptFinally
 0001:00003990       InitUnits
 0001:0005D3A8       InitUnitsCrash
 0001:0008E680       InitWndProc
 0002:00004390       InnerStyles
 0002:00004094       InnerStyles
 0002:0000504C       Input
 0001:00031224       InRangeOrZero
 0001:00094118       InsertBefore
 0001:000AF3DC       InsertBefore
 0001:000010A4       InsertFree
 0001:000A3EE0       InsertHotkeyFarEastFormat
 0001:00007058       InsertMenu
 0001:00007060       InsertMenuItem
 0001:00017D44       InsertString
 0002:00006B14       InstBlockList
 0002:00006B18       InstFreeList
 0002:00006AEC       IntConstList
 0001:00028E6C       IntegerValue
 0001:0005D090       InterceptAHandleExcept
 0001:0005D068       InterceptAShowExcept
 0001:0005D0D4       InterceptCGIHandleException
 0001:0005DCF4       InterceptClassDestroy
 0001:0005D98C       InterceptExceptionHandler
 0001:0005D3C0       InterceptExceptProc
 0001:0005D344       InterceptFinalizeUnits
 0001:0005DCE4       InterceptFreeExceptObject
 0001:0005D3A0       InterceptHalt0FinalizeUnits
 0001:0005D9F0       InterceptHandleAutoException
 0001:0005CCF8       InterceptHttpExtensionProc
 0001:0005D2BC       InterceptInitializePackage
 0001:0005D0FC       InterceptISAPIHandleException
 0001:0005CA3C       InterceptServerSupportFunction
 0001:0005D03C       InterceptSShowExcept
 0001:0005D1AC       InterceptSynchronize
 0001:0005D204       InterceptWriteErrorMessage
[...]
  1754 0001:00087397  1757 0001:0008739C  1758 0001:000873B2  1760 0001:000873BA
  1761 0001:000873C0  1763 0001:000873CB  1764 0001:000873E8  1767 0001:00087420
  1770 0001:00087424  1771 0001:0008742A  1773 0001:00087432  1774 0001:00087438
  1775 0001:00087443  1777 0001:0008745C  1780 0001:00087460  1781 0001:00087464
  1782 0001:00087480  1785 0001:00087484  1786 0001:0008748A  1787 0001:0008749E
  1792 0001:000874A4  1793 0001:000874AA  1794 0001:000874C6  1795 0001:000874CD
  1800 0001:000874D4  1801 0001:000874DD  1802 0001:000874F9  1803 0001:00087500
  1804 0001:0008751C  1805 0001:00087532  1808 0001:00087538  1809 0001:0008753B
  1810 0001:0008754D  1818 0001:00087554  1819 0001:00087557  1820 0001:0008756D
  1843 0001:00087570  1844 0001:00087573  1845 0001:00087589  1851 0001:0008758C
  1852 0001:0008759C  1853 0001:000875A8  1854 0001:000875B5  1855 0001:000875C5
  1856 0001:000875D3  1857 0001:000875E7  1858 0001:000875F0  1860 0001:0008760D
  1862 0001:00087620  1873 0001:00087628  1874 0001:00087635  1875 0001:00087642
  1876 0001:0008764E  1877 0001:00087659  1879 0001:0008765D  1880 0001:0008766D
  1881 0001:0008767B  1882 0001:0008768F  1884 0001:000876AD  1887 0001:000876BD
  1901 0001:000876C4  1902 0001:000876CA  1903 0001:000876D3  1906 0001:000876E1
  1910 0001:0008774B  1912 0001:00087767  1913 0001:0008776E  1916 0001:00087775
  1921 0001:00087780  1922 0001:0008778B  1926 0001:000877A6  1927 0001:000877B1
  1928 0001:000877B9  1929 0001:000877C2  1930 0001:000877CC  1933 0001:000877DD
  1934 0001:000877E4  1937 0001:000877F0  1938 0001:000877F7  1939 0001:00087801
  1940 0001:0008780F  1942 0001:00087824  1944 0001:00087836  1945 0001:0008784A
  1946 0001:0008785B  1947 0001:00087867  1948 0001:00087887  1949 0001:0008788F
  1952 0001:00087894  1953 0001:00087897  1954 0001:000878A4  1955 0001:000878AB
  1958 0001:000878B0  1959 0001:000878B3  1961 0001:000878C5  1962 0001:000878D0
  1964 0001:000878D9  1965 0001:000878E6  1973 0001:000878EC  1974 0001:000878F4
  1975 0001:000878FD  1976 0001:00087904  1977 0001:00087915  1978 0001:00087920
  1979 0001:00087927  1980 0001:0008792F  1982 0001:00087939  1983 0001:0008794E
  1986 0001:0008795B  1987 0001:0008795E  1988 0001:00087968  1990 0001:00087980
  1991 0001:0008798D  1994 0001:00087994  1995 0001:00087997  1996 0001:0008799E
  1997 0001:000879B6  2000 0001:000879B8  2001 0001:000879BE  2003 0001:000879C5
  2005 0001:000879DC  2007 0001:000879E1  2008 0001:000879EA  2011 0001:000879F0
  2012 0001:000879F3  2013 0001:000879FA  2015 0001:00087A17  2016 0001:00087A2D
  2019 0001:00087A30  2020 0001:00087A36  2022 0001:00087A49  2023 0001:00087A50
  2025 0001:00087A57  2026 0001:00087A60  2029 0001:00087A64  2030 0001:00087A67
  2031 0001:00087A6E  2032 0001:00087A80  2033 0001:00087A87  2036 0001:00087A8C
  2037 0001:00087A8D  2038 0001:00087AA7  2041 0001:00087AAC  2042 0001:00087AB2
  2043 0001:00087AD4  2044 0001:00087ADB  2045 0001:00087AE4  2048 0001:00087AE8
  2049 0001:00087AEB  2050 0001:00087AF2  2051 0001:00087B10  2052 0001:00087B1B
  2055 0001:00087B20  2056 0001:00087B26  2057 0001:00087B30  2058 0001:00087B39
  2309 0001:00087B3C  2310 0001:00087B3F  2311 0001:00087B56  2314 0001:00087B58
  2315 0001:00087B72  2316 0001:00087B8A  2317 0001:00087B8F  2318 0001:00087BC7
  2321 0001:00087BD0  2322 0001:00087BD9  2323 0001:00087BEE  2328 0001:00087BF4
  2329 0001:00087BFD  2330 0001:00087C13  2332 0001:00087C1C  2333 0001:00087C24
  2336 0001:00087C42  2337 0001:00087C4B  2342 0001:00087C50  2343 0001:00087C66
  2344 0001:00087C71  2345 0001:00087C88  2346 0001:00087C93  2347 0001:00087CBB
  2350 0001:00087CC0  2351 0001:00087CC6  2352 0001:00087CDC  2355 0001:00087CE0
  2356 0001:00087CE6  2357 0001:00087D03  2360 0001:00087D08  2361 0001:00087D0E
  2362 0001:00087D28  2363 0001:00087D37  2368 0001:00087D3C  2369 0001:00087D55
  2370 0001:00087D74  2371 0001:00087D78  2372 0001:00087DB8  2375 0001:00087DC0
  2376 0001:00087DDC  2378 0001:00087DFC  2379 0001:00087E3A  2387 0001:00087E40
  2388 0001:00087E57  2389 0001:00087E60  2390 0001:00087E6A  2391 0001:00087E74
  2392 0001:00087E7C  2393 0001:00087E88  2394 0001:00087E94  2395 0001:00087E9D
  2396 0001:00087EA6  2397 0001:00087EBA  2398 0001:00087EC3  2400 0001:00087ECD
  2401 0001:00087EDE  2407 0001:00087EEF  2408 0001:00087EF9  2409 0001:00087F03
  2410 0001:00087F26  2413 0001:00087F34  2414 0001:00087F3F  2415 0001:00087F4A
  2417 0001:00087F54  2418 0001:00087F5F  2424 0001:00087F6A  2425 0001:00087F75
  2426 0001:00087F8C  2429 0001:00087F90  2430 0001:00087F93  2431 0001:00087F9F
  2432 0001:00087FAA  2433 0001:00087FB4  2436 0001:00087FBC  2437 0001:00087FBF
  2443 0001:00087FC6  2444 0001:00087FCE  2445 0001:00087FD6  2446 0001:00087FDE
  2449 0001:00087FE0  2450 0001:00087FE3  2451 0001:00087FFC  2454 0001:00088000
  2455 0001:00088003  2456 0001:0008801F  2461 0001:00088024  2462 0001:0008802D
  2463 0001:00088046  2464 0001:0008804F  2465 0001:00088063  2468 0001:0008806C
  2469 0001:0008806F  2470 0001:00088075  2472 0001:0008807D  2473 0001:00088093
  2476 0001:00088098  2477 0001:0008809E  2478 0001:000880A4  2480 0001:000880AD
  2481 0001:000880BB  2482 0001:000880D0  2520 0001:000880D4  2521 0001:000880DA
  2522 0001:000880E0  2524 0001:000880E8  2525 0001:000880EE  2527 0001:0008810E
  2531 0001:00088114  2533 0001:00088118  2534 0001:0008811E  2536 0001:00088123
  2539 0001:00088124  2540 0001:00088127  2541 0001:0008812E  2542 0001:00088134
  2543 0001:00088145  2547 0001:00088148  2548 0001:0008814D  2552 0001:00088150
  2553 0001:00088155  2557 0001:00088158  2558 0001:0008815D  2561 0001:00088160
  2562 0001:00088166  2563 0001:0008816F  2564 0001:0008817E  2568 0001:00088184
  2569 0001:00088197  2572 0001:00088198  2573 0001:0008819E  2574 0001:000881AF
  2575 0001:000881B8  2578 0001:000881BC  2579 0001:000881BF  2580 0001:000881C6
  2581 0001:000881E0  2587 0001:000881E4  2588 0001:000881EE  2590 0001:000881F6
  2591 0001:000881FF  2593 0001:00088204  2595 0001:00088214  2596 0001:0008821D
  2598 0001:00088237  2599 0001:00088250  2602 0001:00088263  2604 0001:00088269
  2605 0001:0008826F  2606 0001:0008828B  2607 0001:000882A6  2611 0001:000882B4
  2612 0001:000882BE  2614 0001:000882D3  2617 0001:000882DC  2618 0001:000882E0
  2619 0001:000882F7  2623 0001:000882FC  2625 0001:00088304  2626 0001:0008830A
  2628 0001:0008830F  2635 0001:00088310  2636 0001:00088320  2639 0001:0008832E
  2642 0001:000883D9  2643 0001:000883E3  2646 0001:0008840D  2648 0001:00088427
  2649 0001:00088448  2652 0001:00088455  2653 0001:00088470  2656 0001:00088494
  2657 0001:0008849E  2661 0001:000884AB  2662 0001:000884CA  2664 0001:000884E0
  2668 0001:000884F0  2669 0001:000884F7  2670 0001:000884FE  2671 0001:00088513
  2672 0001:0008851B  2674 0001:00088523  2675 0001:0008852D  2678 0001:0008853A
  2680 0001:00088546  2681 0001:0008854D  2684 0001:0008855A  2686 0001:00088563
  2687 0001:0008856A  2691 0001:00088574  2692 0001:0008857E  2695 0001:00088588
  2696 0001:000885A0  2697 0001:000885B1  2700 0001:000885CC  2702 0001:000885E0
  2705 0001:000885EC  2707 0001:000885F3  2711 0001:00088616  2713 0001:0008861C
  2715 0001:0008862D  2716 0001:0008863B  2717 0001:00088644  2721 0001:00088649
  2725 0001:00088664  2727 0001:0008866D  2728 0001:00088676  2732 0001:00088678
  2733 0001:0008868D  2734 0001:000886A7  2735 0001:000886B5  2739 0001:000886B7
  2740 0001:000886C4  2743 0001:000886DF  2744 0001:000886E8  2748 0001:000886EA
  2749 0001:000886F3  2752 0001:000886FC  2753 0001:00088714  2755 0001:0008874C
  2757 0001:0008875C  2760 0001:0008876C  2761 0001:00088773  2762 0001:0008877E
  2763 0001:00088788  2765 0001:00088795  2766 0001:000887A8  2771 0001:000887CD
  2772 0001:000887F1  2773 0001:000887FC  2776 0001:00088809  2779 0001:00088816
  2780 0001:0008881D  2781 0001:00088824  2785 0001:0008882D  2786 0001:00088834
  2787 0001:0008883B  2790 0001:0008885F  2793 0001:00088868  2794 0001:0008886B
  2795 0001:00088872  2796 0001:0008888A  2800 0001:0008888C  2801 0001:000888B5
  2802 0001:000888C0  2805 0001:000888E5  2806 0001:000888F3  2807 0001:000888F7
  2809 0001:0008893C  2812 0001:00088948  2813 0001:00088949  2814 0001:00088963
  2817 0001:00088968  2818 0001:0008896C  2819 0001:00088973  2820 0001:0008897E
  2821 0001:0008898A  2826 0001:00088990  2827 0001:00088994  2828 0001:00088996
  2830 0001:000889A1  2831 0001:000889A6  2833 0001:000889BE  2836 0001:000889C4
  2837 0001:000889C5  2838 0001:000889CF  2839 0001:000889DF  2842 0001:000889E4
  2843 0001:000889E6  2844 0001:000889F0  2846 0001:00088A03  2847 0001:00088A0C
  2850 0001:00088A10  2851 0001:00088A13  2852 0001:00088A1A  2853 0001:00088A35
  2854 0001:00088A3D  2855 0001:00088A45  2860 0001:00088A48  2861 0001:00088A50
  2862 0001:00088A5D  2863 0001:00088A6C  2864 0001:00088A76  2865 0001:00088A80
  2868 0001:00088A8E  2870 0001:00088AD3  2872 0001:00088AE5  2874 0001:00088B00
  2877 0001:00088B04  2878 0001:00088B08  2879 0001:00088B12  2881 0001:00088B1C
  2882 0001:00088B22  2886 0001:00088B28  2887 0001:00088B33  2890 0001:00088B34
  2891 0001:00088B4E  2892 0001:00088B5B  2893 0001:00088BBA  2896 0001:00088BC0
  2897 0001:00088BC3  2898 0001:00088BD0  2899 0001:00088BE7  2903 0001:00088BEC
  2904 0001:00088BF4  2908 0001:00088BF8  2909 0001:00088BFE  2912 0001:00088C00
  2913 0001:00088C23  2914 0001:00088C50  2919 0001:00088C58  2920 0001:00088C6F
  2921 0001:00088C78  2922 0001:00088C91  2923 0001:00088C94  2924 0001:00088C9E
  2925 0001:00088CA5  2926 0001:00088CAD  2927 0001:00088CB4  2928 0001:00088CD4
  2931 0001:00088CDC  2932 0001:00088CE7  2933 0001:00088CF2  2934 0001:00088CFD
  2935 0001:00088D14  2946 0001:00088D18  2948 0001:00088D20  2949 0001:00088D26
  2951 0001:00088D2B  2963 0001:00088D2C  2964 0001:00088D2F  2966 0001:00088D37
  2967 0001:00088D3D  2968 0001:00088D42  2969 0001:00088D51  2970 0001:00088D5C
  2972 0001:00088D63  2976 0001:00088D6C  2977 0001:00088D7A  2978 0001:00088D81
  2979 0001:00088D8F  2989 0001:00088D90  2990 0001:00088D96  2991 0001:00088D9F
  2992 0001:00088DAD  2995 0001:00088DE5  3000 0001:00088DF4  3001 0001:00088DF9
  3002 0001:00088E00  3003 0001:00088E0D  3005 0001:00088E17  3006 0001:00088E24
  3007 0001:00088E2F  3008 0001:00088E37  3010 0001:00088E40  3011 0001:00088E64
  3014 0001:00088E7F  3016 0001:00088E89  3017 0001:00088E9A  3019 0001:00088E9E
  3021 0001:00088EA7  3022 0001:00088EAF  3023 0001:00088EBD  3024 0001:00088ED2
  3026 0001:00088EDC  3027 0001:00088EE4  3028 0001:00088EF2  3031 0001:00088F07
  3032 0001:00088F1A  3033 0001:00088F2F  3036 0001:00088F34  3037 0001:00088F38
  3039 0001:00088F47  3040 0001:00088F57  3041 0001:00088F6B  3043 0001:00088F78
  3044 0001:00088F7F  3047 0001:00088F84  3048 0001:00088F8D  3050 0001:00088F96
  3051 0001:00088FBE  3054 0001:00088FC7  3055 0001:00088FD0  3060 0001:00088FD8
  3061 0001:00088FE1  3062 0001:00088FF9  3063 0001:00089000  3069 0001:00089004
  3070 0001:0008901E  3071 0001:0008902C  3072 0001:0008904A  3073 0001:0008905C
  3074 0001:00089076  3075 0001:00089084  3076 0001:000890C7  3085 0001:000890CC
  3086 0001:000890F1  3087 0001:000890FB  3088 0001:0008910B  3089 0001:00089118
  3092 0001:00089135  3093 0001:0008914A  3094 0001:00089157  3096 0001:00089165
  3097 0001:00089177  3099 0001:0008917C  3100 0001:0008919C  3103 0001:000891AB
  3104 0001:000891BC  3106 0001:000891C8  3108 0001:000891F4  3109 0001:000891FF
  3110 0001:00089204  3111 0001:00089213  3112 0001:00089227  3113 0001:0008923E
  3114 0001:0008926C  3115 0001:0008928E  3120 0001:000892AB  3119 0001:000892CD
  3121 0001:000892EF  3123 0001:00089311  3124 0001:00089314  3127 0001:00089325
  3128 0001:0008933D  3129 0001:00089347  3130 0001:00089358  3132 0001:0008938E
  3134 0001:000893AC  3136 0001:000893BE  3138 0001:000893E3  3140 0001:0008940B
  3141 0001:00089423  3146 0001:00089428  3147 0001:00089437  3149 0001:0008948B
  3155 0001:00089494  3156 0001:000894B5  3158 0001:000894C0  3159 0001:000894C4
  3160 0001:000894D1  3161 0001:000894DC  3163 0001:000894E1  3164 0001:00089500
  3165 0001:00089508  3166 0001:00089512  3167 0001:00089523  3168 0001:0008953C
  3169 0001:00089552  3170 0001:0008956A  3172 0001:00089574  3173 0001:000895B9
  3177 0001:000895F0  3178 0001:000895FD  3180 0001:0008960A  3182 0001:00089610
  3183 0001:0008961B  3185 0001:00089653  3188 0001:0008965C  3189 0001:0008965D
  3190 0001:0008967A  3195 0001:0008967C  3196 0001:00089682  3198 0001:00089685
  3199 0001:00089689  3200 0001:00089694  3201 0001:00089699  3202 0001:000896A1
  3203 0001:000896A5  3204 0001:000896B3  3205 0001:000896C1  3206 0001:000896D2
  3208 0001:000896DF  3209 0001:000896F2  3211 0001:00089705  3212 0001:0008970C
  3213 0001:0008971E  3214 0001:0008972C  3215 0001:00089740  3217 0001:0008974D
  3220 0001:00089754  3221 0001:00089758  3223 0001:0008975B  3224 0001:00089764
  3225 0001:0008976D  3227 0001:0008977D  3232 0001:00089780  3233 0001:00089786
  3236 0001:000897A9  3237 0001:000897B3  3238 0001:000897BF  3240 0001:000897C2
  3241 0001:000897CB  3243 0001:000897D6  3244 0001:000897DD  3245 0001:000897E9
  3247 0001:000897F2  3250 0001:000897F8  3252 0001:000897FE  3254 0001:0008980A
  3256 0001:0008981D  3257 0001:0008982E  3260 0001:00089831  3261 0001:0008983A
  3265 0001:00089840  3266 0001:0008984B  3270 0001:0008984C  3271 0001:00089851
  3284 0001:00089854  3285 0001:0008985F  3286 0001:00089866  3287 0001:00089873
  3288 0001:00089882  3289 0001:00089890  3292 0001:0008989A  3293 0001:000898A4
  3294 0001:000898B2  3295 0001:000898BD  3296 0001:000898CA  3297 0001:000898D5
  3299 0001:000898E2  3300 0001:000898E4  3301 0001:000898F3  3302 0001:00089902
  3304 0001:00089906  3305 0001:00089910  3306 0001:0008991E  3307 0001:00089929
  3308 0001:00089936  3310 0001:00089941  3311 0001:0008994B  3313 0001:00089955
  3314 0001:00089967  3315 0001:00089973  3316 0001:0008997F  3317 0001:0008998B
  3318 0001:0008999D  3319 0001:000899A9  3321 0001:000899BB  3323 0001:00089A18
  3324 0001:00089A28  3325 0001:00089A33  3327 0001:00089A4E  3331 0001:00089A74
  3333 0001:00089A84  3337 0001:00089A8C  3342 0001:00089A90  3343 0001:00089A96
  3344 0001:00089A9F  3345 0001:00089AAF  3348 0001:00089AB4  3349 0001:00089AB7
  3351 0001:00089AE8  3354 0001:00089AEC  3355 0001:00089AF6  3357 0001:00089B02
  3358 0001:00089B0F  3359 0001:00089B1D  3361 0001:00089B34  3364 0001:00089B49
  3369 0001:00089B50  3370 0001:00089B62  3371 0001:00089B6B  3372 0001:00089B80
  3373 0001:00089B9E  3376 0001:00089BA4  3377 0001:00089BAD  3378 0001:00089BB8
  3381 0001:00089BC9  3382 0001:00089BDB  3384 0001:00089BE8  3388 0001:00089BEC
  3389 0001:00089BF1  3393 0001:00089BF4  3394 0001:00089BF6  3403 0001:00089BF8
  3406 0001:00089BFC  3407 0001:00089C03  3409 0001:00089C1A  3411 0001:00089C2F
  3412 0001:00089C36  3413 0001:00089C43  3414 0001:00089C4A  3417 0001:00089C5B
  3419 0001:00089C64  3420 0001:00089C6D  3423 0001:00089C74  3424 0001:00089C7B
  3425 0001:00089C82  3427 0001:00089C8D  3428 0001:00089C96  3430 0001:00089CAF
  3433 0001:00089CBB  3434 0001:00089CC4  3437 0001:00089CC8  3439 0001:00089CCE
  3440 0001:00089CDC  3442 0001:00089CE6  3443 0001:00089CEF  3446 0001:00089CF4
  3447 0001:00089CFA  3448 0001:00089D03  3449 0001:00089D0C  3450 0001:00089D13
  3454 0001:00089D18  3456 0001:00089D20  3457 0001:00089D26  3459 0001:00089D2B
  3464 0001:00089D2C  3465 0001:00089D3E  3466 0001:00089D47  3467 0001:00089D4F
  3468 0001:00089D5B  3469 0001:00089D67  3470 0001:00089D87  3475 0001:00089D90
  3476 0001:00089D93  3477 0001:00089D9A  3478 0001:00089DAA  3479 0001:00089DB1
  3483 0001:00089DB4  3484 0001:00089DB6  3491 0001:00089DB8  3492 0001:00089DC0
  3494 0001:00089DCB  3495 0001:00089DD7  3496 0001:00089DF0  3498 0001:00089E05
  3503 0001:00089E0C  3504 0001:00089E0F  3505 0001:00089E15  3507 0001:00089E20
  3508 0001:00089E27  3509 0001:00089E2B  3511 0001:00089E3E  3516 0001:00089E40
  3517 0001:00089E46  3518 0001:00089E4F  3519 0001:00089E5D  3520 0001:00089E6F
  3523 0001:00089E7C  3524 0001:00089E7F  3525 0001:00089E86  3526 0001:00089E92
  3529 0001:00089E94  3530 0001:00089E95  3531 0001:00089EA5  3534 0001:00089EA8
  3536 0001:00089EAF  3540 0001:00089EF0  3541 0001:00089EFB  3543 0001:00089F04
  3544 0001:00089F0D  3547 0001:00089F18  3549 0001:00089F32  3551 0001:00089F5B
  3552 0001:00089F66  3554 0001:00089F6F  3555 0001:00089F95  3558 0001:00089F9C
  3560 0001:00089FA3  3561 0001:00089FB7  3563 0001:00089FC4  3564 0001:00089FD0
  3565 0001:00089FE0  3566 0001:00089FE9  3569 0001:00089FF0  3570 0001:00089FF6
  3571 0001:0008A004  3573 0001:0008A00E  3574 0001:0008A017  3577 0001:0008A01C
  3578 0001:0008A023  3579 0001:0008A02A  3581 0001:0008A035  3582 0001:0008A03E
  3584 0001:0008A057  3587 0001:0008A063  3588 0001:0008A06C  5137 0001:0008A070
  5138 0001:0008A076  5139 0001:0008A084  5140 0001:0008A08B  5141 0001:0008A091
  5142 0001:0008A099  5149 0001:0008A0A0  5149 0001:0008A0CC  5144 0001:0008A0D0
  5145 0001:0008A0D9  5147 0001:0008A0E3

Line numbers for upload(upload.pas) segment .text

    75 0001:000B6644    76 0001:000B6664    77 0001:000B6673    78 0001:000B6681
    79 0001:000B668E    80 0001:000B669D    81 0001:000B66AC    82 0001:000B66BA
    83 0001:000B66C5    84 0001:000B66E6    83 0001:000B671C    86 0001:000B672E
    88 0001:000B673E    90 0001:000B6753    93 0001:000B6785    99 0001:000B67B4
   100 0001:000B67C0   101 0001:000B67C8   102 0001:000B67DB   103 0001:000B67EE
   104 0001:000B6801   118 0001:000B6828   120 0001:000B684B   121 0001:000B685C
   122 0001:000B686D   123 0001:000B687E   124 0001:000B688F   125 0001:000B68A0
   126 0001:000B68B1   129 0001:000B68C2   131 0001:000B68EC   135 0001:000B6909
   137 0001:000B691C   139 0001:000B692F   141 0001:000B693E   142 0001:000B695C
   143 0001:000B6967   146 0001:000B69A2   149 0001:000B69BC   152 0001:000B69D6
   156 0001:000B6A18   173 0001:000B6AA0   175 0001:000B6AFC   176 0001:000B6B0C
   177 0001:000B6B1C   178 0001:000B6B48   181 0001:000B6B58   182 0001:000B6B85
   184 0001:000B6BAF   185 0001:000B6BDC   187 0001:000B6C06   188 0001:000B6C33
   190 0001:000B6C5D   194 0001:000B6C8C   196 0001:000B6CAA   198 0001:000B6CBB
   200 0001:000B6CEB   202 0001:000B6CFC   204 0001:000B6D2C   206 0001:000B6D3D
   208 0001:000B6D6D   210 0001:000B6D7E   212 0001:000B6DAB   214 0001:000B6DBC
   216 0001:000B6DE9   218 0001:000B6DFA   221 0001:000B6E25   192 0001:000B6E3D
   224 0001:000B6E55   225 0001:000B6E65   228 0001:000B6EB4   236 0001:000B7010
   238 0001:000B7037   239 0001:000B705B   241 0001:000B7068   243 0001:000B7078
   244 0001:000B70A7   255 0001:000B70BC   257 0001:000B70E6   258 0001:000B70EB
   260 0001:000B70F8   262 0001:000B7112   264 0001:000B713A   266 0001:000B7157
   267 0001:000B7162   268 0001:000B717C   269 0001:000B7183   272 0001:000B7192
   275 0001:000B71C1   276 0001:000B71C8   260 0001:000B71CB   278 0001:000B71D4
   279 0001:000B71DA   281 0001:000B71E1   283 0001:000B7218   294 0001:000B7228
   295 0001:000B726A   296 0001:000B727A   297 0001:000B728A   298 0001:000B72B6
   302 0001:000B72CB   304 0001:000B72E9   306 0001:000B72FA   308 0001:000B7335
   310 0001:000B7346   312 0001:000B7371   300 0001:000B7389   315 0001:000B73A1
   316 0001:000B73B1   317 0001:000B73F3   322 0001:000B746C   325 0001:000B7478
   327 0001:000B74AC   327 0001:000B74B3

Line numbers for Project1(C:\Users\Admin\Desktop\Upload code program\Project1.dpr) segment .text

    14 0001:000B771C    15 0001:000B772C    16 0001:000B7738    17 0001:000B7750
    18 0001:000B775C

Bound resource files

c:\program files (x86)\borland\delphi7\Lib\Controls.res
c:\program files (x86)\borland\delphi7\Lib\Buttons.res
c:\program files (x86)\borland\delphi7\Lib\FileCtrl.res
upload.dfm
Project1.res
Project1.drf


Program entry point at 0001:000B771C
