
 Start         Length     Name                   Class
 0001:00000000 000C2DBCH .text                   CODE
 0002:00000000 000050BCH .data                   DATA
 0002:000050BC 00001F45H .bss                    BSS


Detailed map of segments

 0001:00000000 0000613B C=CODE     S=.text    G=(none)   M=System   ACBP=A9
 0001:0000613C 00000158 C=CODE     S=.text    G=(none)   M=SysInit  ACBP=A9
 0001:00006294 00000078 C=CODE     S=.text    G=(none)   M=Types    ACBP=A9
 0001:0000630C 00001460 C=CODE     S=.text    G=(none)   M=Windows  ACBP=A9
 0001:0000776C 00000218 C=CODE     S=.text    G=(none)   M=madTypes ACBP=A9
 0001:00007984 000039DC C=CODE     S=.text    G=(none)   M=madStrings ACBP=A9
 0001:0000B360 00000038 C=CODE     S=.text    G=(none)   M=Messages ACBP=A9
 0001:0000B398 0000120C C=CODE     S=.text    G=(none)   M=madNVPrgrAlert ACBP=A9
 0001:0000C5A4 000036E7 C=CODE     S=.text    G=(none)   M=madTools ACBP=A9
 0001:0000FC8C 00006A14 C=CODE     S=.text    G=(none)   M=madDisAsm ACBP=A9
 0001:000166A0 00004784 C=CODE     S=.text    G=(none)   M=madZip   ACBP=A9
 0001:0001AE24 00000AB4 C=CODE     S=.text    G=(none)   M=madCrypt ACBP=A9
 0001:0001B8D8 0000591F C=CODE     S=.text    G=(none)   M=madMapFile ACBP=A9
 0001:000211F8 000043C3 C=CODE     S=.text    G=(none)   M=madStackTrace ACBP=A9
 0001:000255BC 00002AE8 C=CODE     S=.text    G=(none)   M=madNVBitmap ACBP=A9
 0001:000280A4 000064E8 C=CODE     S=.text    G=(none)   M=madNVAssistant ACBP=A9
 0001:0002E58C 00000044 C=CODE     S=.text    G=(none)   M=ActiveX  ACBP=A9
 0001:0002E5D0 00000104 C=CODE     S=.text    G=(none)   M=CommCtrl ACBP=A9
 0001:0002E6D4 00000050 C=CODE     S=.text    G=(none)   M=ShellAPI ACBP=A9
 0001:0002E724 00000038 C=CODE     S=.text    G=(none)   M=RegStr   ACBP=A9
 0001:0002E75C 00000038 C=CODE     S=.text    G=(none)   M=WinInet  ACBP=A9
 0001:0002E794 00000038 C=CODE     S=.text    G=(none)   M=UrlMon   ACBP=A9
 0001:0002E7CC 00000038 C=CODE     S=.text    G=(none)   M=ShlObj   ACBP=A9
 0001:0002E804 00000050 C=CODE     S=.text    G=(none)   M=CommDlg  ACBP=A9
 0001:0002E854 00000310 C=CODE     S=.text    G=(none)   M=SysConst ACBP=A9
 0001:0002EB64 000000C0 C=CODE     S=.text    G=(none)   M=WinSock  ACBP=A9
 0001:0002EC24 00033194 C=CODE     S=.text    G=(none)   M=madExcept ACBP=A9
 0001:00061DB8 00000047 C=CODE     S=.text    G=(none)   M=madLinkDisAsm ACBP=A9
 0001:00061E00 00000F64 C=CODE     S=.text    G=(none)   M=madListHardware ACBP=A9
 0001:00062D64 00000C2C C=CODE     S=.text    G=(none)   M=madListProcesses ACBP=A9
 0001:00063990 00000598 C=CODE     S=.text    G=(none)   M=madListModules ACBP=A9
 0001:00063F28 00007124 C=CODE     S=.text    G=(none)   M=SysUtils ACBP=A9
 0001:0006B04C 00000807 C=CODE     S=.text    G=(none)   M=VarUtils ACBP=A9
 0001:0006B854 00002A42 C=CODE     S=.text    G=(none)   M=Variants ACBP=A9
 0001:0006E298 00000138 C=CODE     S=.text    G=(none)   M=RTLConsts ACBP=A9
 0001:0006E3D0 00000804 C=CODE     S=.text    G=(none)   M=TypInfo  ACBP=A9
 0001:0006EBD4 00009E12 C=CODE     S=.text    G=(none)   M=Classes  ACBP=A9
 0001:000789E8 000002C0 C=CODE     S=.text    G=(none)   M=Consts   ACBP=A9
 0001:00078CA8 00008B07 C=CODE     S=.text    G=(none)   M=Graphics ACBP=A9
 0001:000817B0 00000048 C=CODE     S=.text    G=(none)   M=Math     ACBP=A9
 0001:000817F8 000002D4 C=CODE     S=.text    G=(none)   M=Contnrs  ACBP=A9
 0001:00081ACC 00000793 C=CODE     S=.text    G=(none)   M=MultiMon ACBP=A9
 0001:00082260 00000038 C=CODE     S=.text    G=(none)   M=Imm      ACBP=A9
 0001:00082298 00000FF8 C=CODE     S=.text    G=(none)   M=HelpIntfs ACBP=A9
 0001:00083290 00000038 C=CODE     S=.text    G=(none)   M=WinSpool ACBP=A9
 0001:000832C8 00000044 C=CODE     S=.text    G=(none)   M=Printers ACBP=A9
 0001:0008330C 0000031F C=CODE     S=.text    G=(none)   M=FlatSB   ACBP=A9
 0001:0008362C 000001A4 C=CODE     S=.text    G=(none)   M=SyncObjs ACBP=A9
 0001:000837D0 000009BB C=CODE     S=.text    G=(none)   M=UxTheme  ACBP=A9
 0001:0008418C 00000A40 C=CODE     S=.text    G=(none)   M=Themes   ACBP=A9
 0001:00084BCC 000062A8 C=CODE     S=.text    G=(none)   M=StdCtrls ACBP=A9
 0001:0008AE74 00000652 C=CODE     S=.text    G=(none)   M=ExtCtrls ACBP=A9
 0001:0008B4C8 00000038 C=CODE     S=.text    G=(none)   M=Dlgs     ACBP=A9
 0001:0008B500 0000066D C=CODE     S=.text    G=(none)   M=Dialogs  ACBP=A9
 0001:0008BB70 000006A4 C=CODE     S=.text    G=(none)   M=Clipbrd  ACBP=A9
 0001:0008C214 000000C0 C=CODE     S=.text    G=(none)   M=StrUtils ACBP=A9
 0001:0008C2D4 00000168 C=CODE     S=.text    G=(none)   M=StdActns ACBP=A9
 0001:0008C43C 00000D1F C=CODE     S=.text    G=(none)   M=WinHelpViewer ACBP=A9
 0001:0008D15C 00010DA7 C=CODE     S=.text    G=(none)   M=Controls ACBP=A9
 0001:0009DF04 00001292 C=CODE     S=.text    G=(none)   M=ActnList ACBP=A9
 0001:0009F198 0000170C C=CODE     S=.text    G=(none)   M=ImgList  ACBP=A9
 0001:000A08A4 000066AD C=CODE     S=.text    G=(none)   M=Menus    ACBP=A9
 0001:000A6F54 0000C570 C=CODE     S=.text    G=(none)   M=Forms    ACBP=A9
 0001:000B34C4 00000068 C=CODE     S=.text    G=(none)   M=IniFiles ACBP=A9
 0001:000B352C 00000654 C=CODE     S=.text    G=(none)   M=Registry ACBP=A9
 0001:000B3B80 00000A2C C=CODE     S=.text    G=(none)   M=MaskUtils ACBP=A9
 0001:000B45AC 000029A8 C=CODE     S=.text    G=(none)   M=Mask     ACBP=A9
 0001:000B6F54 000000F5 C=CODE     S=.text    G=(none)   M=Buttons  ACBP=A9
 0001:000B704C 00000038 C=CODE     S=.text    G=(none)   M=FileCtrl ACBP=A9
 0001:000B7084 00000204 C=CODE     S=.text    G=(none)   M=IdException ACBP=A9
 0001:000B7288 00000038 C=CODE     S=.text    G=(none)   M=DateUtils ACBP=A9
 0001:000B72C0 000001E8 C=CODE     S=.text    G=(none)   M=IdResourceStrings ACBP=A9
 0001:000B74A8 00000038 C=CODE     S=.text    G=(none)   M=IdStreamVCL ACBP=A9
 0001:000B74E0 00000038 C=CODE     S=.text    G=(none)   M=IdStream ACBP=A9
 0001:000B7518 000014D0 C=CODE     S=.text    G=(none)   M=IdGlobal ACBP=A9
 0001:000B89E8 00000038 C=CODE     S=.text    G=(none)   M=IdBaseComponent ACBP=A9
 0001:000B8A20 0000310C C=CODE     S=.text    G=(none)   M=IdWinsock2 ACBP=A9
 0001:000BBB2C 00000EBC C=CODE     S=.text    G=(none)   M=IdWship6 ACBP=A9
 0001:000BC9E8 00000038 C=CODE     S=.text    G=(none)   M=IdStackConsts ACBP=A9
 0001:000BCA20 00000348 C=CODE     S=.text    G=(none)   M=IdIDN    ACBP=A9
 0001:000BCD68 00000990 C=CODE     S=.text    G=(none)   M=IdStackBSDBase ACBP=A9
 0001:000BD6F8 00002C00 C=CODE     S=.text    G=(none)   M=IdStackWindows ACBP=A9
 0001:000C02F8 000012C1 C=CODE     S=.text    G=(none)   M=IdStack  ACBP=A9
 0001:000C15BC 000000A8 C=CODE     S=.text    G=(none)   M=IdComponent ACBP=A9
 0001:000C1664 00000038 C=CODE     S=.text    G=(none)   M=IdAntiFreezeBase ACBP=A9
 0001:000C169C 00000038 C=CODE     S=.text    G=(none)   M=IdSocketHandle ACBP=A9
 0001:000C16D4 00000038 C=CODE     S=.text    G=(none)   M=IdRawBase ACBP=A9
 0001:000C170C 00000038 C=CODE     S=.text    G=(none)   M=IdRawClient ACBP=A9
 0001:000C1744 00000038 C=CODE     S=.text    G=(none)   M=IdExceptionCore ACBP=A9
 0001:000C177C 00000038 C=CODE     S=.text    G=(none)   M=IdStruct ACBP=A9
 0001:000C17B4 00000038 C=CODE     S=.text    G=(none)   M=IdRawHeaders ACBP=A9
 0001:000C17EC 00000038 C=CODE     S=.text    G=(none)   M=IdResourceStringsCore ACBP=A9
 0001:000C1824 00000038 C=CODE     S=.text    G=(none)   M=IdIcmpClient ACBP=A9
 0001:000C185C 000011F0 C=CODE     S=.text    G=(none)   M=upload   ACBP=A9
 0001:000C2A4C 0000036D C=CODE     S=.text    G=(none)   M=UploadProgram ACBP=A9
 0002:00000000 000000A0 C=DATA     S=.data    G=DGROUP   M=System   ACBP=A9
 0002:000000A0 00000020 C=DATA     S=.data    G=DGROUP   M=SysInit  ACBP=A9
 0002:000000C0 000002DC C=DATA     S=.data    G=DGROUP   M=madStrings ACBP=A9
 0002:0000039C 000000A0 C=DATA     S=.data    G=DGROUP   M=madTools ACBP=A9
 0002:0000043C 0000084D C=DATA     S=.data    G=DGROUP   M=madDisAsm ACBP=A9
 0002:00000C8C 000010C4 C=DATA     S=.data    G=DGROUP   M=madZip   ACBP=A9
 0002:00001D50 0000108C C=DATA     S=.data    G=DGROUP   M=madCrypt ACBP=A9
 0002:00002DDC 00000020 C=DATA     S=.data    G=DGROUP   M=madMapFile ACBP=A9
 0002:00002DFC 00000004 C=DATA     S=.data    G=DGROUP   M=madStackTrace ACBP=A9
 0002:00002E00 00000010 C=DATA     S=.data    G=DGROUP   M=madNVAssistant ACBP=A9
 0002:00002E10 00000B30 C=DATA     S=.data    G=DGROUP   M=madExcept ACBP=A9
 0002:00003940 00000018 C=DATA     S=.data    G=DGROUP   M=madListProcesses ACBP=A9
 0002:00003958 00000254 C=DATA     S=.data    G=DGROUP   M=SysUtils ACBP=A9
 0002:00003BAC 00000008 C=DATA     S=.data    G=DGROUP   M=VarUtils ACBP=A9
 0002:00003BB4 0000008E C=DATA     S=.data    G=DGROUP   M=Variants ACBP=A9
 0002:00003C44 0000000C C=DATA     S=.data    G=DGROUP   M=TypInfo  ACBP=A9
 0002:00003C50 00000064 C=DATA     S=.data    G=DGROUP   M=Classes  ACBP=A9
 0002:00003CB4 00000304 C=DATA     S=.data    G=DGROUP   M=Graphics ACBP=A9
 0002:00003FB8 00000004 C=DATA     S=.data    G=DGROUP   M=Printers ACBP=A9
 0002:00003FBC 00000068 C=DATA     S=.data    G=DGROUP   M=Themes   ACBP=A9
 0002:00004024 000000B0 C=DATA     S=.data    G=DGROUP   M=StdCtrls ACBP=A9
 0002:000040D4 00000178 C=DATA     S=.data    G=DGROUP   M=ExtCtrls ACBP=A9
 0002:0000424C 00000074 C=DATA     S=.data    G=DGROUP   M=Dialogs  ACBP=A9
 0002:000042C0 0000013C C=DATA     S=.data    G=DGROUP   M=Controls ACBP=A9
 0002:000043FC 00000020 C=DATA     S=.data    G=DGROUP   M=ImgList  ACBP=A9
 0002:0000441C 000000EC C=DATA     S=.data    G=DGROUP   M=Menus    ACBP=A9
 0002:00004508 0000011C C=DATA     S=.data    G=DGROUP   M=Forms    ACBP=A9
 0002:00004624 00000008 C=DATA     S=.data    G=DGROUP   M=IniFiles ACBP=A9
 0002:0000462C 00000008 C=DATA     S=.data    G=DGROUP   M=Registry ACBP=A9
 0002:00004634 00000009 C=DATA     S=.data    G=DGROUP   M=MaskUtils ACBP=A9
 0002:00004640 00000004 C=DATA     S=.data    G=DGROUP   M=Mask     ACBP=A9
 0002:00004644 0000002C C=DATA     S=.data    G=DGROUP   M=Buttons  ACBP=A9
 0002:00004670 00000074 C=DATA     S=.data    G=DGROUP   M=IdGlobal ACBP=A9
 0002:000046E4 00000278 C=DATA     S=.data    G=DGROUP   M=IdWinsock2 ACBP=A9
 0002:0000495C 00000048 C=DATA     S=.data    G=DGROUP   M=IdWship6 ACBP=A9
 0002:000049A4 00000028 C=DATA     S=.data    G=DGROUP   M=IdIDN    ACBP=A9
 0002:000049CC 0000000C C=DATA     S=.data    G=DGROUP   M=IdStackBSDBase ACBP=A9
 0002:000049D8 00000024 C=DATA     S=.data    G=DGROUP   M=IdStackWindows ACBP=A9
 0002:000049FC 00000010 C=DATA     S=.data    G=DGROUP   M=IdStack  ACBP=A9
 0002:00004A0C 00000024 C=DATA     S=.data    G=DGROUP   M=IdComponent ACBP=A9
 0002:00006000 00000660 C=BSS      S=.bss     G=DGROUP   M=System   ACBP=A9
 0002:00006660 00000010 C=BSS      S=.bss     G=DGROUP   M=SysInit  ACBP=A9
 0002:00006670 00000004 C=BSS      S=.bss     G=DGROUP   M=Types    ACBP=A9
 0002:00006674 00000004 C=BSS      S=.bss     G=DGROUP   M=Windows  ACBP=A9
 0002:00006678 00000004 C=BSS      S=.bss     G=DGROUP   M=madTypes ACBP=A9
 0002:0000667C 0000000C C=BSS      S=.bss     G=DGROUP   M=madStrings ACBP=A9
 0002:00006688 00000004 C=BSS      S=.bss     G=DGROUP   M=Messages ACBP=A9
 0002:0000668C 00000004 C=BSS      S=.bss     G=DGROUP   M=madNVPrgrAlert ACBP=A9
 0002:00006690 00000028 C=BSS      S=.bss     G=DGROUP   M=madTools ACBP=A9
 0002:000066B8 00000004 C=BSS      S=.bss     G=DGROUP   M=madDisAsm ACBP=A9
 0002:000066BC 00001114 C=BSS      S=.bss     G=DGROUP   M=madZip   ACBP=A9
 0002:000077D0 00000004 C=BSS      S=.bss     G=DGROUP   M=madCrypt ACBP=A9
 0002:000077D4 00000008 C=BSS      S=.bss     G=DGROUP   M=madMapFile ACBP=A9
 0002:000077DC 0000002C C=BSS      S=.bss     G=DGROUP   M=madStackTrace ACBP=A9
 0002:00007808 00000004 C=BSS      S=.bss     G=DGROUP   M=madNVBitmap ACBP=A9
 0002:0000780C 00000004 C=BSS      S=.bss     G=DGROUP   M=madNVAssistant ACBP=A9
 0002:00007810 00000004 C=BSS      S=.bss     G=DGROUP   M=ActiveX  ACBP=A9
 0002:00007814 00000004 C=BSS      S=.bss     G=DGROUP   M=CommCtrl ACBP=A9
 0002:00007818 00000004 C=BSS      S=.bss     G=DGROUP   M=ShellAPI ACBP=A9
 0002:0000781C 00000004 C=BSS      S=.bss     G=DGROUP   M=RegStr   ACBP=A9
 0002:00007820 00000004 C=BSS      S=.bss     G=DGROUP   M=WinInet  ACBP=A9
 0002:00007824 00000004 C=BSS      S=.bss     G=DGROUP   M=UrlMon   ACBP=A9
 0002:00007828 00000004 C=BSS      S=.bss     G=DGROUP   M=ShlObj   ACBP=A9
 0002:0000782C 00000004 C=BSS      S=.bss     G=DGROUP   M=CommDlg  ACBP=A9
 0002:00007830 00000004 C=BSS      S=.bss     G=DGROUP   M=SysConst ACBP=A9
 0002:00007834 00000004 C=BSS      S=.bss     G=DGROUP   M=WinSock  ACBP=A9
 0002:00007838 000000D0 C=BSS      S=.bss     G=DGROUP   M=madExcept ACBP=A9
 0002:00007908 00000004 C=BSS      S=.bss     G=DGROUP   M=madLinkDisAsm ACBP=A9
 0002:0000790C 00000004 C=BSS      S=.bss     G=DGROUP   M=madListHardware ACBP=A9
 0002:00007910 00000004 C=BSS      S=.bss     G=DGROUP   M=madListProcesses ACBP=A9
 0002:00007914 00000004 C=BSS      S=.bss     G=DGROUP   M=madListModules ACBP=A9
 0002:00007918 00000120 C=BSS      S=.bss     G=DGROUP   M=SysUtils ACBP=A9
 0002:00007A38 0000005C C=BSS      S=.bss     G=DGROUP   M=VarUtils ACBP=A9
 0002:00007A94 00000040 C=BSS      S=.bss     G=DGROUP   M=Variants ACBP=A9
 0002:00007AD4 00000004 C=BSS      S=.bss     G=DGROUP   M=RTLConsts ACBP=A9
 0002:00007AD8 00000004 C=BSS      S=.bss     G=DGROUP   M=TypInfo  ACBP=A9
 0002:00007ADC 00000040 C=BSS      S=.bss     G=DGROUP   M=Classes  ACBP=A9
 0002:00007B1C 00000004 C=BSS      S=.bss     G=DGROUP   M=Consts   ACBP=A9
 0002:00007B20 00000060 C=BSS      S=.bss     G=DGROUP   M=Graphics ACBP=A9
 0002:00007B80 00000004 C=BSS      S=.bss     G=DGROUP   M=Math     ACBP=A9
 0002:00007B84 00000004 C=BSS      S=.bss     G=DGROUP   M=Contnrs  ACBP=A9
 0002:00007B88 00000031 C=BSS      S=.bss     G=DGROUP   M=MultiMon ACBP=A9
 0002:00007BBC 00000004 C=BSS      S=.bss     G=DGROUP   M=Imm      ACBP=A9
 0002:00007BC0 00000008 C=BSS      S=.bss     G=DGROUP   M=HelpIntfs ACBP=A9
 0002:00007BC8 00000004 C=BSS      S=.bss     G=DGROUP   M=WinSpool ACBP=A9
 0002:00007BCC 00000004 C=BSS      S=.bss     G=DGROUP   M=Printers ACBP=A9
 0002:00007BD0 00000034 C=BSS      S=.bss     G=DGROUP   M=FlatSB   ACBP=A9
 0002:00007C04 00000004 C=BSS      S=.bss     G=DGROUP   M=SyncObjs ACBP=A9
 0002:00007C08 000000CC C=BSS      S=.bss     G=DGROUP   M=UxTheme  ACBP=A9
 0002:00007CD4 00000008 C=BSS      S=.bss     G=DGROUP   M=Themes   ACBP=A9
 0002:00007CDC 00000004 C=BSS      S=.bss     G=DGROUP   M=StdCtrls ACBP=A9
 0002:00007CE0 00000004 C=BSS      S=.bss     G=DGROUP   M=ExtCtrls ACBP=A9
 0002:00007CE4 00000004 C=BSS      S=.bss     G=DGROUP   M=Dlgs     ACBP=A9
 0002:00007CE8 0000000C C=BSS      S=.bss     G=DGROUP   M=Dialogs  ACBP=A9
 0002:00007CF4 0000000C C=BSS      S=.bss     G=DGROUP   M=Clipbrd  ACBP=A9
 0002:00007D00 00000004 C=BSS      S=.bss     G=DGROUP   M=StrUtils ACBP=A9
 0002:00007D04 00000004 C=BSS      S=.bss     G=DGROUP   M=StdActns ACBP=A9
 0002:00007D08 00000014 C=BSS      S=.bss     G=DGROUP   M=WinHelpViewer ACBP=A9
 0002:00007D1C 00000080 C=BSS      S=.bss     G=DGROUP   M=Controls ACBP=A9
 0002:00007D9C 00000004 C=BSS      S=.bss     G=DGROUP   M=ActnList ACBP=A9
 0002:00007DA0 0000000C C=BSS      S=.bss     G=DGROUP   M=ImgList  ACBP=A9
 0002:00007DAC 00000010 C=BSS      S=.bss     G=DGROUP   M=Menus    ACBP=A9
 0002:00007DBC 00000020 C=BSS      S=.bss     G=DGROUP   M=Forms    ACBP=A9
 0002:00007DDC 00000004 C=BSS      S=.bss     G=DGROUP   M=IniFiles ACBP=A9
 0002:00007DE0 00000004 C=BSS      S=.bss     G=DGROUP   M=Registry ACBP=A9
 0002:00007DE4 00000004 C=BSS      S=.bss     G=DGROUP   M=MaskUtils ACBP=A9
 0002:00007DE8 00000004 C=BSS      S=.bss     G=DGROUP   M=Mask     ACBP=A9
 0002:00007DEC 00000030 C=BSS      S=.bss     G=DGROUP   M=Buttons  ACBP=A9
 0002:00007E1C 00000004 C=BSS      S=.bss     G=DGROUP   M=FileCtrl ACBP=A9
 0002:00007E20 00000004 C=BSS      S=.bss     G=DGROUP   M=IdException ACBP=A9
 0002:00007E24 00000004 C=BSS      S=.bss     G=DGROUP   M=DateUtils ACBP=A9
 0002:00007E28 00000004 C=BSS      S=.bss     G=DGROUP   M=IdResourceStrings ACBP=A9
 0002:00007E2C 00000004 C=BSS      S=.bss     G=DGROUP   M=IdStreamVCL ACBP=A9
 0002:00007E30 00000004 C=BSS      S=.bss     G=DGROUP   M=IdStream ACBP=A9
 0002:00007E34 00000004 C=BSS      S=.bss     G=DGROUP   M=IdGlobal ACBP=A9
 0002:00007E38 00000004 C=BSS      S=.bss     G=DGROUP   M=IdBaseComponent ACBP=A9
 0002:00007E3C 000000BC C=BSS      S=.bss     G=DGROUP   M=IdWinsock2 ACBP=A9
 0002:00007EF8 00000004 C=BSS      S=.bss     G=DGROUP   M=IdWship6 ACBP=A9
 0002:00007EFC 00000004 C=BSS      S=.bss     G=DGROUP   M=IdStackConsts ACBP=A9
 0002:00007F00 00000004 C=BSS      S=.bss     G=DGROUP   M=IdIDN    ACBP=A9
 0002:00007F04 00000004 C=BSS      S=.bss     G=DGROUP   M=IdStackBSDBase ACBP=A9
 0002:00007F08 00000004 C=BSS      S=.bss     G=DGROUP   M=IdStackWindows ACBP=A9
 0002:00007F0C 00000008 C=BSS      S=.bss     G=DGROUP   M=IdStack  ACBP=A9
 0002:00007F14 00000004 C=BSS      S=.bss     G=DGROUP   M=IdComponent ACBP=A9
 0002:00007F18 00000004 C=BSS      S=.bss     G=DGROUP   M=IdAntiFreezeBase ACBP=A9
 0002:00007F1C 00000004 C=BSS      S=.bss     G=DGROUP   M=IdSocketHandle ACBP=A9
 0002:00007F20 00000004 C=BSS      S=.bss     G=DGROUP   M=IdRawBase ACBP=A9
 0002:00007F24 00000004 C=BSS      S=.bss     G=DGROUP   M=IdRawClient ACBP=A9
 0002:00007F28 00000004 C=BSS      S=.bss     G=DGROUP   M=IdExceptionCore ACBP=A9
 0002:00007F2C 00000004 C=BSS      S=.bss     G=DGROUP   M=IdStruct ACBP=A9
 0002:00007F30 00000004 C=BSS      S=.bss     G=DGROUP   M=IdRawHeaders ACBP=A9
 0002:00007F34 00000004 C=BSS      S=.bss     G=DGROUP   M=IdResourceStringsCore ACBP=A9
 0002:00007F38 00000004 C=BSS      S=.bss     G=DGROUP   M=IdIcmpClient ACBP=A9
 0002:00007F3C 00000008 C=BSS      S=.bss     G=DGROUP   M=upload   ACBP=A9


  Address         Publics by Name

 0002:00006690       .1
 0002:00007910       .1
 0002:00007F34       .1
 0002:0000668C       .1
 0002:000066BC       .1
 0002:00006688       .1
 0002:000077D0       .1
 0002:00007AD4       .1
 0002:000077DC       .1
 0002:00007808       .1
 0002:00007B1C       .1
 0002:00007BF0       .1
 0002:00007824       .1
 0002:00007820       .1
 0002:0000781C       .1
 0002:00007818       .1
 0002:00007914       .1
 0002:00007814       .1
 0002:00006670       .1
 0002:00006668       .1
 0002:00007BA8       .1
 0002:00007E28       .1
 0002:00007BBC       .1
 0002:00007D00       .1
 0002:00007908       .1
 0002:00007EF8       .1
 0002:00007CE4       .1
 0002:00007F00       .1
 0002:00007D10       .1
 0002:00007828       .1
 0002:00007EFC       .1
 0002:00007E30       .1
 0002:00007E24       .1
 0002:0000790C       .1
 0002:0000667C       .1
 0002:00007834       .1
 0002:00007CC4       .1
 0002:00007830       .1
 0002:0000780C       .1
 0002:0000782C       .1
 0002:00007E20       .11
 0002:00007CE8       .11
 0002:00007CE0       .12
 0002:00007B24       .12
 0002:00007F24       .2
 0002:00007F20       .2
 0002:00007F18       .2
 0002:00007CD4       .2
 0002:00006678       .2
 0002:00007F40       .2
 0002:00007BC0       .2
 0002:00007EF4       .2
 0002:00007B80       .2
 0002:00007CF8       .2
 0002:00007DE4       .2
 0002:00007E2C       .2
 0002:00007B84       .21
 0002:00006674       .3
 0002:00007810       .3
 0002:0000783C       .3
 0002:00007F1C       .3
 0002:00007E38       .3
 0002:00007DA0       .3
 0002:00007BC8       .3
 0002:00007BCC       .3
 0002:00007F14       .3
 0002:00007F10       .31
 0002:00007F30       .32
 0002:00007A28       .35
 0002:00007F28       .36
 0002:00007DEC       .4
 0002:00007F38       .4
 0002:00007F08       .4
 0002:00007F2C       .4
 0002:00007DC4       .41
 0002:00007CDC       .42
 0002:00007AE8       .45
 0002:000065B8       .5
 0002:000077D4       .5
 0002:00007F04       .5
 0002:00007DE0       .5
 0002:00007DE8       .5
 0002:000066B8       .5
 0002:00007E1C       .5
 0002:00007A90       .5
 0002:00007C04       .6
 0002:00007AD8       .6
 0002:00007E34       .61
 0002:00007D24       .72
 0002:00007D04       .73
 0002:00007DDC       .8
 0002:00007D9C       .8
 0002:00007AB4       .81
 0002:00007DB4       .9
 0001:00001FAC       @AbstractError
 0001:00003200       @AfterConstruction
 0001:0000302C       @AsClass
 0001:00003CC0       @Assert
 0001:00002290       @Assign
 0001:0000248C       @AStrCmp
 0001:00003210       @BeforeDestruction
 0001:00002DA4       @BoundErr
 0001:00003078       @CallDynaInst
 0001:000031A8       @ClassCreate
 0001:000031F8       @ClassDestroy
 0001:00002358       @Close
 0001:00001C94       @Copy
 0001:00004DA8       @CopyArray
 0001:00004C8C       @CopyRecord
 0001:00004EC0       @DispCallByIDError
 0001:0006C2F4       @DispInvokeError
 0001:00004EB0       @Dispose
 0001:00003750       @DoneExcept
 0001:00005370       @DynArrayAddRef
 0001:00005348       @DynArrayAsg
 0001:0000530C       @DynArrayClear
 0001:000051EC       @DynArrayCopy
 0001:0000520C       @DynArrayCopyRange
 0001:0000500C       @DynArrayHigh
 0001:00005004       @DynArrayLength
 0001:000051E0       @DynArraySetLength
 0001:000024FC       @EofText
 0001:00003838       @ExceptionHandler
 0001:00002534       @FillChar
 0001:00004C68       @Finalize
 0001:00004B7C       @FinalizeArray
 0001:00004B30       @FinalizeRecord
 0001:00003090       @FindDynaInst
 0001:0000234C       @Flush
 0001:00002D98       @FpuInit
 0001:00002CD4       @FpuMaskInit
 0001:00001AD8       @FreeMem
 0001:00001AA8       @GetMem
 0001:000061CC       @GetTls
 0001:00003CA8       @Halt
 0001:00003BC8       @Halt0
 0001:00003324       @HandleAnyException
 0001:00003610       @HandleAutoException
 0001:000035D8       @HandleFinally
 0001:00003450       @HandleOnException
 0001:00006218       @InitExe
 0001:00004B24       @Initialize
 0001:00004A90       @InitializeArray
 0001:00004A60       @InitializeRecord
 0001:00003A8C       @InitImports
 0001:00003A64       @InitResStringImports
 0001:00003A40       @InitResStrings
 0001:00005AE0       @IntfAddRef
 0001:00005AB0       @IntfCast
 0001:00005A6C       @IntfClear
 0001:00005A84       @IntfCopy
 0001:00002DAC       @IntOver
 0001:00003008       @IsClass
 0001:00002CA4       @isNECWindows
 0001:00001CD8       @LGetDir
 0001:0000421C       @LStrAddRef
 0001:00003D80       @LStrArrayClr
 0001:00003DB0       @LStrAsg
 0001:00004034       @LStrCat
 0001:00004078       @LStrCat3
 0001:000040EC       @LStrCatN
 0001:00003D5C       @LStrClr
 0001:00004178       @LStrCmp
 0001:00004290       @LStrCopy
 0001:000042D0       @LStrDelete
 0001:00003FDC       @LStrFromArray
 0001:00003F44       @LStrFromChar
 0001:00003F64       @LStrFromPChar
 0001:00003E4C       @LStrFromPCharLen
 0001:00003F94       @LStrFromPWChar
 0001:00003EB8       @LStrFromPWCharLen
 0001:00003FD0       @LStrFromString
 0001:00003F54       @LStrFromWChar
 0001:00003FF4       @LStrFromWStr
 0001:00004318       @LStrInsert
 0001:00003DF4       @LStrLAsg
 0001:0000402C       @LStrLen
 0001:00004374       @LStrPos
 0001:000043BC       @LStrSetLength
 0001:0000422C       @LStrToPChar
 0001:00004008       @LStrToString
 0001:00004E9C       @New
 0001:00003E20       @NewAnsiString
 0001:000044F4       @NewWideString
 0001:000029B8       @Pow10
 0001:00002408       @PStrCmp
 0001:000023E0       @PStrCpy
 0001:000023B0       @PStrNCat
 0001:000023EC       @PStrNCpy
 0001:000036FC       @RaiseAgain
 0001:000036D4       @RaiseExcept
 0001:00002590       @ReadChar
 0001:000026F4       @ReadLn
 0001:00002688       @ReadLString
 0001:0000267C       @ReadString
 0001:00001AF8       @ReallocMem
 0001:00002020       @ResetText
 0001:0000202C       @RewritText
 0001:00001FA0       @ROUND
 0001:00003CB4       @RunError
 0001:00002990       @SetEq
 0001:000029A4       @SetUnion
 0001:00003A00       @StartExe
 0001:00000314       @strlen
 0001:00003780       @TryFinallyExit
 0001:00004284       @UniqueStringA
 0001:00002724       @ValLong
 0001:0006D9EC       @VarAddRef
 0001:0006C5E0       @VarClear
 0001:00004B64       @VarClr
 0001:0006C5F4       @VarClr
 0001:00004C74       @VarCopy
 0001:0006C91C       @VarCopy
 0001:0006D924       @VarFromBool
 0001:0006D974       @VarFromCurr
 0001:0006D8BC       @VarFromInt
 0001:0006D8F8       @VarFromInt64
 0001:0006D988       @VarFromLStr
 0001:0006D94C       @VarFromReal
 0001:0006D960       @VarFromTDateTime
 0001:0006D9B4       @VarFromWStr
 0001:0006C348       @VarNull
 0001:0006CC48       @VarToLStr
 0001:0006D368       @VarToWStr
 0001:00004420       @Write0LString
 0001:0000445C       @Write0WString
 0001:0000283C       @WriteBytes
 0001:0000290C       @WriteLn
 0001:0000443C       @WriteLString
 0001:00002890       @WriteSpaces
 0001:00004478       @WriteWString
 0001:00004A40       @WStrAddRef
 0001:00004534       @WStrArrayClr
 0001:00004558       @WStrAsg
 0001:000046EC       @WStrCat
 0001:0000474C       @WStrCat3
 0001:000047B4       @WStrCatN
 0001:0000451C       @WStrClr
 0001:000047FC       @WStrCmp
 0001:00004880       @WStrCopy
 0001:000048CC       @WStrDelete
 0001:0000468C       @WStrFromArray
 0001:000046C0       @WStrFromLStr
 0001:00004584       @WStrFromPCharLen
 0001:00004644       @WStrFromPWChar
 0001:00004610       @WStrFromPWCharLen
 0001:00004680       @WStrFromString
 0001:000046A4       @WStrFromWArray
 0001:00004634       @WStrFromWChar
 0001:0000495C       @WStrInsert
 0001:0000457C       @WStrLAsg
 0001:000046E0       @WStrLen
 0001:000049F8       @WStrSetLength
 0001:000046D0       @WStrToPWChar
 0001:0000296C       @_CLenToPasStr
 0001:00002960       @_CToPasStr
 0001:00001C64       @_IOTest
 0001:00004EEC       @_lldiv
 0001:00004F68       @_llmod
 0001:00004EC8       @_llmul
 0001:00004FE4       @_llshl
 0001:0008FE4C       AbsMin
 0001:000690D4       AbstractErrorHandler
 0002:00006028       AbstractErrorProc
 0002:0000477C       accept
 0002:0000492C       AcceptEx
 0002:000039DC       AccessMode
 0001:00001BB0       AcquireExceptionObject
 0002:00007848       ActionHandlers
 0002:0000784C       ActionHandlersOO
 0001:00070FE8       ActivateClassGroup
 0001:00006D00       ActivateKeyboardLayout
 0002:00007D58       ActiveDrag
 0001:0002E5C8       ActiveX
 0001:0009F16C       ActnList
 0001:0000047C       AddBlockAfter
 0002:00002E20       AddCmdLineToBugRep
 0001:00013D10       AddCodeArea
 0001:0004F9E8       AddColumnStr
 0002:00003C50       AddDataModule
 0001:00061E90       AddDevice
 0001:00064C38       AddExitProc
 0001:00045344       AddFields
 0001:0007460C       AddFinished
 0001:00021718       AddFunction
 0001:000495D0       AddHeaderInfo
 0001:000A24D8       AddIn
 0001:000599F4       AddItem
 0001:0002B118       AddItem
 0001:00062DB0       AddItem
 0001:00056AB0       AddItem
 0001:0001509C       AddLine
 0001:00022590       AddLink
 0001:0003310C       AddMEProperty
 0001:00023F28       AddMinDebugInfoItem
 0001:000212E0       AddModule
 0001:000058C4       AddModuleUnloadProc
 0001:000058D4       AddModuleUnloadProc
 0001:0000E810       AddMsgHandler
 0001:0000E670       AddMsgHandler_
 0001:00074644       AddNotFinished
 0001:00056234       AddPatch
 0001:00025AD8       AddPngPart
 0001:0005FA50       AddPtr
 0001:00013EAC       AddSpecialBlock
 0001:00022960       AddStackItem
 0001:00075068       AddSubComponentsToLoaded
 0001:0007C660       AdjustColor
 0001:000A9584       Adjustment
 0001:00006D08       AdjustWindowRectEx
 0001:000259B0       Adler32
 0002:000044F0       Alignments
 0002:00004030       Alignments
 0002:000044E0       Alignments
 0001:000B04C8       AlignWork
 0001:000954E4       AlignWork
 0001:000063D8       AllocateAndInitializeSid
 0001:000787C4       AllocateHWnd
 0001:00064BDC       AllocMem
 0002:000065B0       AllocMemCount
 0002:000065B4       AllocMemSize
 0001:00054C94       AllocOutOfMemoryInsurance
 0001:000815A8       AllocPatternBitmap
 0001:0000615C       AllocTlsBuffer
 0001:0000E5E0       AllowWindowMessage
 0002:00002EBC       AmHttpServer
 0002:00002F3C       AmInMeInit
 0002:00002F40       AmInModuleFinal
 0002:00003770       AmInTraceProcess
 0002:00002F38       AmMeBpl
 0001:0003E0A4       AmOnline
 0002:0000377C       AmSyncingHandlers
 0001:0004F408       AnalyzePiece
 0002:000042CC       AnchorAlign
 0002:000042C0       AnimateWindowProc
 0002:000043C8       AnimationStyle
 0001:00064E40       AnsiCompareStr
 0001:00064E78       AnsiCompareText
 0001:0008C284       AnsiContainsStr
 0001:0008C214       AnsiContainsText
 0001:00065468       AnsiLastChar
 0001:00006D10       AnsiLower
 0001:00064E0C       AnsiLowerCase
 0001:00069AF8       AnsiLowerCaseFileName
 0001:00069ABC       AnsiPos
 0001:000A6D60       AnsiSameCaption
 0001:00064EB0       AnsiSameText
 0001:00064EC8       AnsiStrLIComp
 0001:00069B84       AnsiStrPos
 0001:00069C44       AnsiStrRScan
 0001:00069C8C       AnsiStrScan
 0001:00042874       AnsiToGlobalUnicode
 0001:00005EF8       AnsiToUtf8
 0001:00064DD8       AnsiUpperCase
 0002:0000379C       AntiFreezeCnt
 0002:00003798       AntiFreezeMsg
 0002:000037A0       AntiFreezePause
 0002:000037A4       AntiFreezePauseEvent
 0002:000037A8       AntiFreezeStopEvent
 0002:00003790       AntiFreezeTh
 0001:00037794       AntiFreezeThread
 0002:0000378C       AntiFreezeTid
 0002:000037AC       AntiFreezeTls
 0002:00003794       AntiFreezeWnd
 0001:0006708C       AppendChars
 0001:00067458       AppendFormat
 0001:000670F0       AppendNumber
 0001:000670D0       AppendString
 0002:00007DBC       Application
 0002:00003C60       ApplicationHandleException
 0002:00003C68       ApplicationShowException
 0001:00021630       ApproveFunction
 0001:000215F4       ApproveFunction
 0002:0000461C       AppVisible
 0002:000038C0       Armadillo
 0002:00004640       ArrowKey
 0001:000690B8       AssertErrorHandler
 0002:00006020       AssertErrorProc
 0001:0006E680       AssignLongStr
 0001:0006EA3C       AssignVariant
 0001:00006D18       AttachThreadInput
 0002:00006608       avail
 0002:00002D9C       b64
 0001:000655AC       BackfillGetDiskFreeSpaceEx
 0001:000929F4       BackgroundClipped
 0001:0006B2DC       BackupVarBoolFromStr
 0001:0006B43C       BackupVarBStrFromBool
 0001:0006B35C       BackupVarBStrFromCy
 0001:0006B3CC       BackupVarBStrFromDate
 0001:0006B270       BackupVarCyFromStr
 0001:0006B204       BackupVarDateFromStr
 0001:0006B0C0       BackupVarI4FromStr
 0001:0006B06C       BackupVariantChangeTypeEx
 0001:0006B12C       BackupVarR4FromStr
 0001:0006B198       BackupVarR8FromStr
 0002:000014F8       BaseDistance
 0002:00001484       BaseLength
 0002:00000448       BcbInitExceptBlockLDTC
 0001:000064B0       Beep
 0001:00071340       BeginGlobalLoading
 0001:00006D20       BeginPaint
 0001:00003D18       BeginThread
 0002:000038C4       BeginThread_Begin
 0002:000038C8       BeginThread_End
 0001:0007C66C       BetterSize
 0001:000A336C       BiDiDraw
 0002:00004780       bind
 0001:0002EB64       bind
 0001:00006A60       BitBlt
 0002:00004644       BitBtnCaptions
 0002:00007DF0       BitBtnGlyphs
 0002:000016A8       BitLengthOrder
 0002:00003F6C       BitmapCanvasList
 0002:00007B3C       BitmapImageLock
 0002:00001928       BitOrder
 0001:00016E8C       BitReverse
 0001:00017440       BitsWindup
 0001:0006B0A8       BiUnimplemented
 0002:00003C88       BlockCode
 0002:000065E0       blockDescBlockList
 0002:000065E4       blockDescFreeList
 0002:00003C44       BooleanIdents
 0001:00008510       BooleanToCharW
 0002:00003BC0       BooleanToStringRule
 0001:00028E00       BooleanValue
 0001:00065300       BoolToStr
 0001:0006C9D0       BoolToWStrViaOS
 0002:00004028       BorderStyles
 0001:0002605C       Bottom
 0001:000062B8       Bounds
 0001:00070300       Bounds
 0002:00004488       Breaks
 0001:00006D28       BringWindowToTop
 0002:00007B74       BrushManager
 0002:00002EC0       BugReportHtml
 0001:00017888       BuildBitLengthTree
 0001:00019210       BuildHuffmanTables
 0001:000A5B40       BuildImage
 0001:000171F8       BuildTree
 0002:00004294       ButtonCaptions
 0002:00004268       ButtonNames
 0002:00004504       Buttons
 0001:000B7024       Buttons
 0002:000040CC       ButtonStyles
 0001:0007BE38       BytesPerScanline
 0001:000B86CC       BytesToUInt16
 0001:0007C19C       ByteSwapColors
 0001:00069790       ByteToCharIndex
 0001:00069768       ByteToCharLen
 0001:0006972C       ByteType
 0001:000696B4       ByteTypeTest
 0002:00000A38       C3dNowLabels
 0002:00007DA4       CachedComCtrlVer
 0002:00003890       CAdminSia
 0001:0005FAE8       CalcCheckSum
 0001:00014900       CalcCodeBegin
 0001:0001BB44       CalcCryptPassword
 0001:000786C8       CalcJmpOffset
 0001:00011F24       CalcMSize
 0001:0009D1D8       CalcSplitterPos
 0001:000279BC       CalculateArea
 0001:00027AD0       CalculateRegion
 0001:0002ED84       CalibrateCode
 0002:00002EB8       CalibrateData
 0002:0000390C       CalibrateLeakCheckingProc
 0001:0005FF58       CalibrateModule
 0001:00060100       CalibrateModules
 0001:00006D30       CallNextHookEx
 0001:0006A4A4       CallTerminateProcs
 0001:0005DF24       CallThreadProcSafe
 0001:00006D38       CallWindowProc
 0001:00006D40       CallWindowProcA
 0001:00006D48       CallWindowProcW
 0001:00090E98       CancelDrag
 0002:00007B78       CanvasList
 0002:00007D6C       CanvasList
 0002:00004254       Captions
 0002:00004384       CaptureControl
 0002:00004428       cBooleanToItemAutoFlag
 0002:0000381C       CBoundary
 0002:00000A30       Ccc
 0002:00003764       CDfmHeader
 0002:00000C3C       CEmptyFunctionInfo
 0002:000037FC       CEncodeMailto
 0002:000037DC       CEncodeSmtp
 0002:0000043C       CErrorStr_InvalidCode
 0002:00002F74       CEveryoneSia
 0002:00007CF6       CF_COMPONENT
 0002:00007CF4       CF_PICTURE
 0002:00002F10       CGIApp_TCGIApplication_CGIHandleException
 0002:00007AAC       ChangeAnyProc
 0001:0008F3FC       ChangeBiDiModeAlignment
 0002:00004050       CharCases
 0002:00004080       CharCases
 0001:00003E7C       CharFromWChar
 0001:00069974       CharLength
 0001:00006D50       CharLowerBuff
 0001:00006D58       CharNext
 0001:0000027C       CharNext
 0001:0007A6BC       CharsetToIdent
 0001:0006987C       CharToByteIndex
 0001:000698E0       CharToByteLen
 0001:00006D60       CharToOemA
 0001:00006D68       CharUpperBuff
 0001:00013F70       CheckAddTarget
 0001:00031804       CheckAutoBtn
 0001:00054014       CheckAutoSave
 0001:000542C0       CheckAutoStuff
 0001:0007CC50       CheckBool
 0001:0004C368       CheckColDec
 0001:00018504       CheckDstMap
 0001:0001693C       CheckDstMap
 0001:00037B14       CheckEMailAddress
 0001:00032610       CheckExceptAddr
 0001:00032488       CheckExceptParams
 0001:0005FB44       CheckFileCrc
 0001:0005C064       CheckFilters
 0001:00021C90       CheckFunctionAreas
 0001:00012FA4       CheckFunctionName
 0001:000032A0       CheckJmp
 0001:00006D70       CheckMenuItem
 0001:00010A24       CheckPrefix
 0002:00000414       CheckProcAddress
 0001:000116BC       CheckRegState
 0001:0005F934       CheckRestart
 0002:00004478       Checks
 0001:0001674C       CheckSrcMap
 0001:000182DC       CheckSrcMap
 0001:00013178       CheckStringData
 0001:000750A4       CheckSubComponents
 0001:00077488       CheckSynchronize
 0001:00011408       CheckTarget
 0001:000A8FB8       CheckTaskWindow
 0001:00016440       CheckTryRead
 0001:00090B4C       CheckUndock
 0001:000695A8       CheckWin32Version
 0001:00043374       ChooseAuthScheme
 0002:00003BC4       CInvalidCustomVariantType
 0002:0000442C       cItemAutoFlagToBoolean
 0002:00004424       cItemAutoFlagToMenu
 0002:0000044C       CKernel32
 0002:00000450       CKernelbase
 0001:00078954       Classes
 0002:00002F0C       Classes_CheckSynchronize
 0001:00070DAC       ClassNotFound
 0002:00007AA8       ClearAnyProc
 0001:00079F3C       ClearColor
 0001:00044124       ClearEmail
 0001:00032440       ClearLastException
 0002:0000391C       ClearLeaksProc
 0001:0002F92C       ClearTempPath
 0001:0006DD28       ClearVariantTypeList
 0001:00006D78       ClientToScreen
 0001:0009A770       ClientToWindow
 0001:0008C0D0       Clipboard
 0002:00003F64       ClipboardFormats
 0001:0008C1BC       Clipbrd
 0001:0006198C       Close
 0001:000379BC       CloseAntiFreeze
 0002:00002E28       CloseAppExitCode
 0001:0004C160       CloseApplication
 0001:0003FC3C       CloseAttachFiles
 0001:000257B4       CloseBmp
 0001:00006D80       CloseClipboard
 0001:0005EAC0       CloseCreateThreadHook
 0001:00037284       CloseFireHandlers
 0001:0000021C       CloseHandle
 0001:000064B8       CloseHandle
 0001:00054B58       CloseHandleExceptionThread
 0001:000BCCD8       CloseIDNLibrary
 0001:000BBBC4       CloseLibrary
 0001:0005ED18       CloseMessageHooks
 0001:0002EB6C       closesocket
 0002:00004784       closesocket
 0002:00007C0C       CloseThemeData
 0002:00002E10       CMadExceptVersionString
 0002:00000438       CMadToolsMsgHandlerWindow
 0002:00002DF8       CMapFileStreamDescriptor
 0002:0000603C       CmdLine
 0002:00006038       CmdShow
 0002:00004420       cMenuAutoFlagToItem
 0002:00002FE4       CMEProperties
 0002:00003820       CMonths
 0001:0006B0B4       CmpUnimplemented
 0002:00000390       CNetMsg
 0002:00000380       CNetMsg
 0002:00000178       CNtDll
 0002:00002F5C       CNtObjAttr
 0001:00011DD8       CodeToHex
 0001:0002311C       CollectPossibleStackItems
 0001:00026B24       ColorLookup
 0002:00003CE4       Colors
 0001:0007A4B4       ColorToIdent
 0002:000040D4       ColorToPretyName
 0001:0007A4A4       ColorToRGB
 0001:0004F990       ColumnExists
 0001:00006A68       CombineRgn
 0002:0000406C       ComboBoxStyles
 0002:00007DB8       CommandPool
 0001:0002E6CC       CommCtrl
 0001:0002E84C       CommDlg
 0001:000007FC       Commit
 0002:00006624       committedRoot
 0001:000A1ABC       CompareFront
 0001:0004971C       CompareHeaderInfo
 0001:00064D40       CompareMem
 0001:00064D10       CompareStr
 0001:000064C0       CompareString
 0001:00008624       CompareText
 0001:00064D60       CompareText
 0002:00000140       CompareTextW
 0001:00065228       CompareWith
 0001:00055318       CompletePhaseHandlerExists
 0001:0002FB90       CompName
 0001:00075184       ComponentCreated
 0001:0002432C       ComposeResult
 0001:0001A6B4       Compress
 0001:00025A10       CompressBitmap
 0001:000179E8       CompressBlock
 0001:00017D88       CompressEx
 0001:0007CA10       ComputeAldusChecksum
 0002:00004788       connect
 0001:0002EB74       connect
 0002:00004938       ConnectEx
 0001:00078CA0       Consts
 0001:00036D40       ContainsSyncHandler
 0001:00081AC4       Contnrs
 0002:00007D2A       ControlAtom
 0002:00007D30       ControlAtomString
 0001:000ADD6C       ControlHasHelp
 0001:0009DE74       Controls
 0001:00068B04       ConvertAddr
 0001:000671E4       ConvertEraString
 0001:00064BB8       ConvertErrorFmt
 0002:000049F8       ConvertLengthToIpv4Mask
 0001:0002B9B8       ConvertObject
 0001:0002B508       ConvertProperty
 0001:00067350       ConvertYearString
 0002:0000045C       COpcodeFlags
 0002:0000065C       COpcodeFlags0f
 0002:0000085C       COpcodeFlagsEx
 0002:00000A3C       COpcodeLabelIndex
 0002:00000B3C       COpcodeLabelIndex0f
 0002:00000A34       COpcodeLabels
 0001:00005014       CopyArray
 0001:0007EBD8       CopyBitmap
 0001:0007F2A0       CopyBitmapAsMask
 0001:000178FC       CopyBlock
 0001:00006A70       CopyEnhMetaFile
 0002:0000186C       CopyExtra
 0001:000064C8       CopyFileA
 0001:000064D0       CopyFileW
 0002:000016FC       CopyLengths
 0002:00001778       CopyLiteralExtra
 0002:000017F4       CopyOffsets
 0001:0007F23C       CopyPalette
 0001:000083A8       CopyR
 0002:00003FC0       Copyright
 0001:000B7644       CopyTIdBytes
 0001:000B7724       CopyTIdUInt16
 0001:000B772C       CopyTIdUInt32
 0001:000A4BEC       CopyToBest
 0002:0000039C       COsDescr
 0001:000227FC       CouldBeAfterCall
 0001:000697EC       CountChars
 0002:00007B54       CounterLock
 0002:00001D54       CPArr
 0002:00003BC8       CRangeToType
 0002:00002ED0       CrashOnOverrun
 0002:00001950       crc32Tab
 0002:00000454       CReadProcessMemory
 0001:00068FFC       CreateAssertException
 0001:0002E330       CreateAssistant
 0001:00069184       CreateAVObject
 0001:0005D4CC       CreateAVStr
 0001:00006A78       CreateBitmap
 0001:000256F8       CreateBmp
 0001:00006A80       CreateBrushIndirect
 0001:00051948       CreateButton
 0001:00006A88       CreateCompatibleBitmap
 0001:00006A90       CreateCompatibleDC
 0001:00075204       CreateComponent
 0001:00006A98       CreateDC
 0001:00006AA8       CreateDIBitmap
 0001:00006AA0       CreateDIBSection
 0001:000064D8       CreateDirectoryA
 0001:000064E0       CreateDirectoryW
 0001:000064E8       CreateEvent
 0001:000064F0       CreateEventA
 0001:000064F8       CreateFile
 0001:00000224       CreateFileA
 0001:00006500       CreateFileA
 0001:00006510       CreateFileMapping
 0001:00006518       CreateFileMappingA
 0001:00006520       CreateFileMappingW
 0001:00006508       CreateFileW
 0001:00006AB0       CreateFont
 0001:00006AB8       CreateFontA
 0001:00006AC0       CreateFontIndirect
 0001:00006AC8       CreateHalftonePalette
 0001:00006D88       CreateIcon
 0001:00068F28       CreateInOutError
 0001:000504C8       CreateListView
 0001:0002D5BC       CreateMainButton
 0001:0002D1F4       CreateMainWindow
 0001:00006D90       CreateMenu
 0001:00006530       CreateMutex
 0001:00006558       CreateMutexA
 0001:00006AD0       CreatePalette
 0001:00006AD8       CreatePen
 0001:00006AE0       CreatePenIndirect
 0001:00006578       CreatePipe
 0001:00025B98       CreatePng
 0001:00006D98       CreatePopupMenu
 0001:00006580       CreateProcessA
 0001:00006588       CreateProcessW
 0001:00006AE8       CreateRectRgnIndirect
 0002:000078FC       CreateRemoteThreadExNext
 0002:000038E0       CreateRemoteThreadHookAbsPos
 0002:000038E4       CreateRemoteThreadHookAbsRestore
 0002:000038D8       CreateRemoteThreadHookRelPos
 0002:000038DC       CreateRemoteThreadHookRelRestore
 0002:000078F8       CreateRemoteThreadNext
 0001:00006AF0       CreateSolidBrush
 0001:0007C1F4       CreateSystemPalette
 0001:00006590       CreateThread
 0001:00000284       CreateThread
 0002:00003948       CreateToolhelp32Snapshot
 0001:00007534       CreateWindow
 0001:0000758C       CreateWindowA
 0001:0000742C       CreateWindowEx
 0001:00007484       CreateWindowExA
 0001:000074DC       CreateWindowExW
 0001:000075E4       CreateWindowW
 0001:00051848       CreateWindow_
 0002:000042C4       CreationControl
 0002:0000424C       CreationControl
 0002:000009B0       CRegLabels
 0002:00003C30       CRelationshipToBoolean
 0002:00003850       CRes
 0002:00003BAC       CResult
 0002:00000388       CRtlNtStatusToDosError
 0002:00000394       CRtlNtStatusToDosError
 0001:0001AE50       crypt2dwords
 0001:0001B328       cryptBuf
 0002:00001D9C       CSArr
 0002:000039D4       cSimpleBoolStrs
 0002:00002F84       CsVersion
 0002:00002F7C       CSystemSia
 0002:00003BDC       CText
 0002:000040C4       Ctl3DStyles
 0002:000043C0       Ctl3DStyles
 0002:0000661C       curAlloc
 0002:00007920       CurrencyDecimals
 0002:0000791C       CurrencyFormat
 0002:00007918       CurrencyString
 0001:00067078       CurrentYear
 0001:00066C04       CurrToStr
 0001:0006C960       CurrToWStrViaOS
 0002:000045A0       CursorMap
 0002:000042D4       Cursors
 0001:0008F71C       CursorToIdent
 0002:00004590       cUseAlpha
 0002:00004598       cUseColorKey
 0002:00002E6C       CustomizeSimpleMsgBox
 0001:00026684       Cut
 0001:0004F25C       CutInPieces
 0002:000037B4       CValidChars
 0001:00064F9C       CvtInt
 0001:00065008       CvtInt64
 0002:00000398       CWinErrNr
 0002:0000038C       CWinErrNr
 0002:00000384       CWinHttp
 0002:00003A14       CWNear
 0002:00000458       CWriteProcessMemory
 0001:000B3634       DataTypeToRegData
 0002:00007921       DateSeparator
 0001:00067C8C       DateTimeToStr
 0001:00067C30       DateTimeToString
 0001:00066CC4       DateTimeToTimeStamp
 0001:0006C998       DateToWStrViaOS
 0001:000B72B8       DateUtils
 0001:00067050       DayOfWeek
 0002:00003A10       DCon10
 0001:00027C88       DcToBmp
 0002:00003CE0       DDBsOnly
 0001:00078878       DeallocateHWnd
 0002:00000028       DebugHook
 0001:00028ED0       DecCol
 0001:0004C3C0       DecCol
 0002:0000791F       DecimalSeparator
 0001:0001B744       Decode
 0001:0001B884       Decode
 0002:00001D50       DecodeA
 0001:00067030       DecodeDate
 0001:00066EE0       DecodeDateFully
 0001:0001E2D0       DecodeNameString
 0001:00066D78       DecodeTime
 0001:0000AD10       DecodeUtf8
 0001:000008BC       Decommit
 0001:00000FE8       DecommitFree
 0002:000065F8       decommittedRoot
 0001:0001B4F4       Decrypt
 0001:00042680       DecryptPassword
 0001:0000ABEC       DecryptStr
 0001:0000A400       DecSepW
 0001:000B1104       Default
 0001:000AB9EC       Default
 0002:00000020       Default8087CW
 0002:00004634       DefaultBlank
 0001:00052FFC       DefaultBugReportHtml
 0002:000042C8       DefaultDockTreeClass
 0002:00000034       DefaultTextLineBreakStyle
 0002:000065BC       DefaultUserCodePage
 0002:00003F34       DefBrushData
 0002:00003CB4       DefFontData
 0001:00006DA0       DefFrameProc
 0002:00003AA0       DefLongDayNames
 0002:00003A54       DefLongMonthNames
 0001:00006DA8       DefMDIChildProc
 0002:00003F14       DefPenData
 0002:00003A84       DefShortDayNames
 0002:00003A24       DefShortMonthNames
 0001:00006DB0       DefWindowProc
 0001:00006DB8       DefWindowProcA
 0001:00006DC0       DefWindowProcW
 0001:0004CEB0       DefWindowProcX
 0001:000053AC       DelayLoadResourceModule
 0001:000004D8       DeleteBlock
 0001:000003E8       DeleteCriticalSection
 0001:00006598       DeleteCriticalSection
 0001:00006AF8       DeleteDC
 0001:00006B00       DeleteEnhMetaFile
 0001:000065A0       DeleteFileA
 0001:000065A8       DeleteFileW
 0001:00000DD0       DeleteFree
 0001:0002264C       DeleteLink
 0001:00006DC8       DeleteMenu
 0001:00006B08       DeleteObject
 0001:00089D94       DeleteSelectedText
 0001:0000EA38       DelMsgHandler
 0001:0000E81C       DelMsgHandler_
 0002:0000393C       DelphiAlignment
 0002:00002ECC       DelphiDebugMm
 0001:000339AC       DereferenceMeSettingsBuf
 0001:00033F38       DereferenceMeSettingsModule
 0001:0007E794       DeselectBitmap
 0001:00006DD0       DestroyCursor
 0001:00006DD8       DestroyIcon
 0001:000B6F54       DestroyLocals
 0001:00006DE0       DestroyMenu
 0001:00006DE8       DestroyWindow
 0002:00002E24       DetectConsole
 0001:0008CE10       DialogEnumerationTester
 0001:0008BB30       Dialogs
 0002:00003F70       DIBPalSizes
 0002:00000090       dig
 0001:000A8DF4       DisableTaskWindows
 0002:00002EC4       DisAsmFunc
 0001:00011FE8       DisAsmModRm
 0002:0000493C       DisconnectEx
 0001:00006DF0       DispatchMessage
 0002:00002DFC       DispatchMessageA
 0001:000AF04C       DispatchShortCut
 0002:00006000       DispCallByIDProc
 0002:00001184       DistanceCode
 0001:00064B9C       DivMod
 0001:0008B4F8       Dlgs
 0001:00095374       DoAlign
 0001:000B037C       DoAlign
 0001:00099430       DoCalcConstraints
 0002:00007D60       DockSiteList
 0001:000A580C       DoClick
 0001:00096AC0       DoControlMsg
 0001:000A8DA4       DoDisableWindow
 0001:0009046C       DoDragOver
 0001:00054134       DoExceptionAutoStuff
 0001:00064BFC       DoExitProc
 0001:0009B488       DoFindControlZone
 0001:000A8EF8       DoFindWindow
 0001:0009BA14       DoFindZone
 0001:00036E48       DoFireHandlers
 0001:0009B50C       DoForEach
 0001:0009CE3C       DoGetNextLimit
 0001:00015498       DoItAll
 0001:000A8D6C       DoneApplication
 0001:0009DB9C       DoneControls
 0001:000694B8       DoneExceptions
 0001:000AD3C8       DoNestedActivation
 0001:00077448       DoneThreadSynchronization
 0002:00002E88       DontAddDots
 0002:00002EAC       DontBase64HttpUpload
 0002:00002E80       DontPrettifyExceptMsg
 0002:00002E54       DontReformatExcMsg
 0001:000B2420       DoOnHelp
 0001:00094F34       DoPosition
 0001:000B01CC       DoPosition
 0001:0009C464       DoPrune
 0001:0009C93C       DoSaveZone
 0001:0009CB40       DoSetNewBounds
 0002:00003C4C       DotSep
 0002:000049A4       DownlevelGetLocaleScripts
 0002:000049A8       DownlevelGetStringScripts
 0002:000049AC       DownlevelVerifyScripts
 0001:0007CEA8       DoWrite
 0001:000A00F4       DoWrite
 0001:000725B8       DoWrite
 0001:0007D8E0       DoWrite
 0001:000960A8       DoWriteDesignSize
 0001:00093B08       DoWriteIsControl
 0002:00007D44       DragCapture
 0002:00007D38       DragControl
 0001:00090BC0       DragDone
 0001:00090414       DragFindTarget
 0001:000903E8       DragFindWindow
 0002:00007D5C       DragImageList
 0001:00090818       DragInit
 0001:00090988       DragInitControl
 0002:00007D40       DragInternalObject
 0001:00090330       DragMessage
 0002:00007D3C       DragObject
 0002:00007D68       DragSave
 0002:00007D50       DragSaveCursor
 0002:00007D48       DragStartPos
 0002:00007D54       DragThreshold
 0001:00090548       DragTo
 0001:000B1140       DrawAppIcon
 0001:0009BFD0       DrawCloseButton
 0001:00027B64       DrawCursorOnDC
 0001:00006DF8       DrawEdge
 0001:00006E00       DrawFocusRect
 0001:00006E08       DrawFrameControl
 0001:0009C028       DrawGrabberLine
 0001:0000BA28       DrawGraphic
 0001:00006E10       DrawIcon
 0001:00006E18       DrawIconEx
 0002:000043FC       DrawingStyles
 0001:0004C7B0       DrawLine
 0001:00006E20       DrawMenuBar
 0001:000A6B7C       DrawMenuItem
 0001:00006E28       DrawText
 0001:00006E30       DrawTextA
 0001:00006E38       DrawTextW
 0002:00007C10       DrawThemeBackground
 0002:00007C34       DrawThemeEdge
 0002:00007C38       DrawThemeIcon
 0002:00007CBC       DrawThemeParentBackground
 0002:00007C14       DrawThemeText
 0002:00002E30       DumbStackTrace
 0001:0007BCB8       DupBits
 0001:000065B0       DuplicateHandle
 0001:0000502C       DynArrayClear
 0001:00005034       DynArraySetLength
 0001:0005D038       Ebp
 0002:000044E8       EdgeStyle
 0002:000043B0       EdgeStyles
 0002:000040B4       EdgeStyles
 0001:00054E64       EExternalException.Create
 0001:00068EFC       EHeapException.FreeInstance
 0001:000B7218       EIdException.Create
 0001:000C09AC       EIdSocketError.CreateError
 0001:000B8CA0       EIdWinsockStubError.Build
 0001:00006E40       EmptyClipboard
 0002:00007A94       EmptyParam
 0002:00003958       EmptyStr
 0002:0000395C       EmptyWideStr
 0001:00006E48       EnableMenuItem
 0002:00002E90       EnableRedirection
 0002:00004480       Enables
 0001:00006E50       EnableScrollBar
 0001:000A8EA8       EnableTaskWindows
 0002:00007CA4       EnableThemeDialogTexture
 0002:00007CC0       EnableTheming
 0001:00006E58       EnableWindow
 0001:0001B728       Encode
 0001:0001B5F8       Encode
 0001:0003E6F8       EncodeStr
 0001:0000AF0C       EncodeUtf8
 0001:00006B10       EndDoc
 0001:000713C8       EndGlobalLoading
 0001:00006B18       EndPage
 0001:00006E60       EndPaint
 0001:00016408       EndTryRead
 0001:000065B8       EnterCriticalSection
 0001:000003D8       EnterCriticalSection
 0001:000336C4       EnterSettingsMutex
 0001:000065C0       EnumCalendarInfoA
 0001:00006E68       EnumClipboardFormats
 0002:00007BA4       EnumDisplayMonitors
 0001:00068778       EnumEraNames
 0001:000687B4       EnumEraYearOffsets
 0001:000ABFB0       EnumMonitorsProc
 0001:00062F94       EnumProcesses9x
 0001:000630E0       EnumProcessesNt
 0001:00006E70       EnumThreadWindows
 0001:000749B8       EnumValue
 0001:00006E78       EnumWindows
 0001:00006E80       EqualRect
 0002:000079E8       EraNames
 0001:00067F04       EraToYear
 0002:00007A04       EraYearOffsets
 0002:00000068       errCaption
 0001:000A180C       Error
 0001:00070950       Error
 0001:00074170       Error
 0001:00001C58       Error
 0002:00000004       ErrorAddr
 0001:00001C0C       ErrorAt
 0001:0000A4A8       ErrorCodeToStr
 0002:00000108       ErrorCodeToStrA
 0001:0000A9C0       ErrorCodeToStrW
 0001:00068FA8       ErrorHandler
 0002:00003ABC       ErrorMap
 0002:00006008       ErrorProc
 0002:000063E4       ErrOutput
 0001:0005D030       Esp
 0001:00023B14       EvaluateLinks
 0001:00001B84       ExceptAddr
 0002:0000600C       ExceptClsProc
 0002:000038FC       ExceptDllInitDone
 0001:00069424       ExceptHandler
 0002:00007840       ExceptHandlers
 0002:00007844       ExceptHandlersOO
 0001:00068D70       Exception.Create
 0001:00068DAC       Exception.CreateFmt
 0001:00068E2C       Exception.CreateRes
 0001:00068E68       Exception.CreateResFmt
 0002:00002EA8       ExceptionBoxHeight
 0002:00002EA4       ExceptionBoxWidth
 0002:0000601C       ExceptionClass
 0001:00068B10       ExceptionErrorMessage
 0002:0000389C       exceptionNumber
 0002:00003AF4       ExceptMap
 0001:00001B64       ExceptObject
 0002:00006010       ExceptObjProc
 0002:00006004       ExceptProc
 0001:00006B20       ExcludeClipRect
 0002:00000000       ExitCode
 0001:00003B0C       ExitDll
 0002:00006044       ExitProc
 0001:000065C8       ExitProcess
 0001:0000028C       ExitProcess
 0002:00006024       ExitProcessProc
 0002:000039D0       ExitProcList
 0001:000065D0       ExitThread
 0001:000065D8       ExpandEnvironmentStringsA
 0001:000065E0       ExpandEnvironmentStringsW
 0001:00065570       ExpandFileName
 0001:00031B98       ExpandVars
 0001:0000EC00       ExportToFunc
 0001:0008B498       ExtCtrls
 0002:0000165C       ExtraBitLengthBits
 0001:0004925C       ExtractBugReportHeaderField
 0001:00049384       ExtractBugReportSection
 0001:0000CE48       ExtractFileDriveA
 0001:0000B1A8       ExtractFileDriveW
 0001:00065528       ExtractFileExt
 0001:0000B298       ExtractFileExtW
 0001:000654F0       ExtractFileName
 0001:0000B120       ExtractFileNameW
 0001:0000B160       ExtractFilePathW
 0001:00047720       ExtractProjects
 0001:00043874       ExtractResult
 0001:00043918       ExtractXml2
 0002:000015E4       ExtraDistanceBits
 0002:00001570       ExtraLengthBits
 0001:00006B28       ExtTextOut
 0002:00007A24       FalseBoolStrs
 0002:00000C88       FastPageExecute
 0002:00007CFC       FClipboard
 0002:00003A04       FCon1E18
 0002:0000037C       FDecSepW
 0001:000BB6F4       FD_ISSET
 0001:000BB70C       FD_ZERO
 0001:000B7734       Fetch
 0001:000B77E4       FetchCaseInsensitive
 0001:00065460       FileClose
 0001:000653C8       FileCreate
 0001:000653A4       FileCreate
 0001:000B707C       FileCtrl
 0002:00003F68       FileFormats
 0002:00000008       FileMode
 0001:00002074       FileNOPProc
 0001:0006534C       FileOpen
 0001:000653D0       FileRead
 0002:00003C78       FilerSignature
 0001:00065428       FileSeek
 0001:000065E8       FileTimeToDosDateTime
 0001:000065F0       FileTimeToLocalFileTime
 0001:000065F8       FileTimeToSystemTime
 0001:0000DA48       FileVersionToStr
 0002:00000408       FileVersionToStrA
 0001:0000DB3C       FileVersionToStrW
 0001:000653FC       FileWrite
 0001:00000F08       FillAfterGap
 0001:00000EA8       FillBeforeGap
 0001:00032384       FillClipboard
 0001:00045A98       FillDoubleLists
 0001:00000FA8       FillerSizeAfterGap
 0001:00000F30       FillerSizeBeforeGap
 0001:00024040       FillFinalOutput
 0001:00045C50       FillList
 0001:000472FC       FillMultiLists
 0001:00033AF0       FillProps
 0001:00029108       FillRect
 0001:00029150       FillRect
 0001:00006E88       FillRect
 0001:00009290       FillStr
 0001:000092D8       FillStr
 0002:000000F8       FillStrA
 0002:0000015C       FillStrW
 0001:000236E8       FillUpLink
 0001:00016C38       FillWindow
 0001:0000FC04       Finalization
 0001:00061B3C       Finalization
 0001:000C2A4C       Finalization
 0001:000C2A14       Finalization
 0001:00061DB8       Finalization
 0001:000C1824       Finalization
 0001:00062C9C       Finalization
 0001:00016630       Finalization
 0001:000C17EC       Finalization
 0001:0000C56C       Finalization
 0001:0006EB7C       Finalization
 0001:0000B360       Finalization
 0001:0000B2D8       Finalization
 0001:0001ADEC       Finalization
 0001:000BB9C4       Finalization
 0001:000C17B4       Finalization
 0001:00083798       Finalization
 0001:0001B8A0       Finalization
 0001:0006E398       Finalization
 0001:0006E174       Finalization
 0001:00021168       Finalization
 0001:000638CC       Finalization
 0001:000C177C       Finalization
 0001:00025524       Finalization
 0001:000788A4       Finalization
 0001:000835EC       Finalization
 0001:00078C70       Finalization
 0001:000C1744       Finalization
 0001:000C170C       Finalization
 0001:00063E70       Finalization
 0001:000C16D4       Finalization
 0001:0002806C       Finalization
 0001:000C169C       Finalization
 0001:000C1664       Finalization
 0001:000C15BC       Finalization
 0001:000C1564       Finalization
 0001:0008411C       Finalization
 0001:0006B814       Finalization
 0001:000C023C       Finalization
 0001:0000794C       Finalization
 0001:00007734       Finalization
 0001:00084B74       Finalization
 0001:000BC9A8       Finalization
 0001:0009DE0C       Finalization
 0001:000BC9E8       Finalization
 0001:0008AE30       Finalization
 0001:0006AE4C       Finalization
 0001:0008B450       Finalization
 0001:0008B4C8       Finalization
 0001:000832C8       Finalization
 0001:00083290       Finalization
 0001:00083248       Finalization
 0001:0008D088       Finalization
 0001:00006014       Finalization
 0001:00082260       Finalization
 0001:00082220       Finalization
 0001:0009F13C       Finalization
 0001:0008BAD4       Finalization
 0001:0002E554       Finalization
 0001:000A086C       Finalization
 0001:00081A94       Finalization
 0001:0000625C       Finalization
 0001:0002E598       Finalization
 0001:000817C0       Finalization
 0001:000062D4       Finalization
 0001:0002E69C       Finalization
 0001:0002E6EC       Finalization
 0001:0002E724       Finalization
 0001:0002E75C       Finalization
 0001:0002E794       Finalization
 0001:0002E7CC       Finalization
 0001:0002E81C       Finalization
 0001:0002EB2C       Finalization
 0001:0002EBEC       Finalization
 0001:000B4574       Finalization
 0001:000A6E5C       Finalization
 0001:000815E0       Finalization
 0001:0008C404       Finalization
 0001:0008C29C       Finalization
 0001:000B3424       Finalization
 0001:000B34DC       Finalization
 0001:000B3B30       Finalization
 0001:000B6F1C       Finalization
 0001:000B6FEC       Finalization
 0001:000B704C       Finalization
 0001:000B89E8       Finalization
 0001:000B88DC       Finalization
 0001:000BD6C0       Finalization
 0001:0008C180       Finalization
 0001:000B7250       Finalization
 0001:000B7288       Finalization
 0001:000BCD28       Finalization
 0001:000B74E0       Finalization
 0001:000B7470       Finalization
 0001:000B74A8       Finalization
 0001:00005024       FinalizeArray
 0001:00003920       FinalizeUnits
 0001:0005D3B8       FinalizeUnitsCrash
 0001:0000EA44       FinalMsgHandler
 0001:000A55CC       Find
 0001:000601E8       FindActiveErrorSearchBpls
 0001:0002269C       FindAndDeleteLink
 0001:00023684       FindApprovedDownLink
 0001:0005FDD8       FindBpl
 0001:0000543C       FindBS
 0001:0005BF98       FindClass
 0001:00070E6C       FindClass
 0001:000053A4       FindClassHInstance
 0001:00006600       FindClose
 0001:0000029C       FindClose
 0001:00021D00       FindCodeAddrAndTarget
 0001:00014FE4       FindCodeArea
 0001:000149A0       FindCodeArea
 0001:0004E3B4       FindColumns
 0001:00000E64       FindCommitted
 0001:0008F4FC       FindControl
 0001:0009BC40       FindControlAtPos
 0001:0006DFCC       FindCustomVariantType
 0001:0006E084       FindCustomVariantType
 0001:00090EE4       FindDragTarget
 0001:000753B4       FindExistingComponent
 0001:000002A4       FindFirstFile
 0001:00006608       FindFirstFileA
 0001:00006610       FindFirstFileW
 0001:00071258       FindGlobalComponent
 0001:000A9004       FindGlobalComponent
 0002:00007AF4       FindGlobalComponentProcs
 0001:0000537C       FindHInstance
 0001:00071100       FindIdentToInt
 0001:0002C06C       FindImagePos
 0001:0004E2C4       FindLines
 0001:00020B94       FindMapFile
 0001:0001FC14       FindMapFile
 0001:00033640       FindMEProperty
 0001:0003C200       FindMeSettings
 0001:0000EA5C       FindModule
 0002:00000410       FindModuleA
 0002:00007CF0       FindMsg
 0001:000228A4       FindNearestExport
 0001:00074530       FindNestedComponent
 0001:00006618       FindNextFileA
 0001:00006620       FindNextFileW
 0001:0002682C       FindOptimalPalette
 0001:000A17D4       FindPopupControl
 0001:0006B4D0       FindProc
 0001:00011E18       FindProcName
 0001:00006628       FindResource
 0001:00006630       FindResourceA
 0001:000053F4       FindResourceHInstance
 0001:00006638       FindResourceW
 0001:000B2C54       FindScanline
 0001:000A8F5C       FindTopMostWindow
 0001:000762AC       FindUniqueName
 0001:000233D8       FindValidStackArr
 0001:00090EB0       FindVCLWindow
 0001:00006E90       FindWindow
 0001:00006E98       FindWindowA
 0001:0008CE68       FindWinHelp
 0001:00036404       FireHandlers
 0002:00003778       FireHandlersMsg
 0002:00003774       FireHandlersWnd
 0002:000016F8       FixedBuild
 0002:000077C4       FixedDistanceBits
 0002:000077CC       FixedDistanceTable
 0002:000077C0       FixedLiteralBits
 0002:000077C8       FixedLiteralTable
 0002:000066C0       FixedTablesMemory
 0001:0007EB8C       FixupBitFields
 0001:000BD8C8       FixupIPHelperStub
 0001:000B8DA4       FixupStub
 0001:000B8E78       FixupStubEx
 0002:000044F8       Flags
 0002:00007A34       FLanguages
 0001:0008361C       FlatSB
 0002:00007BD0       FlatSB_EnableScrollBar
 0002:00007BDC       FlatSB_GetScrollInfo
 0002:00007BE0       FlatSB_GetScrollPos
 0002:00007BD8       FlatSB_GetScrollRange
 0002:00007BE8       FlatSB_SetScrollInfo
 0002:00007BE4       FlatSB_SetScrollPos
 0001:0008330C       FlatSB_SetScrollProp
 0002:00007BEC       FlatSB_SetScrollRange
 0002:00007BD4       FlatSB_ShowScrollBar
 0001:00066894       FloatToDecimal
 0001:00066BD4       FloatToStr
 0001:000665BC       FloatToText
 0001:000662E8       FloatToText
 0001:00065934       FloatToTextEx
 0001:00002340       Flush
 0001:00017C70       FlushBlockOnly
 0001:0001689C       FlushDstFile
 0001:00018430       FlushDstFile
 0001:00006640       FlushInstructionCache
 0001:00016E10       FlushPending
 0002:00000C7C       FMagic
 0002:00000C80       FMagic95
 0002:00000C84       FMagicReady
 0002:00003A18       FMSecsPerDay
 0001:000661D4       FmtStr
 0001:0006610C       FmtStr
 0002:00002EE4       FMX_TApplication_HandleException
 0002:00002EE8       FMX_TApplication_ShowException
 0002:00004514       FocusCount
 0002:00004510       FocusMessages
 0002:00002E74       FollowRedirect
 0002:00003E84       FontCharsets
 0002:00007B6C       FontManager
 0001:00049480       ForceDir
 0002:00002E4C       ForceUtf8
 0001:000A8FD8       ForegroundTask
 0002:00003A20       Format
 0001:000660F4       Format
 0001:000660E0       Format
 0001:00065CCC       FormatBuf
 0001:00065954       FormatBuf
 0001:00065928       FormatClearStr
 0001:000658AC       FormatError
 0002:000039FC       FormatErrorStrs
 0001:00032310       FormatExceptMessage
 0001:0003D568       FormatMailAddr
 0001:00006648       FormatMessage
 0001:00006650       FormatMessageA
 0001:00006658       FormatMessageW
 0001:00009F0C       FormatSubStrs
 0002:00000164       FormatSubStrsW
 0001:00065904       FormatVarToStr
 0001:000B3480       Forms
 0002:00002ED4       Forms_TApplication_HandleException
 0002:00002ED8       Forms_TApplication_ShowException
 0001:0003E6EC       FourBitToHex
 0001:000029B0       FPower10
 0002:00003FB8       FPrinter
 0001:00006EA0       FrameRect
 0002:00004964       freeaddrinfo
 0002:00004978       FreeAddrInfoEx
 0001:0006AA2C       FreeAndNil
 0001:00000B64       FreeCommitted
 0001:0002761C       FreeContributorList
 0001:0000119C       FreeCurAlloc
 0001:00090FA4       FreeDeviceContext
 0001:00091060       FreeDeviceContexts
 0001:00032404       FreeInnerException
 0001:00078634       FreeIntConstList
 0001:00006660       FreeLibrary
 0001:000002AC       FreeLibrary
 0002:0000042C       FreeLibrary16
 0001:00005B7C       FreeMemory
 0001:0007E6E8       FreeMemoryContexts
 0001:000A9084       FreeObjectInstance
 0001:000787A0       FreeObjectInstance
 0001:00054D20       FreeOutOfMemoryInsurance
 0001:000564E4       FreePatches
 0001:00033EDC       FreeProps
 0001:00006680       FreeResource
 0001:000063E0       FreeSid
 0001:00000734       FreeSpace
 0001:0006A4D0       FreeTerminateProcs
 0001:000837D0       FreeThemeLibrary
 0002:000037B0       FreezeTimeout
 0001:00016200       Fs
 0002:000077EC       functionCache
 0002:000077E8       functionCount
 0001:000BBB2C       gaiErrorToWsaError
 0002:000049CC       GBSDStack
 0001:0007BCA8       GDICheck
 0001:0007BC00       GDIError
 0001:00006B30       GdiFlush
 0001:0001700C       GenerateBitLengths
 0001:00016EB0       GenerateCodes
 0001:00001F98       Get8087CW
 0001:00055F24       Get9xResourceReport
 0002:00004930       GetAcceptExSockaddrs
 0001:00006688       GetACP
 0001:00006EA8       GetActiveWindow
 0002:000049F4       GetAdaptersAddresses
 0002:000049F0       GetAdaptersInfo
 0002:0000495C       getaddrinfo
 0002:00004970       GetAddrInfoEx
 0001:000561A4       GetAllocatedMemory
 0001:000B0858       GetAnimation
 0002:00003900       GetApiVersionProc
 0001:00006B38       GetBitmapBits
 0001:000003F0       GetBlockDesc
 0001:00006B40       GetBrushOrgEx
 0001:0005ED84       GetBugReport
 0001:00006EB0       GetCapture
 0001:0008F7C4       GetCaptureControl
 0001:00070E18       GetClass
 0001:00006EB8       GetClassInfo
 0001:00006EC0       GetClassName
 0001:00006EC8       GetClassNameA
 0001:00058E64       GetCleartextDisAsm
 0001:00006ED0       GetClientRect
 0001:00006ED8       GetClipboardData
 0001:0007D3DC       GetClipboardFormats
 0001:00006B48       GetClipBox
 0001:0000038C       GetCmdShow
 0001:0009F30C       GetColor
 0001:000002B4       GetCommandLine
 0001:00006698       GetCommandLineA
 0001:000066A0       GetCommandLineW
 0001:00000978       GetCommitted
 0001:00000A20       GetCommittedAt
 0001:000066A8       GetComputerNameA
 0001:000066B0       GetComputerNameW
 0001:000272D8       GetContributorList
 0001:00096674       GetControlAtPos
 0001:0006713C       GetCount
 0001:00006690       GetCPInfo
 0001:00055C94       GetCpuCount
 0001:00055BB0       GetCpuName
 0001:00058830       GetCpuRegisters
 0001:0006562C       GetCurrentDir
 0001:000002BC       GetCurrentDirectory
 0001:000066B8       GetCurrentDirectoryA
 0001:000066C0       GetCurrentDirectoryW
 0001:00006B50       GetCurrentPositionEx
 0001:000066C8       GetCurrentProcess
 0001:000066D0       GetCurrentProcessId
 0002:00007CB4       GetCurrentThemeName
 0001:000066D8       GetCurrentThread
 0001:0000037C       GetCurrentThreadId
 0001:000066E0       GetCurrentThreadId
 0001:00007378       GetCurrentTime
 0001:00006EE0       GetCursor
 0001:000B2C64       GetCursorHeightMargin
 0001:00006EE8       GetCursorPos
 0001:0006716C       GetDate
 0001:000066E8       GetDateFormat
 0001:00067E1C       GetDateOrder
 0001:000415A8       GetDateTimeStr
 0001:00006EF0       GetDC
 0001:00006EF8       GetDCEx
 0001:00006B58       GetDCOrgEx
 0001:000811E8       GetDefFontCharSet
 0001:00071F9C       GetDesigner
 0001:00006F00       GetDesktopWindow
 0001:00006B70       GetDeviceCaps
 0001:00062558       GetDeviceInfo
 0001:0007CC38       GetDIB
 0001:00006B60       GetDIBColorTable
 0001:00006B68       GetDIBits
 0001:0007CB80       GetDIBSizes
 0001:0007BE18       GetDInColors
 0001:000066F0       GetDiskFreeSpaceA
 0002:000039CC       GetDiskFreeSpaceEx
 0001:00056934       GetDiskStr
 0001:00055FE0       GetDisplayModeString
 0001:0003EC94       GetDnsIps
 0001:0009CF1C       GetDockAlign
 0001:00090174       GetDockSiteAtPos
 0001:000904A8       GetDropCtl
 0001:00003048       GetDynaMethod
 0001:00024DC8       GetEbp
 0001:000B815C       GetEnglishSetting
 0001:00006B78       GetEnhMetaFileBits
 0001:00006B80       GetEnhMetaFileHeader
 0001:00006B88       GetEnhMetaFilePaletteEntries
 0001:0006E408       GetEnumNameValue
 0001:0006E454       GetEnumValue
 0001:0006882C       GetEraNamesAndYearOffsets
 0001:00067EB0       GetEraYearOffset
 0001:0005BF80       GetExceptBoxHandle
 0001:0005BEBC       GetExceptBoxHandle_EnumWindowsProc
 0001:00032108       GetExceptClass_
 0001:0006916C       GetExceptionClass
 0001:00069358       GetExceptionObject
 0001:0000FB70       GetExceptionObject
 0001:00032198       GetExceptMessage_
 0001:00070DA0       GetFieldClassTable
 0001:000066F8       GetFileAttributesA
 0001:00006700       GetFileAttributesW
 0001:00000234       GetFileSize
 0001:00006708       GetFileSize
 0002:000049E0       GetFileSizeEx
 0001:0001F630       GetFileTime
 0001:00006710       GetFileTime
 0001:000380E4       GetFileTime
 0001:0000022C       GetFileType
 0001:000695C8       GetFileVersion
 0001:00006A18       GetFileVersionInfo
 0001:00006A20       GetFileVersionInfoA
 0001:00006A30       GetFileVersionInfoSize
 0001:00006A38       GetFileVersionInfoSizeA
 0001:00006A40       GetFileVersionInfoSizeW
 0001:00006A28       GetFileVersionInfoW
 0001:0000DC34       GetFileVersionStr
 0001:0000DE44       GetFileVersionStr
 0002:00000404       GetFileVersionStrA
 0002:0000040C       GetFileVersionStrW
 0001:00006F08       GetFocus
 0001:00028FCC       GetFont
 0001:0007A6DC       GetFontData
 0001:00006F10       GetForegroundWindow
 0001:00069F44       GetFormatSettings
 0001:0000CD30       GetFreeSystemResources
 0001:00006718       GetFullPathName
 0001:00021684       GetFunctionName
 0001:00026BE4       GetGrayPal
 0002:00003954       GetGuiResources
 0001:0000FDEC       GetHalt0Addr
 0001:0000FDCC       GetHandleAnyExceptionAddr
 0001:0000FDDC       GetHandleAutoExceptionAddr
 0001:0000FDE4       GetHandleFinallyAddr
 0001:0000FDD4       GetHandleOnExceptionAddr
 0001:000629E8       GetHardwareList
 0001:00062124       GetHardwareList9x
 0001:000625F0       GetHardwareListNt
 0001:00079C24       GetHashCode
 0001:000ADDA4       GetHelpInfo
 0001:000826E0       GetHelpSystem
 0001:000B063C       GetHint
 0001:000B0674       GetHintControl
 0002:000047D8       gethostbyaddr
 0001:0002EBCC       gethostbyname
 0002:000047DC       gethostbyname
 0002:000047E0       gethostname
 0001:000A6CFC       GetHotkey
 0001:00006F18       GetIconInfo
 0001:0000EBC4       GetImageDataDirectory
 0001:0000EBF8       GetImageExportDirectory
 0001:0000EB64       GetImageNtHeaders
 0001:0000F070       GetImageProcAddress
 0001:0000EE2C       GetImageProcAddress
 0001:0000F0C4       GetImageProcName
 0001:0000F238       GetImageProcNameW
 0001:000B78E8       GetImpl
 0002:000049E8       GetIpAddrTable
 0001:000BE680       GetIPv4SubNetMasks
 0001:00006F30       GetKeyboardLayout
 0001:00006F38       GetKeyboardLayoutList
 0001:00006F40       GetKeyboardState
 0001:00002C9C       GetKeyboardType
 0001:00006F20       GetKeyNameText
 0001:00006F28       GetKeyState
 0001:0003F05C       GetLabel
 0001:00012530       GetLabel
 0001:000561C8       GetLargestFreeBlock
 0001:00006F48       GetLastActivePopup
 0001:0009B1BC       GetLastChildZone
 0001:00006720       GetLastError
 0001:000002C4       GetLastError
 0002:00003918       GetLeakCallstackProc
 0002:00003914       GetLeakReportProc
 0001:00021100       GetLineNumber
 0002:00000444       GetLineNumber
 0001:000BE7B8       GetLocalAddressesByAdaptersAddresses
 0001:000BEB8C       GetLocalAddressesByAdaptersInfo
 0001:000685F0       GetLocaleChar
 0001:00006730       GetLocaleInfo
 0001:000002CC       GetLocaleInfo
 0001:00006738       GetLocaleInfoA
 0001:00006740       GetLocaleInfoW
 0001:000685A4       GetLocaleStr
 0001:00006728       GetLocalTime
 0001:0000D750       GetLongFileName
 0001:0000D4B8       GetLongFileName
 0002:000003F8       GetLongFileNameA
 0002:00000400       GetLongFileNameW
 0001:0008F780       GetLongHint
 0001:0001D54C       GetMapFileFromResources
 0001:00020E74       GetMapFileInfos
 0001:00020D70       GetMapFileInfos2
 0001:00001B48       GetMemoryManager
 0001:00055DC0       GetMemoryStatus
 0001:00006F50       GetMenu
 0001:000ADD2C       GetMenuHelpContext
 0001:00006F58       GetMenuItemCount
 0001:00006F60       GetMenuItemID
 0001:00006F68       GetMenuItemInfo
 0001:000A3E18       GetMenuSize
 0001:00006F70       GetMenuState
 0001:00006F78       GetMenuString
 0001:000330F0       GetMeSettingsRes
 0001:00006F80       GetMessage
 0001:00006F88       GetMessageA
 0001:0005EB84       GetMessageCallbackA
 0001:0005EBD0       GetMessageCallbackW
 0001:000416D0       GetMessageId
 0001:00006F90       GetMessageW
 0001:0003FC68       GetMimeType
 0001:00006748       GetModuleFileName
 0001:000002D4       GetModuleFileName
 0001:00006750       GetModuleFileNameA
 0002:00003950       GetModuleFileNameEx
 0001:00006758       GetModuleFileNameW
 0001:00006760       GetModuleHandle
 0001:000002DC       GetModuleHandle
 0001:0000613C       GetModuleHandle
 0001:00006768       GetModuleHandleA
 0001:00006770       GetModuleHandleW
 0001:000639E0       GetModuleList
 0001:00030314       GetModuleList
 0002:00007B98       GetMonitorInfo
 0002:00007B9C       GetMonitorInfoA
 0002:00007BA0       GetMonitorInfoW
 0001:00068654       GetMonthDayNames
 0002:00004960       getnameinfo
 0001:0001DBF8       GetNextLine
 0001:00006F98       GetNextWindow
 0001:00006B90       GetObject
 0001:0006E528       GetOrdProp
 0001:0005597C       GetOsLanguageString
 0001:000558CC       GetOsVersionString
 0001:00006B98       GetPaletteEntries
 0001:00001DB0       GetParamStr
 0001:00006FA0       GetParent
 0001:000A91D8       GetParentForm
 0001:00008818       GetPCharLen
 0001:00008A6C       GetPCharLen
 0002:00004790       getpeername
 0001:00006BA0       GetPixel
 0001:0002592C       GetPngHeader
 0001:00006778       GetPriorityClass
 0001:00006780       GetProcAddress
 0001:000002E4       GetProcAddress
 0002:00000430       GetProcAddress16
 0001:00063584       GetProcessList
 0001:000560E8       GetProcessMemInfo
 0001:0003007C       GetProcessSid
 0001:00020EA0       GetProcNameFromMapFile
 0002:00000440       GetProcNameFromMapFile
 0001:00055AA0       GetProgramUpTime
 0001:00006FA8       GetProp
 0001:0006E4B8       GetPropInfo
 0001:00033A3C       GetPropStr
 0002:000047F0       getprotobyname
 0002:000047EC       getprotobynumber
 0001:000A9698       GetRealScrollPosition
 0001:0009F2EC       GetRGBColor
 0001:00006BA8       GetRgnBox
 0001:0002E804       GetSaveFileNameA
 0001:0002E80C       GetSaveFileNameW
 0001:000381A4       GetScreenShotFile
 0001:00006FB0       GetScrollInfo
 0001:00006FB8       GetScrollPos
 0001:00006FC0       GetScrollRange
 0001:00030038       GetSeconds
 0002:000047E8       getservbyname
 0002:000047E4       getservbyport
 0001:0003F184       GetServers
 0001:0000D1AC       GetShortFileName
 0001:0000CF04       GetShortFileName
 0002:000003FC       GetShortFileNameW
 0001:0008F73C       GetShortHint
 0001:0000ED30       GetSizeOfImage
 0002:00004794       getsockname
 0002:00004798       getsockopt
 0001:00000658       GetSpace
 0001:000006BC       GetSpaceAt
 0001:00031888       GetSpecialFolderW
 0001:000A1864       GetSpecialName
 0001:00022584       GetStackAddr
 0001:00058BC8       GetStackDump
 0001:00022588       GetStackTop
 0001:000002EC       GetStartupInfo
 0001:0000023C       GetStdHandle
 0001:00006788       GetStdHandle
 0001:00006BB0       GetStockObject
 0001:0001E418       GetStr
 0001:00006790       GetStringTypeEx
 0001:00006FC8       GetSubMenu
 0001:00006FD0       GetSysColor
 0001:00006FD8       GetSysColorBrush
 0001:00006798       GetSystemDefaultLangID
 0001:000067A0       GetSystemDirectoryW
 0001:000067A8       GetSystemInfo
 0001:00006FE0       GetSystemMenu
 0001:00006FE8       GetSystemMetrics
 0002:00007B88       GetSystemMetrics
 0001:00006BB8       GetSystemPaletteEntries
 0001:000067B0       GetSystemTime
 0001:00055A48       GetSystemUpTime
 0001:0005047C       GetTabClientRect
 0001:00031160       GetTebIndex
 0001:0002F684       GetTempPath
 0001:000067B8       GetTempPathA
 0001:000067C0       GetTempPathW
 0001:0002904C       GetTextExtent
 0001:00006BC0       GetTextExtentPoint32
 0001:00006BC8       GetTextExtentPoint32A
 0001:00006BD0       GetTextExtentPoint32W
 0001:00006BD8       GetTextFaceA
 0001:00006BE0       GetTextMetrics
 0002:00007CAC       GetThemeAppProperties
 0002:00007C18       GetThemeBackgroundContentRect
 0002:00007C1C       GetThemeBackgroundExtent
 0002:00007C2C       GetThemeBackgroundRegion
 0002:00007C50       GetThemeBool
 0002:00007C44       GetThemeColor
 0002:00007CB8       GetThemeDocumentationProperty
 0002:00007C58       GetThemeEnumValue
 0002:00007C78       GetThemeFilename
 0002:00007C60       GetThemeFont
 0002:00007C54       GetThemeInt
 0002:00007C6C       GetThemeIntList
 0002:00007C68       GetThemeMargins
 0002:00007C48       GetThemeMetric
 0002:00007C20       GetThemePartSize
 0002:00007C5C       GetThemePosition
 0002:00007C70       GetThemePropertyOrigin
 0002:00007C64       GetThemeRect
 0002:00007C4C       GetThemeString
 0002:00007C84       GetThemeSysBool
 0002:00007C7C       GetThemeSysColor
 0002:00007C80       GetThemeSysColorBrush
 0002:00007C8C       GetThemeSysFont
 0002:00007C94       GetThemeSysInt
 0002:00007C88       GetThemeSysSize
 0002:00007C90       GetThemeSysString
 0002:00007C24       GetThemeTextExtent
 0002:00007C28       GetThemeTextMetrics
 0001:000067C8       GetThreadContext
 0001:00059864       GetThreadInfos
 0001:00030D60       GetThreadInfoStr
 0001:0002EF50       GetThreadList
 0001:000067D0       GetThreadLocale
 0001:000002F4       GetThreadLocale
 0001:000067D8       GetThreadPriority
 0001:0005847C       GetThreadReport
 0001:00059A98       GetThreadStack
 0001:000067E0       GetTickCount
 0002:00004694       GetTickCount64
 0001:000671A4       GetTime
 0001:0003778C       GetTlsPointer
 0001:00006174       GetTlsSize
 0001:000063E8       GetTokenInformation
 0001:000B0E1C       GetTopMostWindows
 0001:0008F8D0       GetTopParent
 0001:00006FF0       GetTopWindow
 0001:00022420       GetTryFinallyExitAddr
 0001:00022434       GetTryFinallyExitRetAddr
 0001:0005558C       GetTSClientName
 0001:0006E3FC       GetTypeData
 0001:000BEA6C       GetUniDirAddresseses
 0002:000049EC       GetUniDirectionalAdapterInfo
 0001:000063F0       GetUserNameA
 0001:000063F8       GetUserNameW
 0001:00000384       GetVersion
 0001:000067E8       GetVersion
 0001:000067F0       GetVersionEx
 0001:000067F8       GetVersionExA
 0001:00006800       GetVersionExW
 0001:00006FF8       GetWindow
 0001:00007000       GetWindowDC
 0001:00007008       GetWindowLong
 0001:00007010       GetWindowLongA
 0001:00006BF0       GetWindowOrgEx
 0001:00007018       GetWindowPlacement
 0001:00007020       GetWindowRect
 0001:00006808       GetWindowsDirectoryA
 0001:00007028       GetWindowText
 0001:00007030       GetWindowTextA
 0001:00007038       GetWindowTextW
 0002:00007CA0       GetWindowTheme
 0001:00007040       GetWindowThreadProcessId
 0001:00007048       GetWindowThreadProcessId
 0001:00006BE8       GetWinMetaFileBits
 0002:0000467C       GId8BitEncoding
 0002:00004680       GIdASCIIEncoding
 0002:00004994       GIdIPv6FuncsAvailable
 0002:00004678       GIdOSDefaultEncoding
 0002:00004674       GIdPorts
 0002:00004684       GIdUTF16BigEndianEncoding
 0002:00004688       GIdUTF16LittleEndianEncoding
 0002:0000468C       GIdUTF7Encoding
 0002:00004690       GIdUTF8Encoding
 0001:00006810       GlobalAddAtom
 0001:00006818       GlobalAlloc
 0001:0000738C       GlobalAllocPtr
[...]
   975 0001:000BDF4E   977 0001:000BDF5E   979 0001:000BDF7B   981 0001:000BDF90
   988 0001:000BDF9C   989 0001:000BDFB2   990 0001:000BDFBF   994 0001:000BDFD6
   995 0001:000BE004   998 0001:000BE008   999 0001:000BE011  1000 0001:000BE025
  1013 0001:000BE02C  1014 0001:000BE02F  1020 0001:000BE042  1028 0001:000BE048
  1029 0001:000BE074  1030 0001:000BE07B  1031 0001:000BE09E  1033 0001:000BE0A6
  1035 0001:000BE0BE  1036 0001:000BE0E5  1037 0001:000BE0FF  1040 0001:000BE107
  1041 0001:000BE12E  1042 0001:000BE148  1045 0001:000BE150  1049 0001:000BE17E
  1053 0001:000BE188  1054 0001:000BE194  1055 0001:000BE1B0  1063 0001:000BE1B8
  1064 0001:000BE1EB  1065 0001:000BE1FD  1067 0001:000BE208  1068 0001:000BE213
  1069 0001:000BE228  1070 0001:000BE240  1073 0001:000BE247  1074 0001:000BE252
  1075 0001:000BE267  1076 0001:000BE27F  1079 0001:000BE286  1080 0001:000BE288
  1083 0001:000BE28F  1085 0001:000BE2AF  1087 0001:000BE2B4  1088 0001:000BE2C2
  1090 0001:000BE2EB  1093 0001:000BE2F4  1094 0001:000BE2F8  1096 0001:000BE344
  1100 0001:000BE350  1101 0001:000BE359  1102 0001:000BE360  1104 0001:000BE365
  1108 0001:000BE368  1109 0001:000BE372  1113 0001:000BE374  1114 0001:000BE37A
  1115 0001:000BE380  1117 0001:000BE394  1119 0001:000BE3A0  1127 0001:000BE3A4
  1131 0001:000BE3C3  1134 0001:000BE3DA  1135 0001:000BE3E0  1137 0001:000BE3F5
  1138 0001:000BE403  1141 0001:000BE428  1142 0001:000BE42A  1146 0001:000BE47F
  1157 0001:000BE488  1158 0001:000BE4AD  1159 0001:000BE4C9  1160 0001:000BE4CF
  1162 0001:000BE4D6  1163 0001:000BE4DE  1167 0001:000BE4EC  1168 0001:000BE504
  1169 0001:000BE506  1172 0001:000BE511  1173 0001:000BE526  1170 0001:000BE527
  1176 0001:000BE53E  1178 0001:000BE570  1182 0001:000BE578  1183 0001:000BE582
  1187 0001:000BE584  1188 0001:000BE58E  1192 0001:000BE590  1193 0001:000BE59A
  1197 0001:000BE59C  1198 0001:000BE5A6  1204 0001:000BE5A8  1210 0001:000BE5AF
  1211 0001:000BE5BB  1212 0001:000BE5CA  1213 0001:000BE5DA  1214 0001:000BE5DD
  1218 0001:000BE5EF  1224 0001:000BE5F8  1230 0001:000BE5FF  1231 0001:000BE60B
  1232 0001:000BE61A  1233 0001:000BE62A  1234 0001:000BE62D  1238 0001:000BE63F
  1256 0001:000BE648  1257 0001:000BE652  1258 0001:000BE661  1260 0001:000BE674
  1262 0001:000BE67B  1271 0001:000BE680  1272 0001:000BE6A0  1273 0001:000BE6A5
  1274 0001:000BE6AA  1278 0001:000BE6B8  1279 0001:000BE6CA  1282 0001:000BE6DD
  1283 0001:000BE6E3  1288 0001:000BE6ED  1290 0001:000BE6F7  1292 0001:000BE704
  1293 0001:000BE70A  1295 0001:000BE70F  1297 0001:000BE711  1299 0001:000BE715
  1301 0001:000BE71D  1302 0001:000BE726  1303 0001:000BE731  1304 0001:000BE76B
  1302 0001:000BE76F  1309 0001:000BE77F  1311 0001:000BE7B1  1322 0001:000BE7B8
  1324 0001:000BE7DC  1333 0001:000BE7E0  1334 0001:000BE7E7  1335 0001:000BE7F2
  1339 0001:000BE800  1340 0001:000BE816  1346 0001:000BE83B  1347 0001:000BE841
  1353 0001:000BE84B  1354 0001:000BE84F  1358 0001:000BE859  1360 0001:000BE863
  1362 0001:000BE870  1363 0001:000BE876  1365 0001:000BE87B  1367 0001:000BE87D
  1369 0001:000BE885  1370 0001:000BE88A  1371 0001:000BE898  1372 0001:000BE8A3
  1373 0001:000BE8B1  1375 0001:000BE8B7  1378 0001:000BE8D1  1379 0001:000BE8D9
  1381 0001:000BE8E2  1383 0001:000BE8EE  1385 0001:000BE90B  1387 0001:000BE91F
  1388 0001:000BE92F  1394 0001:000BE944  1396 0001:000BE94A  1397 0001:000BE959
  1399 0001:000BE966  1401 0001:000BE974  1404 0001:000BE990  1408 0001:000BE9BA
  1379 0001:000BE9C1  1411 0001:000BE9CA  1412 0001:000BE9D3  1414 0001:000BE9EA
  1417 0001:000BEA0A  1421 0001:000BEA27  1423 0001:000BEA64  1432 0001:000BEA6C
  1433 0001:000BEA89  1434 0001:000BEA90  1435 0001:000BEA9B  1437 0001:000BEAA9
  1438 0001:000BEAB9  1441 0001:000BEAD3  1442 0001:000BEAD9  1448 0001:000BEAE3
  1450 0001:000BEAEA  1452 0001:000BEAF7  1453 0001:000BEAFD  1455 0001:000BEB02
  1457 0001:000BEB04  1459 0001:000BEB08  1461 0001:000BEB10  1462 0001:000BEB19
  1463 0001:000BEB24  1464 0001:000BEB42  1462 0001:000BEB46  1469 0001:000BEB56
  1471 0001:000BEB83  1481 0001:000BEB8C  1482 0001:000BEBAD  1483 0001:000BEBB4
  1484 0001:000BEBBF  1486 0001:000BEBCD  1487 0001:000BEBDD  1493 0001:000BEBF5
  1494 0001:000BEBFB  1500 0001:000BEC05  1502 0001:000BEC0F  1504 0001:000BEC1C
  1505 0001:000BEC22  1507 0001:000BEC27  1509 0001:000BEC29  1515 0001:000BEC31
  1516 0001:000BEC44  1518 0001:000BEC55  1520 0001:000BEC5A  1521 0001:000BEC68
  1522 0001:000BEC6E  1524 0001:000BEC7B  1525 0001:000BEC86  1526 0001:000BEC94
  1528 0001:000BEC9A  1530 0001:000BECA4  1531 0001:000BECB6  1533 0001:000BECCB
  1534 0001:000BECD1  1535 0001:000BECDF  1536 0001:000BECE5  1539 0001:000BECE7
  1541 0001:000BED13  1542 0001:000BED19  1543 0001:000BED1E  1544 0001:000BED26
  1546 0001:000BED3D  1549 0001:000BED5D  1553 0001:000BED7A  1555 0001:000BEDAC
  1574 0001:000BEDC4  1588 0001:000BEDD0  1589 0001:000BEDDB  1634 0001:000BEDE2
  1640 0001:000BEDE8  1641 0001:000BEDF3  1648 0001:000BEDF4  1649 0001:000BEE22
  1650 0001:000BEE29  1651 0001:000BEE47  1653 0001:000BEE5F  1654 0001:000BEE85
  1655 0001:000BEE9F  1658 0001:000BEEA7  1659 0001:000BEECD  1660 0001:000BEEE7
  1663 0001:000BEEEF  1666 0001:000BEF1B  1671 0001:000BEF24  1672 0001:000BEF43
  1673 0001:000BEF4B  1674 0001:000BEF59  1675 0001:000BEF62  1677 0001:000BEF83
  1678 0001:000BEF90  1680 0001:000BEFA3  1682 0001:000BEFD0  1685 0001:000BEFD8
  1686 0001:000BEFDF  1687 0001:000BEFE7  1688 0001:000BEFF5  1690 0001:000BF00D
  1692 0001:000BF01D  1695 0001:000BF020  1696 0001:000BF02C  1697 0001:000BF034
  1698 0001:000BF042  1700 0001:000BF05F  1702 0001:000BF072  1705 0001:000BF078
  1706 0001:000BF081  1707 0001:000BF089  1708 0001:000BF097  1710 0001:000BF0AD
  1712 0001:000BF0C0  1715 0001:000BF0C4  1716 0001:000BF0E3  1717 0001:000BF0E8
  1718 0001:000BF0F0  1721 0001:000BF0FE  1722 0001:000BF10C  1724 0001:000BF118
  1727 0001:000BF146  1729 0001:000BF176  1734 0001:000BF17C  1735 0001:000BF186
  1736 0001:000BF18E  1743 0001:000BF19C  1745 0001:000BF1A6  1747 0001:000BF1B0
  1749 0001:000BF1B9  1750 0001:000BF1BF  1751 0001:000BF1D3  1752 0001:000BF1E2
  1754 0001:000BF1E4  1745 0001:000BF1E5  1757 0001:000BF1F5  1759 0001:000BF205
  1762 0001:000BF20C  1763 0001:000BF231  1764 0001:000BF239  1766 0001:000BF279
  1768 0001:000BF2A6  1773 0001:000BF2B0  1775 0001:000BF2BC  1776 0001:000BF2C5
  1777 0001:000BF2D5  1785 0001:000BF2E0  1786 0001:000BF2EE  1787 0001:000BF2F3
  1789 0001:000BF2FA  1790 0001:000BF307  1791 0001:000BF31A  1793 0001:000BF320
  1795 0001:000BF337  1796 0001:000BF34A  1802 0001:000BF354  1804 0001:000BF363
  1805 0001:000BF36C  1806 0001:000BF37E  1808 0001:000BF382  1809 0001:000BF387
  1811 0001:000BF393  1813 0001:000BF39E  1826 0001:000BF3A8  1827 0001:000BF3AE
  1828 0001:000BF3B2  1829 0001:000BF3B9  1831 0001:000BF3BE  1833 0001:000BF3C2
  1835 0001:000BF3C8  1836 0001:000BF3DE  1837 0001:000BF3EE  1838 0001:000BF3FE
  1840 0001:000BF40E  1842 0001:000BF427  1843 0001:000BF42B  1845 0001:000BF438
  1846 0001:000BF43C  1848 0001:000BF449  1849 0001:000BF44D  1851 0001:000BF45D
  1854 0001:000BF468  1855 0001:000BF474  1856 0001:000BF47C  1857 0001:000BF48A
  1859 0001:000BF4A6  1861 0001:000BF4B6  1864 0001:000BF4BC  1865 0001:000BF4C8
  1866 0001:000BF4D0  1867 0001:000BF4DE  1869 0001:000BF4FA  1871 0001:000BF50A
  1877 0001:000BF510  1878 0001:000BF517  1879 0001:000BF521  1880 0001:000BF53A
  1883 0001:000BF540  1884 0001:000BF54C  1885 0001:000BF55B  1886 0001:000BF569
  1887 0001:000BF571  1888 0001:000BF57F  1890 0001:000BF59A  1893 0001:000BF5B9
  1894 0001:000BF5C1  1896 0001:000BF5CE  1899 0001:000BF5D8  1900 0001:000BF5DF
  1901 0001:000BF5FB  1923 0001:000BF600  1924 0001:000BF625  1925 0001:000BF62B
  1928 0001:000BF632  1929 0001:000BF63F  1930 0001:000BF64F  1931 0001:000BF656
  1933 0001:000BF65B  1934 0001:000BF664  1942 0001:000BF67B  1949 0001:000BF685
  1952 0001:000BF6A3  1953 0001:000BF6A7  1955 0001:000BF6B7  1956 0001:000BF6C5
  1957 0001:000BF6C9  1959 0001:000BF6E1  1962 0001:000BF704  1964 0001:000BF73E
  1972 0001:000BF748  1973 0001:000BF757  1974 0001:000BF766  1976 0001:000BF771
  1977 0001:000BF779  1978 0001:000BF78A  1979 0001:000BF79F  1982 0001:000BF7A6
  1983 0001:000BF7AE  1984 0001:000BF7BF  1985 0001:000BF7D4  1988 0001:000BF7DB
  1989 0001:000BF7DD  1992 0001:000BF7E4  1993 0001:000BF7FC  2000 0001:000BF808
  2001 0001:000BF836  2002 0001:000BF83D  2003 0001:000BF85B  2005 0001:000BF873
  2006 0001:000BF899  2007 0001:000BF8B3  2010 0001:000BF8BB  2011 0001:000BF8E1
  2012 0001:000BF8FB  2015 0001:000BF903  2018 0001:000BF92F  2021 0001:000BF938
  2023 0001:000BF93F  2025 0001:000BF950  2026 0001:000BF95C  2031 0001:000BF960
  2032 0001:000BF96C  2043 0001:000BF98C  2048 0001:000BF994  2049 0001:000BF9A0
  2060 0001:000BF9C0  2068 0001:000BF9C8  2072 0001:000BF9CF  2073 0001:000BF9D3
  2074 0001:000BF9D8  2075 0001:000BF9E6  2078 0001:000BF9EB  2079 0001:000BFA00
  2081 0001:000BFA05  2082 0001:000BFA15  2084 0001:000BFA1C  2088 0001:000BFA27
  2090 0001:000BFA29  2092 0001:000BFA2D  2093 0001:000BFA33  2095 0001:000BFA3B
  2097 0001:000BFA44  2098 0001:000BFA48  2100 0001:000BFA4F  2093 0001:000BFA56
  2104 0001:000BFA66  2106 0001:000BFA79  2118 0001:000BFA80  2122 0001:000BFA87
  2123 0001:000BFA8B  2124 0001:000BFA90  2125 0001:000BFA9E  2128 0001:000BFAA3
  2129 0001:000BFAB8  2131 0001:000BFABD  2132 0001:000BFACD  2134 0001:000BFAD4
  2138 0001:000BFADF  2140 0001:000BFAE1  2142 0001:000BFAE5  2143 0001:000BFAEB
  2145 0001:000BFAF3  2147 0001:000BFAFC  2148 0001:000BFB00  2150 0001:000BFB07
  2143 0001:000BFB0E  2154 0001:000BFB1E  2156 0001:000BFB31  2160 0001:000BFB38
  2161 0001:000BFB3B  2162 0001:000BFB4A  2170 0001:000BFB50  2172 0001:000BFB5F
  2173 0001:000BFB6E  2174 0001:000BFB74  2175 0001:000BFB82  2176 0001:000BFB92
  2179 0001:000BFBA4  2181 0001:000BFBD0  2182 0001:000BFBE0  2187 0001:000BFBEC
  2188 0001:000BFBF5  2189 0001:000BFC00  2190 0001:000BFC1D  2192 0001:000BFC35
  2194 0001:000BFC3C  2228 0001:000BFC44  2229 0001:000BFC67  2230 0001:000BFC81
  2233 0001:000BFCA2  2234 0001:000BFCB2  2236 0001:000BFCB7  2237 0001:000BFCCA
  2239 0001:000BFCCD  2240 0001:000BFCD7  2241 0001:000BFCEB  2244 0001:000BFCEE
  2245 0001:000BFCFF  2247 0001:000BFD02  2248 0001:000BFD09  2250 0001:000BFD0A
  2252 0001:000BFD1F  2254 0001:000BFD2E  2255 0001:000BFD6D  2275 0001:000BFD78
  2279 0001:000BFDB1  2283 0001:000BFDC8  2284 0001:000BFDDE  2286 0001:000BFDF5
  2287 0001:000BFE02  2289 0001:000BFE0A  2291 0001:000BFE19  2292 0001:000BFE1F
  2294 0001:000BFE26  2295 0001:000BFE29  2301 0001:000BFE2F  2302 0001:000BFE4A
  2304 0001:000BFE50  2305 0001:000BFE56  2307 0001:000BFE61  2308 0001:000BFE83
  2310 0001:000BFE8A  2312 0001:000BFE9E  2313 0001:000BFEBC  2314 0001:000BFED1
  2317 0001:000BFED7  2318 0001:000BFEF5  2319 0001:000BFF0A  2322 0001:000BFF10
  2323 0001:000BFF15  2327 0001:000BFF1C  2329 0001:000BFF21  2330 0001:000BFF2F
  2333 0001:000BFF39  2336 0001:000BFF4F  2338 0001:000BFF63  2339 0001:000BFF6E
  2340 0001:000BFF89  2341 0001:000BFF92  2344 0001:000BFF98  2345 0001:000BFFA3
  2346 0001:000BFFBE  2347 0001:000BFFC7  2353 0001:000BFFD0  2356 0001:000BFFDD
  2360 0001:000BFFE2  2361 0001:000C000E  2362 0001:000C0015  2363 0001:000C0020
  2364 0001:000C0028  2365 0001:000C002E  2369 0001:000C007D  2374 0001:000C0088
  2375 0001:000C008C  2376 0001:000C00AC  2377 0001:000C00B2  2378 0001:000C00B6
  2380 0001:000C00C4  2394 0001:000C00C8  2395 0001:000C00D4  2401 0001:000C00E2
  2406 0001:000C0104  2408 0001:000C010E  2409 0001:000C011C  2411 0001:000C0138
  2413 0001:000C0141  2414 0001:000C0153  2418 0001:000C015A  2419 0001:000C016A
  2420 0001:000C0179  2423 0001:000C0180  2426 0001:000C0199  2429 0001:000C01B0
  2437 0001:000C01B8  2443 0001:000C01C7  2445 0001:000C01DB  2446 0001:000C01E2
  2447 0001:000C01E8  2449 0001:000C01EE  2451 0001:000C0211  2453 0001:000C0230
  2469 0001:000C023C  2470 0001:000C025A  2472 0001:000C025F  2474 0001:000C0264
  2476 0001:000C0280  2455 0001:000C0284  2456 0001:000C028D  2457 0001:000C0294
  2460 0001:000C02A1  2461 0001:000C02AB  2462 0001:000C02C5  2466 0001:000C02D0
  2468 0001:000C02D5

Line numbers for IdStack(IdStack.pas) segment .text

   491 0001:000C085C   492 0001:000C0863   493 0001:000C086E   494 0001:000C0877
   495 0001:000C087F   496 0001:000C0886   497 0001:000C0891   498 0001:000C089A
   499 0001:000C08A2   500 0001:000C08A9   501 0001:000C08B0   506 0001:000C08B4
   507 0001:000C08CC   508 0001:000C08D6   509 0001:000C0903   512 0001:000C0908
   513 0001:000C0911   514 0001:000C0921   517 0001:000C0928   518 0001:000C0939
   519 0001:000C0944   520 0001:000C0960   523 0001:000C0964   524 0001:000C096B
   525 0001:000C0975   529 0001:000C0978   531 0001:000C0987   532 0001:000C098E
   535 0001:000C0994   536 0001:000C099B   537 0001:000C09A6   542 0001:000C09AC
   543 0001:000C09C7   544 0001:000C09D4   545 0001:000C09F8   550 0001:000C0A00
   551 0001:000C0A1B   552 0001:000C0A28   553 0001:000C0A31   554 0001:000C0A5A
   557 0001:000C0A60   558 0001:000C0A7B   559 0001:000C0A8E   560 0001:000C0AB7
   563 0001:000C0AC0   564 0001:000C0ADB   565 0001:000C0B09   608 0001:000C0B10
   610 0001:000C0B28   611 0001:000C0B4D   614 0001:000C0B54   615 0001:000C0B65
   616 0001:000C0B70   617 0001:000C0B8C   620 0001:000C0B90   621 0001:000C0BAC
   622 0001:000C0BEA   735 0001:000C0BF0   741 0001:000C0C20   742 0001:000C0C43
   743 0001:000C0C5B   744 0001:000C0C7E   745 0001:000C0C9C   746 0001:000C0CBF
   747 0001:000C0CDD   748 0001:000C0D00   749 0001:000C0D51   866 0001:000C0D64
   867 0001:000C0D70   868 0001:000C0D76   870 0001:000C0D7E   871 0001:000C0D87
   878 0001:000C0D8C   879 0001:000C0D9B   880 0001:000C0DA1   881 0001:000C0DA7
   882 0001:000C0DB2   883 0001:000C0DC4   884 0001:000C0DD2   885 0001:000C0DD8
   887 0001:000C0DDA   882 0001:000C0DDD   888 0001:000C0DE2   890 0001:000C0DF0
   893 0001:000C0DF8   894 0001:000C0DFF   895 0001:000C0E11   917 0001:000C0E14
   927 0001:000C0E37   933 0001:000C0E40   971 0001:000C0E66   972 0001:000C0EAE
   975 0001:000C0EB4   976 0001:000C0EDA   977 0001:000C0EE2   978 0001:000C0FF6
   979 0001:000C1008   980 0001:000C101A   981 0001:000C102C   982 0001:000C103E
   983 0001:000C1050   984 0001:000C1062   985 0001:000C1074   986 0001:000C1086
   987 0001:000C1098   988 0001:000C10AA   989 0001:000C10BC   990 0001:000C10CE
   991 0001:000C10E0   993 0001:000C10F2   995 0001:000C1104   997 0001:000C1116
   998 0001:000C1128   999 0001:000C113A  1000 0001:000C114C  1001 0001:000C115E
  1002 0001:000C1170  1003 0001:000C1182  1004 0001:000C1194  1005 0001:000C11A6
  1006 0001:000C11B8  1007 0001:000C11CA  1008 0001:000C11DC  1009 0001:000C11EE
  1010 0001:000C1200  1012 0001:000C120F  1014 0001:000C121E  1015 0001:000C122D
  1016 0001:000C123C  1017 0001:000C124B  1018 0001:000C125A  1019 0001:000C1269
  1020 0001:000C1278  1022 0001:000C1285  1023 0001:000C12EB  1028 0001:000C12F0
  1029 0001:000C12FF  1030 0001:000C1304  1031 0001:000C1320  1029 0001:000C1323
  1032 0001:000C1329  1037 0001:000C1330  1038 0001:000C133F  1039 0001:000C1344
  1040 0001:000C1360  1038 0001:000C1363  1041 0001:000C1369  1047 0001:000C1370
  1048 0001:000C1392  1049 0001:000C1396  1051 0001:000C13A5  1052 0001:000C13B0
  1053 0001:000C13D0  1055 0001:000C1413  1141 0001:000C1424  1142 0001:000C1443
  1143 0001:000C144E  1145 0001:000C1454  1147 0001:000C1466  1149 0001:000C148A
  1156 0001:000C149C  1157 0001:000C14A8  1158 0001:000C14AD  1159 0001:000C14B2
  1160 0001:000C14BD  1162 0001:000C14C3  1163 0001:000C14D4  1164 0001:000C14D8
  1160 0001:000C14DC  1166 0001:000C14E2  1167 0001:000C14E8  1169 0001:000C14F5
  1170 0001:000C1509  1171 0001:000C1512  1172 0001:000C1521  1184 0001:000C1528
  1185 0001:000C1538  1198 0001:000C155A  1237 0001:000C1564  1237 0001:000C1590
  1200 0001:000C1594  1202 0001:000C159D  1225 0001:000C15A7  1231 0001:000C15B8

Line numbers for IdComponent(IdComponent.pas) segment .text

   261 0001:000C1650   261 0001:000C1663

Line numbers for IdAntiFreezeBase(IdAntiFreezeBase.pas) segment .text

   178 0001:000C1694   178 0001:000C169B

Line numbers for IdSocketHandle(IdSocketHandle.pas) segment .text

   757 0001:000C16CC   757 0001:000C16D3

Line numbers for IdRawBase(IdRawBase.pas) segment .text

   306 0001:000C1704   306 0001:000C170B

Line numbers for IdRawClient(IdRawClient.pas) segment .text

    47 0001:000C173C    47 0001:000C1743

Line numbers for IdExceptionCore(IdExceptionCore.pas) segment .text

   191 0001:000C1774   191 0001:000C177B

Line numbers for IdStruct(IdStruct.pas) segment .text

   221 0001:000C17AC   221 0001:000C17B3

Line numbers for IdRawHeaders(IdRawHeaders.pas) segment .text

  1745 0001:000C17E4  1745 0001:000C17EB

Line numbers for IdResourceStringsCore(IdResourceStringsCore.pas) segment .text

   288 0001:000C181C   288 0001:000C1823

Line numbers for IdIcmpClient(IdIcmpClient.pas) segment .text

   827 0001:000C1854   827 0001:000C185B

Line numbers for upload(upload.pas) segment .text

    75 0001:000C1BAC    76 0001:000C1BCC    77 0001:000C1BDB    78 0001:000C1BE9
    79 0001:000C1BF6    80 0001:000C1C05    81 0001:000C1C14    82 0001:000C1C22
    83 0001:000C1C2D    84 0001:000C1C4E    83 0001:000C1C84    86 0001:000C1C96
    88 0001:000C1CA6    90 0001:000C1CBB    93 0001:000C1CED    99 0001:000C1D1C
   100 0001:000C1D28   101 0001:000C1D30   102 0001:000C1D43   103 0001:000C1D56
   104 0001:000C1D69   118 0001:000C1D90   120 0001:000C1DB3   121 0001:000C1DC4
   122 0001:000C1DD5   123 0001:000C1DE6   124 0001:000C1DF7   125 0001:000C1E08
   126 0001:000C1E19   129 0001:000C1E2A   131 0001:000C1E54   135 0001:000C1E71
   137 0001:000C1E84   139 0001:000C1E97   141 0001:000C1EA6   142 0001:000C1EC4
   143 0001:000C1ECF   146 0001:000C1F0A   149 0001:000C1F24   152 0001:000C1F3E
   165 0001:000C1F80   182 0001:000C2008   184 0001:000C2064   185 0001:000C2074
   186 0001:000C2084   187 0001:000C20B0   190 0001:000C20C0   191 0001:000C20ED
   193 0001:000C2117   194 0001:000C2144   196 0001:000C216E   197 0001:000C219B
   199 0001:000C21C5   203 0001:000C21F4   205 0001:000C2212   207 0001:000C2223
   209 0001:000C2253   211 0001:000C2264   213 0001:000C2294   215 0001:000C22A5
   217 0001:000C22D5   219 0001:000C22E6   221 0001:000C2313   223 0001:000C2324
   225 0001:000C2351   227 0001:000C2362   230 0001:000C238D   201 0001:000C23A5
   233 0001:000C23BD   234 0001:000C23CD   237 0001:000C241C   245 0001:000C2578
   247 0001:000C259F   248 0001:000C25C3   250 0001:000C25D0   252 0001:000C25E0
   253 0001:000C260F   264 0001:000C2624   266 0001:000C264E   267 0001:000C2653
   269 0001:000C2660   271 0001:000C267A   273 0001:000C26A2   275 0001:000C26BF
   276 0001:000C26CA   277 0001:000C26E4   278 0001:000C26EB   281 0001:000C26FA
   284 0001:000C2729   285 0001:000C2730   269 0001:000C2733   287 0001:000C273C
   288 0001:000C2742   290 0001:000C2749   292 0001:000C2780   303 0001:000C2790
   304 0001:000C27D2   305 0001:000C27E2   306 0001:000C27F2   307 0001:000C281E
   311 0001:000C2833   313 0001:000C2851   315 0001:000C2862   317 0001:000C289D
   319 0001:000C28AE   321 0001:000C28D9   309 0001:000C28F1   324 0001:000C2909
   325 0001:000C2919   326 0001:000C295B   334 0001:000C29D4   360 0001:000C2A10
   362 0001:000C2A44   362 0001:000C2A4B

Line numbers for UploadProgram(C:\Users\Admin\Desktop\Upload code program\UploadProgram.dpr) segment .text

    14 0001:000C2D74    15 0001:000C2D84    16 0001:000C2D90    17 0001:000C2DA8
    18 0001:000C2DB4

Bound resource files

c:\program files (x86)\borland\delphi7\Lib\Controls.res
c:\program files (x86)\borland\delphi7\Lib\Buttons.res
c:\program files (x86)\borland\delphi7\Lib\FileCtrl.res
upload.dfm
UploadProgram.res
UploadProgram.drf


Program entry point at 0001:000C2D74
