
 Start         Length     Name                   Class
 0001:00000000 000BAC14H .text                   CODE
 0002:00000000 00004BDCH .data                   DATA
 0002:00004BDC 00001E55H .bss                    BSS


Detailed map of segments

 0001:00000000 0000618B C=CODE     S=.text    G=(none)   M=System   ACBP=A9
 0001:0000618C 00000158 C=CODE     S=.text    G=(none)   M=SysInit  ACBP=A9
 0001:000062E4 00000078 C=CODE     S=.text    G=(none)   M=Types    ACBP=A9
 0001:0000635C 00001478 C=CODE     S=.text    G=(none)   M=Windows  ACBP=A9
 0001:000077D4 00000218 C=CODE     S=.text    G=(none)   M=madTypes ACBP=A9
 0001:000079EC 000039DC C=CODE     S=.text    G=(none)   M=madStrings ACBP=A9
 0001:0000B3C8 00000038 C=CODE     S=.text    G=(none)   M=Messages ACBP=A9
 0001:0000B400 0000120C C=CODE     S=.text    G=(none)   M=madNVPrgrAlert ACBP=A9
 0001:0000C60C 000036E7 C=CODE     S=.text    G=(none)   M=madTools ACBP=A9
 0001:0000FCF4 00006A14 C=CODE     S=.text    G=(none)   M=madDisAsm ACBP=A9
 0001:00016708 00004784 C=CODE     S=.text    G=(none)   M=madZip   ACBP=A9
 0001:0001AE8C 00000AB4 C=CODE     S=.text    G=(none)   M=madCrypt ACBP=A9
 0001:0001B940 0000591F C=CODE     S=.text    G=(none)   M=madMapFile ACBP=A9
 0001:00021260 000043C3 C=CODE     S=.text    G=(none)   M=madStackTrace ACBP=A9
 0001:00025624 00002AE8 C=CODE     S=.text    G=(none)   M=madNVBitmap ACBP=A9
 0001:0002810C 000064E8 C=CODE     S=.text    G=(none)   M=madNVAssistant ACBP=A9
 0001:0002E5F4 00000044 C=CODE     S=.text    G=(none)   M=ActiveX  ACBP=A9
 0001:0002E638 00000104 C=CODE     S=.text    G=(none)   M=CommCtrl ACBP=A9
 0001:0002E73C 00000050 C=CODE     S=.text    G=(none)   M=ShellAPI ACBP=A9
 0001:0002E78C 00000038 C=CODE     S=.text    G=(none)   M=RegStr   ACBP=A9
 0001:0002E7C4 00000040 C=CODE     S=.text    G=(none)   M=WinInet  ACBP=A9
 0001:0002E804 00000038 C=CODE     S=.text    G=(none)   M=UrlMon   ACBP=A9
 0001:0002E83C 00000038 C=CODE     S=.text    G=(none)   M=ShlObj   ACBP=A9
 0001:0002E874 00000050 C=CODE     S=.text    G=(none)   M=CommDlg  ACBP=A9
 0001:0002E8C4 00000310 C=CODE     S=.text    G=(none)   M=SysConst ACBP=A9
 0001:0002EBD4 000000C0 C=CODE     S=.text    G=(none)   M=WinSock  ACBP=A9
 0001:0002EC94 00033194 C=CODE     S=.text    G=(none)   M=madExcept ACBP=A9
 0001:00061E28 00000047 C=CODE     S=.text    G=(none)   M=madLinkDisAsm ACBP=A9
 0001:00061E70 00000F64 C=CODE     S=.text    G=(none)   M=madListHardware ACBP=A9
 0001:00062DD4 00000C2C C=CODE     S=.text    G=(none)   M=madListProcesses ACBP=A9
 0001:00063A00 00000598 C=CODE     S=.text    G=(none)   M=madListModules ACBP=A9
 0001:00063F98 000068F8 C=CODE     S=.text    G=(none)   M=SysUtils ACBP=A9
 0001:0006A890 00000807 C=CODE     S=.text    G=(none)   M=VarUtils ACBP=A9
 0001:0006B098 00002A42 C=CODE     S=.text    G=(none)   M=Variants ACBP=A9
 0001:0006DADC 00000130 C=CODE     S=.text    G=(none)   M=RTLConsts ACBP=A9
 0001:0006DC0C 00000804 C=CODE     S=.text    G=(none)   M=TypInfo  ACBP=A9
 0001:0006E410 000098BE C=CODE     S=.text    G=(none)   M=Classes  ACBP=A9
 0001:00077CD0 000002E0 C=CODE     S=.text    G=(none)   M=Consts   ACBP=A9
 0001:00077FB0 00008FB7 C=CODE     S=.text    G=(none)   M=Graphics ACBP=A9
 0001:00080F68 00000048 C=CODE     S=.text    G=(none)   M=Math     ACBP=A9
 0001:00080FB0 000002D4 C=CODE     S=.text    G=(none)   M=Contnrs  ACBP=A9
 0001:00081284 00000793 C=CODE     S=.text    G=(none)   M=MultiMon ACBP=A9
 0001:00081A18 00000038 C=CODE     S=.text    G=(none)   M=Imm      ACBP=A9
 0001:00081A50 00000FF8 C=CODE     S=.text    G=(none)   M=HelpIntfs ACBP=A9
 0001:00082A48 00000038 C=CODE     S=.text    G=(none)   M=WinSpool ACBP=A9
 0001:00082A80 00000044 C=CODE     S=.text    G=(none)   M=Printers ACBP=A9
 0001:00082AC4 0000031F C=CODE     S=.text    G=(none)   M=FlatSB   ACBP=A9
 0001:00082DE4 000001A4 C=CODE     S=.text    G=(none)   M=SyncObjs ACBP=A9
 0001:00082F88 000009BB C=CODE     S=.text    G=(none)   M=UxTheme  ACBP=A9
 0001:00083944 00000A40 C=CODE     S=.text    G=(none)   M=Themes   ACBP=A9
 0001:00084384 000062A8 C=CODE     S=.text    G=(none)   M=StdCtrls ACBP=A9
 0001:0008A62C 00002406 C=CODE     S=.text    G=(none)   M=ExtCtrls ACBP=A9
 0001:0008CA34 00000038 C=CODE     S=.text    G=(none)   M=Dlgs     ACBP=A9
 0001:0008CA6C 0000130D C=CODE     S=.text    G=(none)   M=Dialogs  ACBP=A9
 0001:0008DD7C 000006A4 C=CODE     S=.text    G=(none)   M=Clipbrd  ACBP=A9
 0001:0008E420 000000C0 C=CODE     S=.text    G=(none)   M=StrUtils ACBP=A9
 0001:0008E4E0 00000168 C=CODE     S=.text    G=(none)   M=StdActns ACBP=A9
 0001:0008E648 00000D1F C=CODE     S=.text    G=(none)   M=WinHelpViewer ACBP=A9
 0001:0008F368 00010DA7 C=CODE     S=.text    G=(none)   M=Controls ACBP=A9
 0001:000A0110 00001292 C=CODE     S=.text    G=(none)   M=ActnList ACBP=A9
 0001:000A13A4 0000170C C=CODE     S=.text    G=(none)   M=ImgList  ACBP=A9
 0001:000A2AB0 000066AD C=CODE     S=.text    G=(none)   M=Menus    ACBP=A9
 0001:000A9160 0000C588 C=CODE     S=.text    G=(none)   M=Forms    ACBP=A9
 0001:000B56E8 00000068 C=CODE     S=.text    G=(none)   M=IniFiles ACBP=A9
 0001:000B5750 00000654 C=CODE     S=.text    G=(none)   M=Registry ACBP=A9
 0001:000B5DA4 00000A2C C=CODE     S=.text    G=(none)   M=MaskUtils ACBP=A9
 0001:000B67D0 000029A8 C=CODE     S=.text    G=(none)   M=Mask     ACBP=A9
 0001:000B9178 000000F5 C=CODE     S=.text    G=(none)   M=Buttons  ACBP=A9
 0001:000B9270 00000038 C=CODE     S=.text    G=(none)   M=FileCtrl ACBP=A9
 0001:000B92A8 000016BC C=CODE     S=.text    G=(none)   M=upload   ACBP=A9
 0001:000BA964 000002AD C=CODE     S=.text    G=(none)   M=UploadProgram ACBP=A9
 0002:00000000 000000A0 C=DATA     S=.data    G=DGROUP   M=System   ACBP=A9
 0002:000000A0 00000020 C=DATA     S=.data    G=DGROUP   M=SysInit  ACBP=A9
 0002:000000C0 000002DC C=DATA     S=.data    G=DGROUP   M=madStrings ACBP=A9
 0002:0000039C 000000A0 C=DATA     S=.data    G=DGROUP   M=madTools ACBP=A9
 0002:0000043C 0000084D C=DATA     S=.data    G=DGROUP   M=madDisAsm ACBP=A9
 0002:00000C8C 000010C4 C=DATA     S=.data    G=DGROUP   M=madZip   ACBP=A9
 0002:00001D50 0000108C C=DATA     S=.data    G=DGROUP   M=madCrypt ACBP=A9
 0002:00002DDC 00000020 C=DATA     S=.data    G=DGROUP   M=madMapFile ACBP=A9
 0002:00002DFC 00000004 C=DATA     S=.data    G=DGROUP   M=madStackTrace ACBP=A9
 0002:00002E00 00000010 C=DATA     S=.data    G=DGROUP   M=madNVAssistant ACBP=A9
 0002:00002E10 00000B30 C=DATA     S=.data    G=DGROUP   M=madExcept ACBP=A9
 0002:00003940 00000018 C=DATA     S=.data    G=DGROUP   M=madListProcesses ACBP=A9
 0002:00003958 00000254 C=DATA     S=.data    G=DGROUP   M=SysUtils ACBP=A9
 0002:00003BAC 00000008 C=DATA     S=.data    G=DGROUP   M=VarUtils ACBP=A9
 0002:00003BB4 0000008E C=DATA     S=.data    G=DGROUP   M=Variants ACBP=A9
 0002:00003C44 0000000C C=DATA     S=.data    G=DGROUP   M=TypInfo  ACBP=A9
 0002:00003C50 00000064 C=DATA     S=.data    G=DGROUP   M=Classes  ACBP=A9
 0002:00003CB4 00000304 C=DATA     S=.data    G=DGROUP   M=Graphics ACBP=A9
 0002:00003FB8 00000004 C=DATA     S=.data    G=DGROUP   M=Printers ACBP=A9
 0002:00003FBC 00000068 C=DATA     S=.data    G=DGROUP   M=Themes   ACBP=A9
 0002:00004024 000000B0 C=DATA     S=.data    G=DGROUP   M=StdCtrls ACBP=A9
 0002:000040D4 0000018C C=DATA     S=.data    G=DGROUP   M=ExtCtrls ACBP=A9
 0002:00004260 000000B4 C=DATA     S=.data    G=DGROUP   M=Dialogs  ACBP=A9
 0002:00004314 0000013C C=DATA     S=.data    G=DGROUP   M=Controls ACBP=A9
 0002:00004450 00000020 C=DATA     S=.data    G=DGROUP   M=ImgList  ACBP=A9
 0002:00004470 000000EC C=DATA     S=.data    G=DGROUP   M=Menus    ACBP=A9
 0002:0000455C 0000011C C=DATA     S=.data    G=DGROUP   M=Forms    ACBP=A9
 0002:00004678 00000008 C=DATA     S=.data    G=DGROUP   M=IniFiles ACBP=A9
 0002:00004680 00000008 C=DATA     S=.data    G=DGROUP   M=Registry ACBP=A9
 0002:00004688 00000009 C=DATA     S=.data    G=DGROUP   M=MaskUtils ACBP=A9
 0002:00004694 00000004 C=DATA     S=.data    G=DGROUP   M=Mask     ACBP=A9
 0002:00004698 0000002C C=DATA     S=.data    G=DGROUP   M=Buttons  ACBP=A9
 0002:00005000 00000660 C=BSS      S=.bss     G=DGROUP   M=System   ACBP=A9
 0002:00005660 00000010 C=BSS      S=.bss     G=DGROUP   M=SysInit  ACBP=A9
 0002:00005670 00000004 C=BSS      S=.bss     G=DGROUP   M=Types    ACBP=A9
 0002:00005674 00000004 C=BSS      S=.bss     G=DGROUP   M=Windows  ACBP=A9
 0002:00005678 00000004 C=BSS      S=.bss     G=DGROUP   M=madTypes ACBP=A9
 0002:0000567C 0000000C C=BSS      S=.bss     G=DGROUP   M=madStrings ACBP=A9
 0002:00005688 00000004 C=BSS      S=.bss     G=DGROUP   M=Messages ACBP=A9
 0002:0000568C 00000004 C=BSS      S=.bss     G=DGROUP   M=madNVPrgrAlert ACBP=A9
 0002:00005690 00000028 C=BSS      S=.bss     G=DGROUP   M=madTools ACBP=A9
 0002:000056B8 00000004 C=BSS      S=.bss     G=DGROUP   M=madDisAsm ACBP=A9
 0002:000056BC 00001114 C=BSS      S=.bss     G=DGROUP   M=madZip   ACBP=A9
 0002:000067D0 00000004 C=BSS      S=.bss     G=DGROUP   M=madCrypt ACBP=A9
 0002:000067D4 00000008 C=BSS      S=.bss     G=DGROUP   M=madMapFile ACBP=A9
 0002:000067DC 0000002C C=BSS      S=.bss     G=DGROUP   M=madStackTrace ACBP=A9
 0002:00006808 00000004 C=BSS      S=.bss     G=DGROUP   M=madNVBitmap ACBP=A9
 0002:0000680C 00000004 C=BSS      S=.bss     G=DGROUP   M=madNVAssistant ACBP=A9
 0002:00006810 00000004 C=BSS      S=.bss     G=DGROUP   M=ActiveX  ACBP=A9
 0002:00006814 00000004 C=BSS      S=.bss     G=DGROUP   M=CommCtrl ACBP=A9
 0002:00006818 00000004 C=BSS      S=.bss     G=DGROUP   M=ShellAPI ACBP=A9
 0002:0000681C 00000004 C=BSS      S=.bss     G=DGROUP   M=RegStr   ACBP=A9
 0002:00006820 00000004 C=BSS      S=.bss     G=DGROUP   M=WinInet  ACBP=A9
 0002:00006824 00000004 C=BSS      S=.bss     G=DGROUP   M=UrlMon   ACBP=A9
 0002:00006828 00000004 C=BSS      S=.bss     G=DGROUP   M=ShlObj   ACBP=A9
 0002:0000682C 00000004 C=BSS      S=.bss     G=DGROUP   M=CommDlg  ACBP=A9
 0002:00006830 00000004 C=BSS      S=.bss     G=DGROUP   M=SysConst ACBP=A9
 0002:00006834 00000004 C=BSS      S=.bss     G=DGROUP   M=WinSock  ACBP=A9
 0002:00006838 000000D0 C=BSS      S=.bss     G=DGROUP   M=madExcept ACBP=A9
 0002:00006908 00000004 C=BSS      S=.bss     G=DGROUP   M=madLinkDisAsm ACBP=A9
 0002:0000690C 00000004 C=BSS      S=.bss     G=DGROUP   M=madListHardware ACBP=A9
 0002:00006910 00000004 C=BSS      S=.bss     G=DGROUP   M=madListProcesses ACBP=A9
 0002:00006914 00000004 C=BSS      S=.bss     G=DGROUP   M=madListModules ACBP=A9
 0002:00006918 00000120 C=BSS      S=.bss     G=DGROUP   M=SysUtils ACBP=A9
 0002:00006A38 0000005C C=BSS      S=.bss     G=DGROUP   M=VarUtils ACBP=A9
 0002:00006A94 00000040 C=BSS      S=.bss     G=DGROUP   M=Variants ACBP=A9
 0002:00006AD4 00000004 C=BSS      S=.bss     G=DGROUP   M=RTLConsts ACBP=A9
 0002:00006AD8 00000004 C=BSS      S=.bss     G=DGROUP   M=TypInfo  ACBP=A9
 0002:00006ADC 00000040 C=BSS      S=.bss     G=DGROUP   M=Classes  ACBP=A9
 0002:00006B1C 00000004 C=BSS      S=.bss     G=DGROUP   M=Consts   ACBP=A9
 0002:00006B20 00000060 C=BSS      S=.bss     G=DGROUP   M=Graphics ACBP=A9
 0002:00006B80 00000004 C=BSS      S=.bss     G=DGROUP   M=Math     ACBP=A9
 0002:00006B84 00000004 C=BSS      S=.bss     G=DGROUP   M=Contnrs  ACBP=A9
 0002:00006B88 00000031 C=BSS      S=.bss     G=DGROUP   M=MultiMon ACBP=A9
 0002:00006BBC 00000004 C=BSS      S=.bss     G=DGROUP   M=Imm      ACBP=A9
 0002:00006BC0 00000008 C=BSS      S=.bss     G=DGROUP   M=HelpIntfs ACBP=A9
 0002:00006BC8 00000004 C=BSS      S=.bss     G=DGROUP   M=WinSpool ACBP=A9
 0002:00006BCC 00000004 C=BSS      S=.bss     G=DGROUP   M=Printers ACBP=A9
 0002:00006BD0 00000034 C=BSS      S=.bss     G=DGROUP   M=FlatSB   ACBP=A9
 0002:00006C04 00000004 C=BSS      S=.bss     G=DGROUP   M=SyncObjs ACBP=A9
 0002:00006C08 000000CC C=BSS      S=.bss     G=DGROUP   M=UxTheme  ACBP=A9
 0002:00006CD4 00000008 C=BSS      S=.bss     G=DGROUP   M=Themes   ACBP=A9
 0002:00006CDC 00000004 C=BSS      S=.bss     G=DGROUP   M=StdCtrls ACBP=A9
 0002:00006CE0 00000004 C=BSS      S=.bss     G=DGROUP   M=ExtCtrls ACBP=A9
 0002:00006CE4 00000004 C=BSS      S=.bss     G=DGROUP   M=Dlgs     ACBP=A9
 0002:00006CE8 00000038 C=BSS      S=.bss     G=DGROUP   M=Dialogs  ACBP=A9
 0002:00006D20 0000000C C=BSS      S=.bss     G=DGROUP   M=Clipbrd  ACBP=A9
 0002:00006D2C 00000004 C=BSS      S=.bss     G=DGROUP   M=StrUtils ACBP=A9
 0002:00006D30 00000004 C=BSS      S=.bss     G=DGROUP   M=StdActns ACBP=A9
 0002:00006D34 00000014 C=BSS      S=.bss     G=DGROUP   M=WinHelpViewer ACBP=A9
 0002:00006D48 00000080 C=BSS      S=.bss     G=DGROUP   M=Controls ACBP=A9
 0002:00006DC8 00000004 C=BSS      S=.bss     G=DGROUP   M=ActnList ACBP=A9
 0002:00006DCC 0000000C C=BSS      S=.bss     G=DGROUP   M=ImgList  ACBP=A9
 0002:00006DD8 00000010 C=BSS      S=.bss     G=DGROUP   M=Menus    ACBP=A9
 0002:00006DE8 00000020 C=BSS      S=.bss     G=DGROUP   M=Forms    ACBP=A9
 0002:00006E08 00000004 C=BSS      S=.bss     G=DGROUP   M=IniFiles ACBP=A9
 0002:00006E0C 00000004 C=BSS      S=.bss     G=DGROUP   M=Registry ACBP=A9
 0002:00006E10 00000004 C=BSS      S=.bss     G=DGROUP   M=MaskUtils ACBP=A9
 0002:00006E14 00000004 C=BSS      S=.bss     G=DGROUP   M=Mask     ACBP=A9
 0002:00006E18 00000030 C=BSS      S=.bss     G=DGROUP   M=Buttons  ACBP=A9
 0002:00006E48 00000004 C=BSS      S=.bss     G=DGROUP   M=FileCtrl ACBP=A9
 0002:00006E4C 00000008 C=BSS      S=.bss     G=DGROUP   M=upload   ACBP=A9


  Address         Publics by Name

 0002:00005690       .1
 0002:00006BA8       .1
 0002:00006BF0       .1
 0002:0000690C       .1
 0002:0000680C       .1
 0002:00006BBC       .1
 0002:000056BC       .1
 0002:00006D3C       .1
 0002:00006820       .1
 0002:00006AD4       .1
 0002:0000681C       .1
 0002:00006914       .1
 0002:00006CE4       .1
 0002:00005668       .1
 0002:0000568C       .1
 0002:00006818       .1
 0002:00006814       .1
 0002:00005688       .1
 0002:00006808       .1
 0002:0000567C       .1
 0002:00006910       .1
 0002:00006824       .1
 0002:00006828       .1
 0002:0000682C       .1
 0002:00006830       .1
 0002:00006CC4       .1
 0002:00006908       .1
 0002:000067DC       .1
 0002:00006834       .1
 0002:00006B1C       .1
 0002:00006D2C       .1
 0002:000067D0       .1
 0002:00005670       .1
 0002:00006CE8       .11
 0002:00006B24       .12
 0002:00006CE0       .12
 0002:00006E50       .2
 0002:00006B80       .2
 0002:00006CD4       .2
 0002:00006BC0       .2
 0002:00006E10       .2
 0002:00006D24       .2
 0002:00005678       .2
 0002:00006B84       .21
 0002:00006BC8       .3
 0002:0000683C       .3
 0002:00005674       .3
 0002:00006DCC       .3
 0002:00006810       .3
 0002:00006BCC       .3
 0002:00006A28       .35
 0002:00006E18       .4
 0002:00006DF0       .41
 0002:00006CDC       .42
 0002:00006AE8       .45
 0002:00006E0C       .5
 0002:000067D4       .5
 0002:00006E48       .5
 0002:000055B8       .5
 0002:00006E14       .5
 0002:00006A90       .5
 0002:000056B8       .5
 0002:00006AD8       .6
 0002:00006C04       .6
 0002:00006D50       .72
 0002:00006D30       .73
 0002:00006DC8       .8
 0002:00006E08       .8
 0002:00006AB4       .81
 0002:00006DE0       .9
 0001:00001FD0       @AbstractError
 0001:00003224       @AfterConstruction
 0001:00003050       @AsClass
 0001:00003CE4       @Assert
 0001:000022B4       @Assign
 0001:000024B0       @AStrCmp
 0001:00003234       @BeforeDestruction
 0001:00002DC8       @BoundErr
 0001:0000309C       @CallDynaInst
 0001:000031CC       @ClassCreate
 0001:0000321C       @ClassDestroy
 0001:0000237C       @Close
 0001:00001C94       @Copy
 0001:00004DF8       @CopyArray
 0001:00004CDC       @CopyRecord
 0001:00004F10       @DispCallByIDError
 0001:0006BB38       @DispInvokeError
 0001:00004F00       @Dispose
 0001:00003774       @DoneExcept
 0001:000053C0       @DynArrayAddRef
 0001:00005398       @DynArrayAsg
 0001:0000535C       @DynArrayClear
 0001:0000523C       @DynArrayCopy
 0001:0000525C       @DynArrayCopyRange
 0001:0000505C       @DynArrayHigh
 0001:00005054       @DynArrayLength
 0001:00005230       @DynArraySetLength
 0001:00002520       @EofText
 0001:0000385C       @ExceptionHandler
 0001:00002558       @FillChar
 0001:00004CB8       @Finalize
 0001:00004BCC       @FinalizeArray
 0001:00004B80       @FinalizeRecord
 0001:000030B4       @FindDynaInst
 0001:00002370       @Flush
 0001:00002DBC       @FpuInit
 0001:00002CF8       @FpuMaskInit
 0001:00001AD8       @FreeMem
 0001:00001AA8       @GetMem
 0001:0000621C       @GetTls
 0001:00003CCC       @Halt
 0001:00003BEC       @Halt0
 0001:00003348       @HandleAnyException
 0001:00003634       @HandleAutoException
 0001:000035FC       @HandleFinally
 0001:00003474       @HandleOnException
 0001:00006268       @InitExe
 0001:00004B74       @Initialize
 0001:00004AE0       @InitializeArray
 0001:00004AB0       @InitializeRecord
 0001:00003AB0       @InitImports
 0001:00003A88       @InitResStringImports
 0001:00003A64       @InitResStrings
 0001:00005B30       @IntfAddRef
 0001:00005B00       @IntfCast
 0001:00005ABC       @IntfClear
 0001:00005AD4       @IntfCopy
 0001:00002DD0       @IntOver
 0001:0000302C       @IsClass
 0001:00002CC8       @isNECWindows
 0001:00001CD8       @LGetDir
 0001:00004240       @LStrAddRef
 0001:00003DA4       @LStrArrayClr
 0001:00003DD4       @LStrAsg
 0001:00004058       @LStrCat
 0001:0000409C       @LStrCat3
 0001:00004110       @LStrCatN
 0001:00003D80       @LStrClr
 0001:0000419C       @LStrCmp
 0001:000042B4       @LStrCopy
 0001:000042F4       @LStrDelete
 0001:00004000       @LStrFromArray
 0001:00003F68       @LStrFromChar
 0001:00003F88       @LStrFromPChar
 0001:00003E70       @LStrFromPCharLen
 0001:00003FB8       @LStrFromPWChar
 0001:00003EDC       @LStrFromPWCharLen
 0001:00003FF4       @LStrFromString
 0001:00003F78       @LStrFromWChar
 0001:00004018       @LStrFromWStr
 0001:0000433C       @LStrInsert
 0001:00003E18       @LStrLAsg
 0001:00004050       @LStrLen
 0001:00004444       @LStrOfChar
 0001:00004398       @LStrPos
 0001:000043E0       @LStrSetLength
 0001:00004250       @LStrToPChar
 0001:0000402C       @LStrToString
 0001:00004EEC       @New
 0001:00003E44       @NewAnsiString
 0001:00004544       @NewWideString
 0001:000029DC       @Pow10
 0001:0000242C       @PStrCmp
 0001:00002404       @PStrCpy
 0001:000023D4       @PStrNCat
 0001:00002410       @PStrNCpy
 0001:00003720       @RaiseAgain
 0001:000036F8       @RaiseExcept
 0001:000025B4       @ReadChar
 0001:00002718       @ReadLn
 0001:000026AC       @ReadLString
 0001:000026A0       @ReadString
 0001:00001AF8       @ReallocMem
 0001:00002044       @ResetText
 0001:00002050       @RewritText
 0001:00001FA0       @ROUND
 0001:00003CD8       @RunError
 0001:000029B4       @SetEq
 0001:000029C8       @SetUnion
 0001:00003A24       @StartExe
 0001:00000314       @strlen
 0001:00001FAC       @TRUNC
 0001:000037A4       @TryFinallyExit
 0001:000042A8       @UniqueStringA
 0001:00002748       @ValLong
 0001:0006D230       @VarAddRef
 0001:0006BE24       @VarClear
 0001:00004BB4       @VarClr
 0001:0006BE38       @VarClr
 0001:0006C160       @VarCopy
 0001:00004CC4       @VarCopy
 0001:0006D168       @VarFromBool
 0001:0006D1B8       @VarFromCurr
 0001:0006D100       @VarFromInt
 0001:0006D13C       @VarFromInt64
 0001:0006D1CC       @VarFromLStr
 0001:0006D190       @VarFromReal
 0001:0006D1A4       @VarFromTDateTime
 0001:0006D1F8       @VarFromWStr
 0001:0006BB8C       @VarNull
 0001:0006C48C       @VarToLStr
 0001:0006CBAC       @VarToWStr
 0001:00004470       @Write0LString
 0001:000044AC       @Write0WString
 0001:00002860       @WriteBytes
 0001:00002930       @WriteLn
 0001:0000448C       @WriteLString
 0001:000028B4       @WriteSpaces
 0001:000044C8       @WriteWString
 0001:00004A90       @WStrAddRef
 0001:00004584       @WStrArrayClr
 0001:000045A8       @WStrAsg
 0001:0000473C       @WStrCat
 0001:0000479C       @WStrCat3
 0001:00004804       @WStrCatN
 0001:0000456C       @WStrClr
 0001:0000484C       @WStrCmp
 0001:000048D0       @WStrCopy
 0001:0000491C       @WStrDelete
 0001:000046DC       @WStrFromArray
 0001:00004710       @WStrFromLStr
 0001:000045D4       @WStrFromPCharLen
 0001:00004694       @WStrFromPWChar
 0001:00004660       @WStrFromPWCharLen
 0001:000046D0       @WStrFromString
 0001:000046F4       @WStrFromWArray
 0001:00004684       @WStrFromWChar
 0001:000049AC       @WStrInsert
 0001:000045CC       @WStrLAsg
 0001:00004730       @WStrLen
 0001:00004A48       @WStrSetLength
 0001:00004720       @WStrToPWChar
 0001:00002990       @_CLenToPasStr
 0001:00002984       @_CToPasStr
 0001:00001C64       @_IOTest
 0001:00004F3C       @_lldiv
 0001:00004FB8       @_llmod
 0001:00004F18       @_llmul
 0001:00005034       @_llshl
 0001:00092058       AbsMin
 0001:00068910       AbstractErrorHandler
 0002:00005028       AbstractErrorProc
 0002:000039DC       AccessMode
 0001:00001BB0       AcquireExceptionObject
 0002:00006848       ActionHandlers
 0002:0000684C       ActionHandlersOO
 0001:0007076C       ActivateClassGroup
 0001:00006D68       ActivateKeyboardLayout
 0002:00006D84       ActiveDrag
 0001:0002E630       ActiveX
 0001:000A1378       ActnList
 0001:0000047C       AddBlockAfter
 0002:00002E20       AddCmdLineToBugRep
 0001:00013D78       AddCodeArea
 0001:0004FA58       AddColumnStr
 0002:00003C50       AddDataModule
 0001:00061F00       AddDevice
 0001:00064BD0       AddExitProc
 0001:000453B4       AddFields
 0001:000738F4       AddFinished
 0001:00021780       AddFunction
 0001:00049640       AddHeaderInfo
 0001:000A46E4       AddIn
 0001:00062E20       AddItem
 0001:00056B20       AddItem
 0001:00059A64       AddItem
 0001:0002B180       AddItem
 0001:00015104       AddLine
 0001:000225F8       AddLink
 0001:0003317C       AddMEProperty
 0001:00023F90       AddMinDebugInfoItem
 0001:00021348       AddModule
 0001:00005914       AddModuleUnloadProc
 0001:00005924       AddModuleUnloadProc
 0001:0000E878       AddMsgHandler
 0001:0000E6D8       AddMsgHandler_
 0001:0007392C       AddNotFinished
 0001:000562A4       AddPatch
 0001:00025B40       AddPngPart
 0001:0005FAC0       AddPtr
 0001:00013F14       AddSpecialBlock
 0001:000229C8       AddStackItem
 0001:00074350       AddSubComponentsToLoaded
 0001:0007BAC0       AdjustColor
 0001:0008C280       AdjustColors
 0001:000AB790       Adjustment
 0001:00006D70       AdjustWindowRectEx
 0001:00025A18       Adler32
 0002:00004534       Alignments
 0002:00004544       Alignments
 0002:00004030       Alignments
 0002:000040DC       Alignments
 0001:000976F0       AlignWork
 0001:000B26D4       AlignWork
 0001:00006428       AllocateAndInitializeSid
 0001:00077AAC       AllocateHWnd
 0001:00064B74       AllocMem
 0002:000055B0       AllocMemCount
 0002:000055B4       AllocMemSize
 0001:00054D04       AllocOutOfMemoryInsurance
 0001:00080D60       AllocPatternBitmap
 0001:000061AC       AllocTlsBuffer
 0001:0000E648       AllowWindowMessage
 0002:00002EBC       AmHttpServer
 0002:00002F3C       AmInMeInit
 0002:00002F40       AmInModuleFinal
 0002:00003770       AmInTraceProcess
 0002:00002F38       AmMeBpl
 0001:0003E114       AmOnline
 0002:0000377C       AmSyncingHandlers
 0001:0004F478       AnalyzePiece
 0002:00004320       AnchorAlign
 0002:00004314       AnimateWindowProc
 0002:0000441C       AnimationStyle
 0001:00064DD8       AnsiCompareStr
 0001:00064E10       AnsiCompareText
 0001:0008E490       AnsiContainsStr
 0001:0008E420       AnsiContainsText
 0001:00065400       AnsiLastChar
 0001:00006D78       AnsiLower
 0001:00064DA4       AnsiLowerCase
 0001:0006933C       AnsiLowerCaseFileName
 0001:00069300       AnsiPos
 0001:000A8F6C       AnsiSameCaption
 0001:00064E48       AnsiSameText
 0001:00064E60       AnsiStrLIComp
 0001:000693C8       AnsiStrPos
 0001:00069488       AnsiStrRScan
 0001:000694D0       AnsiStrScan
 0001:000428E4       AnsiToGlobalUnicode
 0001:00005F48       AnsiToUtf8
 0001:00064D70       AnsiUpperCase
 0002:0000379C       AntiFreezeCnt
 0002:00003798       AntiFreezeMsg
 0002:000037A0       AntiFreezePause
 0002:000037A4       AntiFreezePauseEvent
 0002:000037A8       AntiFreezeStopEvent
 0002:00003790       AntiFreezeTh
 0001:00037804       AntiFreezeThread
 0002:0000378C       AntiFreezeTid
 0002:000037AC       AntiFreezeTls
 0002:00003794       AntiFreezeWnd
 0001:000668C8       AppendChars
 0001:00066C94       AppendFormat
 0001:0006692C       AppendNumber
 0001:0006690C       AppendString
 0002:00006DE8       Application
 0002:00003C60       ApplicationHandleException
 0002:00003C68       ApplicationShowException
 0001:0002165C       ApproveFunction
 0001:00021698       ApproveFunction
 0002:00004670       AppVisible
 0002:000038C0       Armadillo
 0002:00004694       ArrowKey
 0001:000688F4       AssertErrorHandler
 0002:00005020       AssertErrorProc
 0001:0006DEBC       AssignLongStr
 0001:0006E278       AssignVariant
 0001:00006D80       AttachThreadInput
 0002:00005608       avail
 0002:00002D9C       b64
 0001:00065544       BackfillGetDiskFreeSpaceEx
 0001:00094C00       BackgroundClipped
 0001:0006AB20       BackupVarBoolFromStr
 0001:0006AC80       BackupVarBStrFromBool
 0001:0006ABA0       BackupVarBStrFromCy
 0001:0006AC10       BackupVarBStrFromDate
 0001:0006AAB4       BackupVarCyFromStr
 0001:0006AA48       BackupVarDateFromStr
 0001:0006A904       BackupVarI4FromStr
 0001:0006A8B0       BackupVariantChangeTypeEx
 0001:0006A970       BackupVarR4FromStr
 0001:0006A9DC       BackupVarR8FromStr
 0002:000014F8       BaseDistance
 0002:00001484       BaseLength
 0002:00000448       BcbInitExceptBlockLDTC
 0001:00068EF0       Beep
 0001:00006500       Beep
 0001:00070AC4       BeginGlobalLoading
 0001:00006D88       BeginPaint
 0001:00003D3C       BeginThread
 0002:000038C4       BeginThread_Begin
 0002:000038C8       BeginThread_End
 0001:0007BACC       BetterSize
 0001:000A5578       BiDiDraw
 0001:0002EBD4       bind
 0001:00006AB0       BitBlt
 0002:00004698       BitBtnCaptions
 0002:00006E1C       BitBtnGlyphs
 0002:000016A8       BitLengthOrder
 0002:00003F6C       BitmapCanvasList
 0002:00006B3C       BitmapImageLock
 0002:00001928       BitOrder
 0001:00016EF4       BitReverse
 0001:000174A8       BitsWindup
 0001:0006A8EC       BiUnimplemented
 0002:00003C88       BlockCode
 0002:000055E0       blockDescBlockList
 0002:000055E4       blockDescFreeList
 0002:00003C44       BooleanIdents
 0001:00008578       BooleanToCharW
 0002:00003BC0       BooleanToStringRule
 0001:00028E68       BooleanValue
 0001:00065298       BoolToStr
 0001:0006C214       BoolToWStrViaOS
 0002:00004028       BorderStyles
 0002:000040D4       BorderStyles
 0001:000260C4       Bottom
 0001:0006FA84       Bounds
 0001:00006308       Bounds
 0002:000044DC       Breaks
 0001:00006D90       BringWindowToTop
 0002:00006B74       BrushManager
 0002:00002EC0       BugReportHtml
 0001:000178F0       BuildBitLengthTree
 0001:00019278       BuildHuffmanTables
 0001:000A7D4C       BuildImage
 0001:00017260       BuildTree
 0002:000042BC       ButtonCaptions
 0002:00004290       ButtonNames
 0001:000B9248       Buttons
 0002:00004558       Buttons
 0002:000040CC       ButtonStyles
 0002:00006CF4       ButtonWidths
 0001:0007B298       BytesPerScanline
 0001:0007B5FC       ByteSwapColors
 0001:00068FD4       ByteToCharIndex
 0001:00068FAC       ByteToCharLen
 0001:00068F70       ByteType
 0001:00068EF8       ByteTypeTest
 0002:00000A38       C3dNowLabels
 0002:00006DD0       CachedComCtrlVer
 0002:00003890       CAdminSia
 0001:0005FB58       CalcCheckSum
 0001:00014968       CalcCodeBegin
 0001:0001BBAC       CalcCryptPassword
 0001:000779B0       CalcJmpOffset
 0001:00011F8C       CalcMSize
 0001:0009F3E4       CalcSplitterPos
 0001:00027A24       CalculateArea
 0001:00027B38       CalculateRegion
 0001:0002EDF4       CalibrateCode
 0002:00002EB8       CalibrateData
 0002:0000390C       CalibrateLeakCheckingProc
 0001:0005FFC8       CalibrateModule
 0001:00060170       CalibrateModules
 0001:00006D98       CallNextHookEx
 0001:00069CE8       CallTerminateProcs
 0001:0005DF94       CallThreadProcSafe
 0001:00006DA0       CallWindowProc
 0001:00006DA8       CallWindowProcA
 0001:00006DB0       CallWindowProcW
 0001:000930A4       CancelDrag
 0002:00006D98       CanvasList
 0002:00006B78       CanvasList
 0002:00004268       Captions
 0002:000043D8       CaptureControl
 0002:0000447C       cBooleanToItemAutoFlag
 0002:0000381C       CBoundary
 0002:00000A30       Ccc
 0002:00003764       CDfmHeader
 0002:00000C3C       CEmptyFunctionInfo
 0002:000037FC       CEncodeMailto
 0002:000037DC       CEncodeSmtp
 0002:0000043C       CErrorStr_InvalidCode
 0002:00002F74       CEveryoneSia
 0002:00006D22       CF_COMPONENT
 0002:00006D20       CF_PICTURE
 0002:00002F10       CGIApp_TCGIApplication_CGIHandleException
 0002:00006AAC       ChangeAnyProc
 0001:00091608       ChangeBiDiModeAlignment
 0002:00004080       CharCases
 0002:00004050       CharCases
 0001:00003EA0       CharFromWChar
 0001:000691B8       CharLength
 0001:00006DB8       CharLowerBuff
 0001:0000027C       CharNext
 0001:00006DC0       CharNext
 0001:00079A9C       CharsetToIdent
 0001:000690C0       CharToByteIndex
 0001:00069124       CharToByteLen
 0001:00006DC8       CharToOemA
 0001:00006DD0       CharUpperBuff
 0001:00013FD8       CheckAddTarget
 0001:00031874       CheckAutoBtn
 0001:00054084       CheckAutoSave
 0001:00054330       CheckAutoStuff
 0001:0007C0B0       CheckBool
 0001:0004C3D8       CheckColDec
 0001:000169A4       CheckDstMap
 0001:0001856C       CheckDstMap
 0001:00037B84       CheckEMailAddress
 0001:00032680       CheckExceptAddr
 0001:000324F8       CheckExceptParams
 0001:0005FBB4       CheckFileCrc
 0001:0005C0D4       CheckFilters
 0001:00021CF8       CheckFunctionAreas
 0001:0001300C       CheckFunctionName
 0001:000032C4       CheckJmp
 0001:00006DD8       CheckMenuItem
 0001:00010A8C       CheckPrefix
 0002:00000414       CheckProcAddress
 0001:00011724       CheckRegState
 0001:0005F9A4       CheckRestart
 0002:000044CC       Checks
 0001:00018344       CheckSrcMap
 0001:000167B4       CheckSrcMap
 0001:000131E0       CheckStringData
 0001:0007438C       CheckSubComponents
 0001:00076770       CheckSynchronize
 0001:00011470       CheckTarget
 0001:000AB1C4       CheckTaskWindow
 0001:000164A8       CheckTryRead
 0001:00092D58       CheckUndock
 0001:00068DE4       CheckWin32Version
 0001:000433E4       ChooseAuthScheme
 0002:00003BC4       CInvalidCustomVariantType
 0002:00004480       cItemAutoFlagToBoolean
 0002:00004478       cItemAutoFlagToMenu
 0002:0000044C       CKernel32
 0002:00000450       CKernelbase
 0001:00077C3C       Classes
 0002:00002F0C       Classes_CheckSynchronize
 0001:00070530       ClassNotFound
 0002:00006AA8       ClearAnyProc
 0001:0007931C       ClearColor
 0001:00044194       ClearEmail
 0001:000324B0       ClearLastException
 0002:0000391C       ClearLeaksProc
 0001:0002F99C       ClearTempPath
 0001:0006D56C       ClearVariantTypeList
 0001:00006DE0       ClientToScreen
 0001:0009C97C       ClientToWindow
 0001:0008E2DC       Clipboard
 0002:00003F64       ClipboardFormats
 0001:0008E3C8       Clipbrd
 0001:000619FC       Close
 0001:00037A2C       CloseAntiFreeze
 0002:00002E28       CloseAppExitCode
 0001:0004C1D0       CloseApplication
 0001:0003FCAC       CloseAttachFiles
 0001:0002581C       CloseBmp
 0001:00006DE8       CloseClipboard
 0001:0005EB30       CloseCreateThreadHook
 0001:000372F4       CloseFireHandlers
 0001:0000021C       CloseHandle
 0001:00006508       CloseHandle
 0001:00054BC8       CloseHandleExceptionThread
 0001:0005ED88       CloseMessageHooks
 0001:0002EBDC       closesocket
 0002:00006C0C       CloseThemeData
 0002:00002E10       CMadExceptVersionString
 0002:00000438       CMadToolsMsgHandlerWindow
 0002:00002DF8       CMapFileStreamDescriptor
 0002:0000503C       CmdLine
 0002:00005038       CmdShow
 0002:00004474       cMenuAutoFlagToItem
 0002:00002FE4       CMEProperties
 0002:00003820       CMonths
 0001:0006A8F8       CmpUnimplemented
 0002:00000380       CNetMsg
 0002:00000390       CNetMsg
 0002:00000178       CNtDll
 0002:00002F5C       CNtObjAttr
 0001:00011E40       CodeToHex
 0001:00023184       CollectPossibleStackItems
 0001:00026B8C       ColorLookup
 0002:00003CE4       Colors
 0001:00079894       ColorToIdent
 0002:000040E8       ColorToPretyName
 0001:00079884       ColorToRGB
 0001:0004FA00       ColumnExists
 0001:00006AB8       CombineRgn
 0002:0000406C       ComboBoxStyles
 0002:00006DE4       CommandPool
 0001:0002E734       CommCtrl
 0001:0002E8BC       CommDlg
 0001:000007FC       Commit
 0002:00005624       committedRoot
 0001:000A3CC8       CompareFront
 0001:0004978C       CompareHeaderInfo
 0001:00064CD8       CompareMem
 0001:00064CA8       CompareStr
 0001:00006510       CompareString
 0001:00064CF8       CompareText
 0001:0000868C       CompareText
 0002:00000140       CompareTextW
 0001:000651C0       CompareWith
 0001:00055388       CompletePhaseHandlerExists
 0001:0002FC00       CompName
 0001:0007446C       ComponentCreated
 0001:00024394       ComposeResult
 0001:0001A71C       Compress
 0001:00025A78       CompressBitmap
 0001:00017A50       CompressBlock
 0001:00017DF0       CompressEx
 0001:0007BE70       ComputeAldusChecksum
 0001:0002EBE4       connect
 0001:00077FA8       Consts
 0001:00036DB0       ContainsSyncHandler
 0001:0008127C       Contnrs
 0002:00006D56       ControlAtom
 0002:00006D5C       ControlAtomString
 0001:000AFF78       ControlHasHelp
 0001:000A0080       Controls
 0001:00068340       ConvertAddr
 0001:00066A20       ConvertEraString
 0001:00064B50       ConvertErrorFmt
 0001:0002BA20       ConvertObject
 0001:0002B570       ConvertProperty
 0001:00066B8C       ConvertYearString
 0002:0000045C       COpcodeFlags
 0002:0000065C       COpcodeFlags0f
 0002:0000085C       COpcodeFlagsEx
 0002:00000A3C       COpcodeLabelIndex
 0002:00000B3C       COpcodeLabelIndex0f
 0002:00000A34       COpcodeLabels
 0001:00005064       CopyArray
 0001:0007E390       CopyBitmap
 0001:0007EA58       CopyBitmapAsMask
 0001:00017964       CopyBlock
 0001:00006AC0       CopyEnhMetaFile
 0002:0000186C       CopyExtra
 0001:00006518       CopyFileA
 0001:00006520       CopyFileW
 0002:000016FC       CopyLengths
 0002:00001778       CopyLiteralExtra
 0002:000017F4       CopyOffsets
 0001:0007E9F4       CopyPalette
 0001:00008410       CopyR
 0002:00003FC0       Copyright
 0001:000A6DF8       CopyToBest
 0002:0000039C       COsDescr
 0001:00022864       CouldBeAfterCall
 0001:00069030       CountChars
 0002:00006B54       CounterLock
 0002:00001D54       CPArr
 0002:00003BC8       CRangeToType
 0002:00002ED0       CrashOnOverrun
 0002:00001950       crc32Tab
 0002:00000454       CReadProcessMemory
 0001:00068838       CreateAssertException
 0001:0002E398       CreateAssistant
 0001:000689C0       CreateAVObject
 0001:0005D53C       CreateAVStr
 0001:00006AC8       CreateBitmap
 0001:00025760       CreateBmp
 0001:00006AD0       CreateBrushIndirect
 0001:000519B8       CreateButton
 0001:00006AD8       CreateCompatibleBitmap
 0001:00006AE0       CreateCompatibleDC
 0001:000744EC       CreateComponent
 0001:00006AE8       CreateDC
 0001:00006AF8       CreateDIBitmap
 0001:00006AF0       CreateDIBSection
 0001:00006528       CreateDirectoryA
 0001:00006530       CreateDirectoryW
 0001:00006538       CreateEvent
 0001:00006540       CreateEventA
 0001:00006548       CreateFile
 0001:00000224       CreateFileA
 0001:00006550       CreateFileA
 0001:00006560       CreateFileMapping
 0001:00006568       CreateFileMappingA
 0001:00006570       CreateFileMappingW
 0001:00006558       CreateFileW
 0001:00006B00       CreateFont
 0001:00006B08       CreateFontA
 0001:00006B10       CreateFontIndirect
 0001:00006B18       CreateHalftonePalette
 0001:00006DF0       CreateIcon
 0001:00068764       CreateInOutError
 0001:00050538       CreateListView
 0001:0002D624       CreateMainButton
 0001:0002D25C       CreateMainWindow
 0001:00006DF8       CreateMenu
 0001:0008D4F0       CreateMessageDialog
 0001:00006580       CreateMutex
 0001:000065A8       CreateMutexA
 0001:00006B20       CreatePalette
 0001:00006B28       CreatePen
 0001:00006B30       CreatePenIndirect
 0001:000065C8       CreatePipe
 0001:00025C00       CreatePng
 0001:00006E00       CreatePopupMenu
 0001:000065D0       CreateProcessA
 0001:000065D8       CreateProcessW
 0001:00006B38       CreateRectRgnIndirect
 0002:000068FC       CreateRemoteThreadExNext
 0002:000038E0       CreateRemoteThreadHookAbsPos
 0002:000038E4       CreateRemoteThreadHookAbsRestore
 0002:000038D8       CreateRemoteThreadHookRelPos
 0002:000038DC       CreateRemoteThreadHookRelRestore
 0002:000068F8       CreateRemoteThreadNext
 0001:00006B40       CreateSolidBrush
 0001:0007B654       CreateSystemPalette
 0001:00000284       CreateThread
 0001:000065E0       CreateThread
 0002:00003948       CreateToolhelp32Snapshot
 0001:0000759C       CreateWindow
 0001:000075F4       CreateWindowA
 0001:00007494       CreateWindowEx
 0001:000074EC       CreateWindowExA
 0001:00007544       CreateWindowExW
 0001:0000764C       CreateWindowW
 0001:000518B8       CreateWindow_
 0002:00004260       CreationControl
 0002:00004318       CreationControl
 0002:000009B0       CRegLabels
 0002:00003C30       CRelationshipToBoolean
 0002:00003850       CRes
 0002:00003BAC       CResult
 0002:00000394       CRtlNtStatusToDosError
 0002:00000388       CRtlNtStatusToDosError
 0001:0001AEB8       crypt2dwords
 0001:0001B390       cryptBuf
 0002:00001D9C       CSArr
 0002:000039D4       cSimpleBoolStrs
 0002:00002F84       CsVersion
 0002:00002F7C       CSystemSia
 0002:00003BDC       CText
 0002:00004414       Ctl3DStyles
 0002:000040C4       Ctl3DStyles
 0002:0000561C       curAlloc
 0002:00006920       CurrencyDecimals
 0002:0000691C       CurrencyFormat
 0002:00006918       CurrencyString
 0001:000668B4       CurrentYear
 0001:00066440       CurrToStr
 0001:0006C1A4       CurrToWStrViaOS
 0002:000045F4       CursorMap
 0002:00004328       Cursors
 0001:00091928       CursorToIdent
 0002:000045E4       cUseAlpha
 0002:000045EC       cUseColorKey
 0002:00002E6C       CustomizeSimpleMsgBox
 0001:000266EC       Cut
 0001:0004F2CC       CutInPieces
 0002:000037B4       CValidChars
 0001:00064F34       CvtInt
 0001:00064FA0       CvtInt64
 0002:00000398       CWinErrNr
 0002:0000038C       CWinErrNr
 0002:00000384       CWinHttp
 0002:00003A14       CWNear
 0002:00000458       CWriteProcessMemory
 0001:000B5858       DataTypeToRegData
 0002:00006921       DateSeparator
 0001:000674C8       DateTimeToStr
 0001:0006746C       DateTimeToString
 0001:00066500       DateTimeToTimeStamp
 0001:0006C1DC       DateToWStrViaOS
 0001:0006688C       DayOfWeek
 0002:00003A10       DCon10
 0001:00027CF0       DcToBmp
 0002:00003CE0       DDBsOnly
 0001:00077B60       DeallocateHWnd
 0002:00000028       DebugHook
 0001:00028F38       DecCol
 0001:0004C430       DecCol
 0002:0000691F       DecimalSeparator
 0001:0001B8EC       Decode
 0001:0001B7AC       Decode
 0002:00001D50       DecodeA
 0001:0006686C       DecodeDate
 0001:0006671C       DecodeDateFully
 0001:0001E338       DecodeNameString
 0001:000665B4       DecodeTime
 0001:0000AD78       DecodeUtf8
 0001:000008BC       Decommit
 0001:00000FE8       DecommitFree
 0002:000055F8       decommittedRoot
 0001:0001B55C       Decrypt
 0001:000426F0       DecryptPassword
 0001:0000AC54       DecryptStr
 0001:0000A468       DecSepW
 0001:000B3310       Default
 0001:000ADBF8       Default
 0002:00000020       Default8087CW
 0002:00004688       DefaultBlank
 0001:0005306C       DefaultBugReportHtml
 0002:0000431C       DefaultDockTreeClass
 0002:00000034       DefaultTextLineBreakStyle
 0002:000055BC       DefaultUserCodePage
 0002:00003F34       DefBrushData
 0002:00003CB4       DefFontData
 0001:00006E08       DefFrameProc
 0002:00003AA0       DefLongDayNames
 0002:00003A54       DefLongMonthNames
 0001:00006E10       DefMDIChildProc
 0002:00003F14       DefPenData
 0002:00003A84       DefShortDayNames
 0002:00003A24       DefShortMonthNames
 0001:00006E18       DefWindowProc
 0001:00006E20       DefWindowProcA
 0001:00006E28       DefWindowProcW
 0001:0004CF20       DefWindowProcX
 0001:000053FC       DelayLoadResourceModule
 0001:000004D8       DeleteBlock
 0001:000003E8       DeleteCriticalSection
 0001:000065E8       DeleteCriticalSection
 0001:00006B48       DeleteDC
 0001:00006B50       DeleteEnhMetaFile
 0001:000065F0       DeleteFileA
 0001:000065F8       DeleteFileW
 0001:00000DD0       DeleteFree
 0001:000226B4       DeleteLink
 0001:00006E30       DeleteMenu
 0001:00006B58       DeleteObject
 0001:0008954C       DeleteSelectedText
 0001:0000EAA0       DelMsgHandler
 0001:0000E884       DelMsgHandler_
 0002:0000393C       DelphiAlignment
 0002:00002ECC       DelphiDebugMm
 0001:00033A1C       DereferenceMeSettingsBuf
 0001:00033FA8       DereferenceMeSettingsModule
 0001:0007DF4C       DeselectBitmap
 0001:00006E38       DestroyCursor
 0001:00006E40       DestroyIcon
 0001:000B9178       DestroyLocals
 0001:00006E48       DestroyMenu
 0001:00006E50       DestroyWindow
 0002:00002E24       DetectConsole
 0001:0008F01C       DialogEnumerationTester
 0001:0008DD3C       Dialogs
 0002:00003F70       DIBPalSizes
 0002:00000090       dig
 0001:000AB000       DisableTaskWindows
 0002:00002EC4       DisAsmFunc
 0001:00012050       DisAsmModRm
 0001:00006E58       DispatchMessage
 0002:00002DFC       DispatchMessageA
 0001:000B1258       DispatchShortCut
 0002:00005000       DispCallByIDProc
 0002:00001184       DistanceCode
 0001:00064B34       DivMod
 0001:0008CA64       Dlgs
 0001:00097580       DoAlign
 0001:000B2588       DoAlign
 0001:0009B63C       DoCalcConstraints
 0002:00006D8C       DockSiteList
 0001:000A7A18       DoClick
 0001:00098CCC       DoControlMsg
 0001:000AAFB0       DoDisableWindow
 0001:00092678       DoDragOver
 0001:000541A4       DoExceptionAutoStuff
 0001:00064B94       DoExitProc
 0001:0009D694       DoFindControlZone
 0001:000AB104       DoFindWindow
 0001:0009DC20       DoFindZone
 0001:00036EB8       DoFireHandlers
 0001:0009D718       DoForEach
 0001:0009F048       DoGetNextLimit
 0001:00015500       DoItAll
 0001:000AAF78       DoneApplication
 0001:0009FDA8       DoneControls
 0001:00068CF4       DoneExceptions
 0001:000AF5D4       DoNestedActivation
 0001:00076730       DoneThreadSynchronization
 0002:00002E88       DontAddDots
 0002:00002EAC       DontBase64HttpUpload
 0002:00002E80       DontPrettifyExceptMsg
 0002:00002E54       DontReformatExcMsg
 0001:000B4644       DoOnHelp
 0001:00097140       DoPosition
 0001:000B23D8       DoPosition
 0001:0009E670       DoPrune
 0001:0008B758       DoRect
 0001:0009EB48       DoSaveZone
 0001:0009ED4C       DoSetNewBounds
 0002:00003C4C       DotSep
 0001:000A2300       DoWrite
 0001:0007192C       DoWrite
 0001:0007D068       DoWrite
 0001:0007C308       DoWrite
 0001:000982B4       DoWriteDesignSize
 0001:00095D14       DoWriteIsControl
 0002:00006D70       DragCapture
 0002:00006D64       DragControl
 0001:00092DCC       DragDone
 0001:00092620       DragFindTarget
 0001:000925F4       DragFindWindow
 0002:00006D88       DragImageList
 0001:00092A24       DragInit
 0001:00092B94       DragInitControl
 0002:00006D6C       DragInternalObject
 0001:0009253C       DragMessage
 0002:00006D68       DragObject
 0002:00006D94       DragSave
 0002:00006D7C       DragSaveCursor
 0002:00006D74       DragStartPos
 0002:00006D80       DragThreshold
 0001:00092754       DragTo
 0001:000B334C       DrawAppIcon
 0001:0009E1DC       DrawCloseButton
 0001:00027BCC       DrawCursorOnDC
 0001:00006E60       DrawEdge
 0001:00006E68       DrawFocusRect
 0001:00006E70       DrawFrameControl
 0001:0009E234       DrawGrabberLine
 0001:0000BA90       DrawGraphic
 0001:00006E78       DrawIcon
 0001:00006E80       DrawIconEx
 0002:00004450       DrawingStyles
 0001:0004C820       DrawLine
 0001:00006E88       DrawMenuBar
 0001:000A8D88       DrawMenuItem
 0001:00006E90       DrawText
 0001:00006E98       DrawTextA
 0001:00006EA0       DrawTextW
 0002:00006C10       DrawThemeBackground
 0002:00006C34       DrawThemeEdge
 0002:00006C38       DrawThemeIcon
 0002:00006CBC       DrawThemeParentBackground
 0002:00006C14       DrawThemeText
 0002:00002E30       DumbStackTrace
 0001:0007B118       DupBits
 0001:00006600       DuplicateHandle
 0001:0000507C       DynArrayClear
 0001:00005084       DynArraySetLength
 0001:0005D0A8       Ebp
 0002:0000453C       EdgeStyle
 0002:00004404       EdgeStyles
 0002:000040B4       EdgeStyles
 0001:00054ED4       EExternalException.Create
 0001:00068738       EHeapException.FreeInstance
 0001:00006EA8       EmptyClipboard
 0002:00006A94       EmptyParam
 0002:00003958       EmptyStr
 0002:0000395C       EmptyWideStr
 0001:00006EB0       EnableMenuItem
 0002:00002E90       EnableRedirection
 0002:000044D4       Enables
 0001:00006EB8       EnableScrollBar
 0001:000AB0B4       EnableTaskWindows
 0002:00006CA4       EnableThemeDialogTexture
 0002:00006CC0       EnableTheming
 0001:00006EC0       EnableWindow
 0001:0001B790       Encode
 0001:0001B660       Encode
 0001:0003E768       EncodeStr
 0001:0000AF74       EncodeUtf8
 0001:00006B60       EndDoc
 0001:00070B4C       EndGlobalLoading
 0001:00006B68       EndPage
 0001:00006EC8       EndPaint
 0001:00016470       EndTryRead
 0001:000003D8       EnterCriticalSection
 0001:00006608       EnterCriticalSection
 0001:00033734       EnterSettingsMutex
 0001:00006610       EnumCalendarInfoA
 0001:00006ED0       EnumClipboardFormats
 0002:00006BA4       EnumDisplayMonitors
 0001:00067FB4       EnumEraNames
 0001:00067FF0       EnumEraYearOffsets
 0001:000AE1BC       EnumMonitorsProc
 0001:00063004       EnumProcesses9x
 0001:00063150       EnumProcessesNt
 0001:00006ED8       EnumThreadWindows
 0001:00073CA0       EnumValue
 0001:00006EE0       EnumWindows
 0001:00006EE8       EqualRect
 0002:000069E8       EraNames
 0001:00067740       EraToYear
 0002:00006A04       EraYearOffsets
 0002:00000068       errCaption
 0001:00073458       Error
 0001:000700D4       Error
 0001:000A3A18       Error
 0001:00001C58       Error
 0002:00000004       ErrorAddr
 0001:00001C0C       ErrorAt
 0001:0000A510       ErrorCodeToStr
 0002:00000108       ErrorCodeToStrA
 0001:0000AA28       ErrorCodeToStrW
 0001:000687E4       ErrorHandler
 0002:00003ABC       ErrorMap
 0002:00005008       ErrorProc
 0002:000053E4       ErrOutput
 0001:0005D0A0       Esp
 0001:00023B7C       EvaluateLinks
 0001:00001B84       ExceptAddr
 0002:0000500C       ExceptClsProc
 0002:000038FC       ExceptDllInitDone
 0001:00068C60       ExceptHandler
 0002:00006840       ExceptHandlers
 0002:00006844       ExceptHandlersOO
 0001:000685AC       Exception.Create
 0001:000685E8       Exception.CreateFmt
 0001:00068668       Exception.CreateRes
 0001:000686A4       Exception.CreateResFmt
 0002:00002EA8       ExceptionBoxHeight
 0002:00002EA4       ExceptionBoxWidth
 0002:0000501C       ExceptionClass
 0001:0006834C       ExceptionErrorMessage
 0002:0000389C       exceptionNumber
 0002:00003AF4       ExceptMap
 0001:00001B64       ExceptObject
 0002:00005010       ExceptObjProc
 0002:00005004       ExceptProc
 0001:00006B70       ExcludeClipRect
 0002:00000000       ExitCode
 0001:00003B30       ExitDll
 0002:00005044       ExitProc
 0001:0000028C       ExitProcess
 0001:00006618       ExitProcess
 0002:00005024       ExitProcessProc
 0002:000039D0       ExitProcList
 0001:00006620       ExitThread
 0001:00006628       ExpandEnvironmentStringsA
 0001:00006630       ExpandEnvironmentStringsW
 0001:00065508       ExpandFileName
 0001:00031C08       ExpandVars
 0001:0000EC68       ExportToFunc
 0001:0008CA04       ExtCtrls
 0002:0000165C       ExtraBitLengthBits
 0001:000492CC       ExtractBugReportHeaderField
 0001:000493F4       ExtractBugReportSection
 0001:0000CEB0       ExtractFileDriveA
 0001:0000B210       ExtractFileDriveW
 0001:000654C0       ExtractFileExt
 0001:0000B300       ExtractFileExtW
 0001:00065488       ExtractFileName
 0001:0000B188       ExtractFileNameW
 0001:0000B1C8       ExtractFilePathW
 0001:00047790       ExtractProjects
 0001:000438E4       ExtractResult
 0001:00043988       ExtractXml2
 0002:000015E4       ExtraDistanceBits
 0002:00001570       ExtraLengthBits
 0001:00006B78       ExtTextOut
 0002:00006A24       FalseBoolStrs
 0002:00000C88       FastPageExecute
 0002:00006D28       FClipboard
 0002:00003A04       FCon1E18
 0002:0000037C       FDecSepW
 0001:000653F8       FileClose
 0001:00065360       FileCreate
 0001:0006533C       FileCreate
 0001:000B92A0       FileCtrl
 0002:00003F68       FileFormats
 0002:00000008       FileMode
 0001:00002098       FileNOPProc
 0001:000652E4       FileOpen
 0001:00065368       FileRead
 0002:00003C78       FilerSignature
 0001:000653C0       FileSeek
 0001:00006638       FileTimeToDosDateTime
 0001:00006640       FileTimeToLocalFileTime
 0001:00006648       FileTimeToSystemTime
 0001:0000DAB0       FileVersionToStr
 0002:00000408       FileVersionToStrA
 0001:0000DBA4       FileVersionToStrW
 0001:00065394       FileWrite
 0001:00000F08       FillAfterGap
 0001:00000EA8       FillBeforeGap
 0001:000323F4       FillClipboard
 0001:00045B08       FillDoubleLists
 0001:00000FA8       FillerSizeAfterGap
 0001:00000F30       FillerSizeBeforeGap
 0001:000240A8       FillFinalOutput
 0001:00045CC0       FillList
 0001:0004736C       FillMultiLists
 0001:00033B60       FillProps
 0001:000291B8       FillRect
 0001:00029170       FillRect
 0001:00006EF0       FillRect
 0001:000092F8       FillStr
 0001:00009340       FillStr
 0002:000000F8       FillStrA
 0002:0000015C       FillStrW
 0001:00023750       FillUpLink
 0001:00016CA0       FillWindow
 0001:0000C5D4       Finalization
 0001:0000B3C8       Finalization
 0001:0000B340       Finalization
 0001:000B6798       Finalization
 0001:0000FC6C       Finalization
 0001:00016698       Finalization
 0001:0001AE54       Finalization
 0001:0001B908       Finalization
 0001:000211D0       Finalization
 0001:0002558C       Finalization
 0001:000280D4       Finalization
 0001:000079B4       Finalization
 0001:0000779C       Finalization
 0001:0002E5BC       Finalization
 0001:0002E600       Finalization
 0001:0002E704       Finalization
 0001:0002E754       Finalization
 0001:0002E78C       Finalization
 0001:0002E7CC       Finalization
 0001:0002E804       Finalization
 0001:0002E83C       Finalization
 0001:0002E88C       Finalization
 0001:0002EB9C       Finalization
 0001:000B5D54       Finalization
 0001:0002EC5C       Finalization
 0001:000B5700       Finalization
 0001:000B5648       Finalization
 0001:00061BAC       Finalization
 0001:00062D0C       Finalization
 0001:0006393C       Finalization
 0001:00063EE0       Finalization
 0001:0006A690       Finalization
 0001:0006B058       Finalization
 0001:0006D9B8       Finalization
 0001:0006DBD4       Finalization
 0001:0006E3B8       Finalization
 0001:00077B8C       Finalization
 0001:00077F78       Finalization
 0001:00006324       Finalization
 0001:000062AC       Finalization
 0001:00006064       Finalization
 0001:00080D98       Finalization
 0001:00080F78       Finalization
 0001:0008124C       Finalization
 0001:000819D8       Finalization
 0001:00081A18       Finalization
 0001:00082A00       Finalization
 0001:00082A48       Finalization
 0001:00082A80       Finalization
 0001:00082DA4       Finalization
 0001:00082F50       Finalization
 0001:000838D4       Finalization
 0001:0008432C       Finalization
 0001:000B9140       Finalization
 0001:0008A5E8       Finalization
 0001:0008C9BC       Finalization
 0001:0008CA34       Finalization
 0001:0008DCE0       Finalization
 0001:0008E38C       Finalization
 0001:0008E4A8       Finalization
 0001:0008E610       Finalization
 0001:0008F294       Finalization
 0001:000B9210       Finalization
 0001:000A9068       Finalization
 0001:000A0018       Finalization
 0001:000A1348       Finalization
 0001:000A2A78       Finalization
 0001:000B9270       Finalization
 0001:000BA92C       Finalization
 0001:000BA964       Finalization
 0001:00061E28       Finalization
 0001:00005074       FinalizeArray
 0001:00003944       FinalizeUnits
 0001:0005D428       FinalizeUnitsCrash
 0001:0000EAAC       FinalMsgHandler
 0001:000A77D8       Find
 0001:00060258       FindActiveErrorSearchBpls
 0001:00022704       FindAndDeleteLink
 0001:000236EC       FindApprovedDownLink
 0001:0005FE48       FindBpl
 0001:0000548C       FindBS
 0001:0005C008       FindClass
 0001:000705F0       FindClass
 0001:000053F4       FindClassHInstance
 0001:0000029C       FindClose
 0001:00006650       FindClose
 0001:00021D68       FindCodeAddrAndTarget
 0001:0001504C       FindCodeArea
 0001:00014A08       FindCodeArea
 0001:0004E424       FindColumns
 0001:00000E64       FindCommitted
 0001:00091708       FindControl
 0001:0009DE4C       FindControlAtPos
 0001:0006D810       FindCustomVariantType
 0001:0006D8C8       FindCustomVariantType
 0001:000930F0       FindDragTarget
 0001:0007469C       FindExistingComponent
 0001:000002A4       FindFirstFile
 0001:00006658       FindFirstFileA
 0001:00006660       FindFirstFileW
 0001:000709DC       FindGlobalComponent
 0001:000AB210       FindGlobalComponent
 0002:00006AF4       FindGlobalComponentProcs
 0001:000053CC       FindHInstance
 0001:00070884       FindIdentToInt
 0001:0002C0D4       FindImagePos
 0001:0004E334       FindLines
 0001:0001FC7C       FindMapFile
 0001:00020BFC       FindMapFile
 0001:000336B0       FindMEProperty
 0001:0003C270       FindMeSettings
 0001:0000EAC4       FindModule
 0002:00000410       FindModuleA
 0002:00006CF0       FindMsg
 0001:0002290C       FindNearestExport
 0001:00073818       FindNestedComponent
 0001:00006668       FindNextFileA
 0001:00006670       FindNextFileW
 0001:00026894       FindOptimalPalette
 0001:000A39E0       FindPopupControl
 0001:0006AD14       FindProc
 0001:00011E80       FindProcName
 0001:00006678       FindResource
 0001:00006680       FindResourceA
 0001:00005444       FindResourceHInstance
 0001:00006688       FindResourceW
 0001:000B4E78       FindScanline
 0001:000AB168       FindTopMostWindow
 0001:00075594       FindUniqueName
 0001:00023440       FindValidStackArr
 0001:000930BC       FindVCLWindow
 0001:00006EF8       FindWindow
 0001:00006F00       FindWindowA
 0001:0008F074       FindWinHelp
 0001:00036474       FireHandlers
 0002:00003778       FireHandlersMsg
 0002:00003774       FireHandlersWnd
 0002:000016F8       FixedBuild
 0002:000067C4       FixedDistanceBits
 0002:000067CC       FixedDistanceTable
 0002:000067C0       FixedLiteralBits
 0002:000067C8       FixedLiteralTable
 0002:000056C0       FixedTablesMemory
 0001:0007E344       FixupBitFields
 0002:0000454C       Flags
 0002:00006A34       FLanguages
 0001:00082DD4       FlatSB
 0002:00006BD0       FlatSB_EnableScrollBar
 0002:00006BDC       FlatSB_GetScrollInfo
 0002:00006BE0       FlatSB_GetScrollPos
 0002:00006BD8       FlatSB_GetScrollRange
 0002:00006BE8       FlatSB_SetScrollInfo
 0002:00006BE4       FlatSB_SetScrollPos
 0001:00082AC4       FlatSB_SetScrollProp
 0002:00006BEC       FlatSB_SetScrollRange
 0002:00006BD4       FlatSB_ShowScrollBar
 0001:000660D0       FloatToDecimal
 0001:00066410       FloatToStr
 0001:00065DFC       FloatToText
 0001:00002364       Flush
 0001:00017CD8       FlushBlockOnly
 0001:00016904       FlushDstFile
 0001:00018498       FlushDstFile
 0001:00006690       FlushInstructionCache
 0001:00016E78       FlushPending
 0002:00000C7C       FMagic
 0002:00000C80       FMagic95
 0002:00000C84       FMagicReady
 0002:00003A18       FMSecsPerDay
 0001:00065CF0       FmtStr
 0002:00002EE4       FMX_TApplication_HandleException
 0002:00002EE8       FMX_TApplication_ShowException
 0002:00004568       FocusCount
 0002:00004564       FocusMessages
 0002:00002E74       FollowRedirect
 0002:00003E84       FontCharsets
 0002:00006B6C       FontManager
 0001:000494F0       ForceDir
 0002:00002E4C       ForceUtf8
 0001:000AB1E4       ForegroundTask
 0001:00065CDC       Format
 0002:00003A20       Format
 0001:000658CC       FormatBuf
 0001:000658C0       FormatClearStr
 0001:00065844       FormatError
 0002:000039FC       FormatErrorStrs
 0001:00032380       FormatExceptMessage
 0001:0003D5D8       FormatMailAddr
 0001:00006698       FormatMessage
 0001:000066A0       FormatMessageA
 0001:000066A8       FormatMessageW
 0001:00009F74       FormatSubStrs
 0002:00000164       FormatSubStrsW
 0001:0006589C       FormatVarToStr
 0001:000B56A4       Forms
 0002:00002ED4       Forms_TApplication_HandleException
 0002:00002ED8       Forms_TApplication_ShowException
 0001:0003E75C       FourBitToHex
 0001:000029D4       FPower10
 0002:00003FB8       FPrinter
 0001:0008B81C       Frame3D
 0001:00006F08       FrameRect
 0001:0006A270       FreeAndNil
 0001:00000B64       FreeCommitted
 0001:00027684       FreeContributorList
 0001:0000119C       FreeCurAlloc
 0001:000931B0       FreeDeviceContext
 0001:0009326C       FreeDeviceContexts
 0001:00032474       FreeInnerException
 0001:0007791C       FreeIntConstList
 0001:000002AC       FreeLibrary
 0001:000066B0       FreeLibrary
 0002:0000042C       FreeLibrary16
 0001:00005BCC       FreeMemory
 0001:0007DEA0       FreeMemoryContexts
 0001:00077A88       FreeObjectInstance
 0001:000AB290       FreeObjectInstance
 0001:00054D90       FreeOutOfMemoryInsurance
 0001:00056554       FreePatches
 0001:00033F4C       FreeProps
 0001:000066D0       FreeResource
 0001:00006430       FreeSid
 0001:00000734       FreeSpace
 0001:00069D14       FreeTerminateProcs
 0001:00082F88       FreeThemeLibrary
 0002:000037B0       FreezeTimeout
 0001:00016268       Fs
 0002:000067EC       functionCache
 0002:000067E8       functionCount
 0001:0007B108       GDICheck
 0001:0007B060       GDIError
 0001:00006B80       GdiFlush
 0001:00017074       GenerateBitLengths
 0001:00016F18       GenerateCodes
 0001:00001F98       Get8087CW
 0001:00055F94       Get9xResourceReport
 0001:000066D8       GetACP
 0001:00006F10       GetActiveWindow
 0001:00056214       GetAllocatedMemory
 0001:000B2A64       GetAnimation
 0002:00003900       GetApiVersionProc
 0001:0008CE48       GetAveCharSize
 0001:00006B88       GetBitmapBits
 0001:000003F0       GetBlockDesc
 0001:00006B90       GetBrushOrgEx
 0001:0005EDF4       GetBugReport
 0001:00006F18       GetCapture
 0001:000919D0       GetCaptureControl
 0001:0007059C       GetClass
 0001:00006F20       GetClassInfo
 0001:00006F28       GetClassName
 0001:00006F30       GetClassNameA
 0001:00058ED4       GetCleartextDisAsm
 0001:00006F38       GetClientRect
 0001:00006F40       GetClipboardData
 0001:0007CB0C       GetClipboardFormats
 0001:00006B98       GetClipBox
 0001:0000038C       GetCmdShow
 0001:000A1518       GetColor
 0001:000002B4       GetCommandLine
 0001:000066E8       GetCommandLineA
 0001:000066F0       GetCommandLineW
 0001:00000978       GetCommitted
 0001:00000A20       GetCommittedAt
 0001:000066F8       GetComputerNameA
 0001:00006700       GetComputerNameW
 0001:00027340       GetContributorList
 0001:00098880       GetControlAtPos
 0001:00066978       GetCount
 0001:000066E0       GetCPInfo
 0001:00055D04       GetCpuCount
 0001:00055C20       GetCpuName
 0001:000588A0       GetCpuRegisters
 0001:000655C4       GetCurrentDir
 0001:000002BC       GetCurrentDirectory
 0001:00006708       GetCurrentDirectoryA
 0001:00006710       GetCurrentDirectoryW
 0001:00006BA0       GetCurrentPositionEx
 0001:00006718       GetCurrentProcess
 0001:00006720       GetCurrentProcessId
 0002:00006CB4       GetCurrentThemeName
 0001:00006728       GetCurrentThread
 0001:00006730       GetCurrentThreadId
 0001:0000037C       GetCurrentThreadId
 0001:000073E0       GetCurrentTime
 0001:00006F48       GetCursor
 0001:000B4E88       GetCursorHeightMargin
 0001:00006F50       GetCursorPos
 0001:000669A8       GetDate
 0001:00006738       GetDateFormat
 0001:00067658       GetDateOrder
 0001:00041618       GetDateTimeStr
 0001:00006F58       GetDC
 0001:00006F60       GetDCEx
 0001:00006BA8       GetDCOrgEx
 0001:000809A0       GetDefFontCharSet
 0001:00006F68       GetDesktopWindow
 0001:00006BC0       GetDeviceCaps
 0001:000625C8       GetDeviceInfo
 0001:0007C098       GetDIB
 0001:00006BB0       GetDIBColorTable
 0001:00006BB8       GetDIBits
 0001:0007BFE0       GetDIBSizes
 0001:0007B278       GetDInColors
 0001:00006740       GetDiskFreeSpaceA
 0002:000039CC       GetDiskFreeSpaceEx
 0001:000569A4       GetDiskStr
 0001:00056050       GetDisplayModeString
 0001:0003ED04       GetDnsIps
 0001:0009F128       GetDockAlign
 0001:00092380       GetDockSiteAtPos
 0001:000926B4       GetDropCtl
 0001:0000306C       GetDynaMethod
 0001:00024E30       GetEbp
 0001:00006BC8       GetEnhMetaFileBits
 0001:00006BD0       GetEnhMetaFileHeader
 0001:00006BD8       GetEnhMetaFilePaletteEntries
 0001:0006DC44       GetEnumNameValue
 0001:0006DC90       GetEnumValue
 0001:00068068       GetEraNamesAndYearOffsets
 0001:000676EC       GetEraYearOffset
 0001:0005BFF0       GetExceptBoxHandle
 0001:0005BF2C       GetExceptBoxHandle_EnumWindowsProc
 0001:00032178       GetExceptClass_
 0001:000689A8       GetExceptionClass
 0001:00068B94       GetExceptionObject
 0001:0000FBD8       GetExceptionObject
 0001:00032208       GetExceptMessage_
 0001:00070524       GetFieldClassTable
 0001:00006748       GetFileAttributesA
 0001:00006750       GetFileAttributesW
 0001:0007CAEC       GetFileFormats
 0001:00000234       GetFileSize
 0001:00006758       GetFileSize
 0001:00038154       GetFileTime
 0001:00006760       GetFileTime
 0001:0001F698       GetFileTime
 0001:0000022C       GetFileType
 0001:00068E04       GetFileVersion
 0001:00006A68       GetFileVersionInfo
 0001:00006A70       GetFileVersionInfoA
 0001:00006A80       GetFileVersionInfoSize
 0001:00006A88       GetFileVersionInfoSizeA
 0001:00006A90       GetFileVersionInfoSizeW
 0001:00006A78       GetFileVersionInfoW
 0001:0000DC9C       GetFileVersionStr
 0001:0000DEAC       GetFileVersionStr
 0002:00000404       GetFileVersionStrA
 0002:0000040C       GetFileVersionStrW
 0001:00006F70       GetFocus
 0001:00029034       GetFont
 0001:00079ABC       GetFontData
 0001:00006F78       GetForegroundWindow
 0001:00069788       GetFormatSettings
 0001:0000CD98       GetFreeSystemResources
 0001:00006768       GetFullPathName
 0001:000216EC       GetFunctionName
 0001:00026C4C       GetGrayPal
 0002:00003954       GetGuiResources
 0001:0000FE54       GetHalt0Addr
 0001:0000FE34       GetHandleAnyExceptionAddr
 0001:0000FE44       GetHandleAutoExceptionAddr
 0001:0000FE4C       GetHandleFinallyAddr
 0001:0000FE3C       GetHandleOnExceptionAddr
 0001:00062A58       GetHardwareList
 0001:00062194       GetHardwareList9x
 0001:00062660       GetHardwareListNt
 0001:00079004       GetHashCode
 0001:000AFFB0       GetHelpInfo
 0001:00081E98       GetHelpSystem
 0001:000B2848       GetHint
 0001:000B2880       GetHintControl
 0001:0002EC3C       gethostbyname
 0001:000A8F08       GetHotkey
 0001:00006F80       GetIconInfo
 0001:0000EC2C       GetImageDataDirectory
 0001:0000EC60       GetImageExportDirectory
 0001:0000EBCC       GetImageNtHeaders
 0001:0000F0D8       GetImageProcAddress
 0001:0000EE94       GetImageProcAddress
 0001:0000F12C       GetImageProcName
 0001:0000F2A0       GetImageProcNameW
 0001:00006F98       GetKeyboardLayout
 0001:00006FA0       GetKeyboardLayoutList
 0001:00006FA8       GetKeyboardState
 0001:00002CC0       GetKeyboardType
 0001:00006F88       GetKeyNameText
 0001:00006F90       GetKeyState
 0001:00012598       GetLabel
 0001:0003F0CC       GetLabel
 0001:00056238       GetLargestFreeBlock
 0001:00006FB0       GetLastActivePopup
 0001:0009D3C8       GetLastChildZone
 0001:00006770       GetLastError
 0001:000002C4       GetLastError
 0002:00003918       GetLeakCallstackProc
 0002:00003914       GetLeakReportProc
 0002:00000444       GetLineNumber
 0001:00021168       GetLineNumber
 0001:00067E2C       GetLocaleChar
 0001:000002CC       GetLocaleInfo
 0001:00006780       GetLocaleInfo
 0001:00006788       GetLocaleInfoA
 0001:00006790       GetLocaleInfoW
 0001:00067DE0       GetLocaleStr
 0001:00006778       GetLocalTime
 0001:0000D7B8       GetLongFileName
 0001:0000D520       GetLongFileName
 0002:000003F8       GetLongFileNameA
 0002:00000400       GetLongFileNameW
 0001:0009198C       GetLongHint
 0001:0001D5B4       GetMapFileFromResources
 0001:00020EDC       GetMapFileInfos
 0001:00020DD8       GetMapFileInfos2
 0001:00001B48       GetMemoryManager
 0001:00055E30       GetMemoryStatus
 0001:00006FB8       GetMenu
 0001:000AFF38       GetMenuHelpContext
 0001:00006FC0       GetMenuItemCount
 0001:00006FC8       GetMenuItemID
 0001:00006FD0       GetMenuItemInfo
 0001:000A6024       GetMenuSize
 0001:00006FD8       GetMenuState
 0001:00006FE0       GetMenuString
 0001:00033160       GetMeSettingsRes
 0001:00006FE8       GetMessage
 0001:00006FF0       GetMessageA
 0001:0005EBF4       GetMessageCallbackA
 0001:0005EC40       GetMessageCallbackW
 0001:00041740       GetMessageId
 0001:00006FF8       GetMessageW
 0001:0003FCD8       GetMimeType
 0001:000002D4       GetModuleFileName
 0001:00006798       GetModuleFileName
 0001:000067A0       GetModuleFileNameA
 0002:00003950       GetModuleFileNameEx
 0001:000067A8       GetModuleFileNameW
 0001:0000618C       GetModuleHandle
 0001:000067B0       GetModuleHandle
 0001:000002DC       GetModuleHandle
 0001:000067B8       GetModuleHandleA
 0001:000067C0       GetModuleHandleW
 0001:00063A50       GetModuleList
 0001:00030384       GetModuleList
 0002:00006B98       GetMonitorInfo
 0002:00006B9C       GetMonitorInfoA
 0002:00006BA0       GetMonitorInfoW
 0001:00067E90       GetMonthDayNames
 0001:0001DC60       GetNextLine
 0001:00007000       GetNextWindow
 0001:00006BE0       GetObject
 0001:0006DD64       GetOrdProp
 0001:000559EC       GetOsLanguageString
 0001:0005593C       GetOsVersionString
 0001:00006BE8       GetPaletteEntries
 0001:00001DB0       GetParamStr
 0001:00007008       GetParent
 0001:000AB3E4       GetParentForm
 0001:00008880       GetPCharLen
 0001:00008AD4       GetPCharLen
 0001:00006BF0       GetPixel
 0001:00025994       GetPngHeader
 0001:000067C8       GetPriorityClass
 0001:000002E4       GetProcAddress
 0001:000067D0       GetProcAddress
 0002:00000430       GetProcAddress16
 0001:000635F4       GetProcessList
 0001:00056158       GetProcessMemInfo
 0001:000300EC       GetProcessSid
 0002:00000440       GetProcNameFromMapFile
 0001:00020F08       GetProcNameFromMapFile
 0001:00055B10       GetProgramUpTime
 0001:00007010       GetProp
 0001:0006DCF4       GetPropInfo
 0001:00033AAC       GetPropStr
 0001:000AB8A4       GetRealScrollPosition
 0001:000A14F8       GetRGBColor
 0001:00006BF8       GetRgnBox
 0001:0002E874       GetSaveFileNameA
 0001:0002E87C       GetSaveFileNameW
 0001:00038214       GetScreenShotFile
 0001:00007018       GetScrollInfo
 0001:00007020       GetScrollPos
 0001:00007028       GetScrollRange
 0001:000300A8       GetSeconds
 0001:0003F1F4       GetServers
 0001:0000D214       GetShortFileName
 0001:0000CF6C       GetShortFileName
 0002:000003FC       GetShortFileNameW
 0001:00091948       GetShortHint
 0001:0000ED98       GetSizeOfImage
 0001:00000658       GetSpace
 0001:000006BC       GetSpaceAt
 0001:000318F8       GetSpecialFolderW
 0001:000A3A70       GetSpecialName
 0001:000225EC       GetStackAddr
 0001:00058C38       GetStackDump
 0001:000225F0       GetStackTop
 0001:000002EC       GetStartupInfo
 0001:0000023C       GetStdHandle
 0001:000067D8       GetStdHandle
 0001:00006C00       GetStockObject
 0001:0001E480       GetStr
 0001:000067E0       GetStringTypeEx
 0001:00007030       GetSubMenu
 0001:00007038       GetSysColor
 0001:00007040       GetSysColorBrush
 0001:000067E8       GetSystemDefaultLangID
 0001:000067F0       GetSystemDirectoryW
 0001:000067F8       GetSystemInfo
 0001:00007048       GetSystemMenu
 0002:00006B88       GetSystemMetrics
 0001:00007050       GetSystemMetrics
 0001:00006C08       GetSystemPaletteEntries
 0001:00006800       GetSystemTime
 0001:00055AB8       GetSystemUpTime
 0001:000504EC       GetTabClientRect
 0001:000311D0       GetTebIndex
 0001:0002F6F4       GetTempPath
 0001:00006808       GetTempPathA
 0001:00006810       GetTempPathW
 0001:000290B4       GetTextExtent
 0001:00006C28       GetTextExtentPoint
 0001:00006C10       GetTextExtentPoint32
 0001:00006C18       GetTextExtentPoint32A
 0001:00006C20       GetTextExtentPoint32W
 0001:00006C30       GetTextFaceA
 0001:00006C38       GetTextMetrics
 0002:00006CAC       GetThemeAppProperties
 0002:00006C18       GetThemeBackgroundContentRect
 0002:00006C1C       GetThemeBackgroundExtent
 0002:00006C2C       GetThemeBackgroundRegion
 0002:00006C50       GetThemeBool
 0002:00006C44       GetThemeColor
 0002:00006CB8       GetThemeDocumentationProperty
 0002:00006C58       GetThemeEnumValue
 0002:00006C78       GetThemeFilename
 0002:00006C60       GetThemeFont
 0002:00006C54       GetThemeInt
 0002:00006C6C       GetThemeIntList
 0002:00006C68       GetThemeMargins
 0002:00006C48       GetThemeMetric
 0002:00006C20       GetThemePartSize
 0002:00006C5C       GetThemePosition
 0002:00006C70       GetThemePropertyOrigin
 0002:00006C64       GetThemeRect
 0002:00006C4C       GetThemeString
 0002:00006C84       GetThemeSysBool
 0002:00006C7C       GetThemeSysColor
 0002:00006C80       GetThemeSysColorBrush
 0002:00006C8C       GetThemeSysFont
 0002:00006C94       GetThemeSysInt
 0002:00006C88       GetThemeSysSize
 0002:00006C90       GetThemeSysString
 0002:00006C24       GetThemeTextExtent
 0002:00006C28       GetThemeTextMetrics
 0001:00006818       GetThreadContext
 0001:000598D4       GetThreadInfos
 0001:00030DD0       GetThreadInfoStr
 0001:0002EFC0       GetThreadList
 0001:00006820       GetThreadLocale
 0001:000002F4       GetThreadLocale
 0001:00006828       GetThreadPriority
 0001:000584EC       GetThreadReport
 0001:00059B08       GetThreadStack
 0001:00006830       GetTickCount
 0001:000669E0       GetTime
 0001:000377FC       GetTlsPointer
 0001:000061C4       GetTlsSize
 0001:00006438       GetTokenInformation
 0001:000B3028       GetTopMostWindows
 0001:00091ADC       GetTopParent
 0001:00007058       GetTopWindow
 0001:00022488       GetTryFinallyExitAddr
 0001:0002249C       GetTryFinallyExitRetAddr
 0001:000555FC       GetTSClientName
 0001:0006DC38       GetTypeData
 0001:00006440       GetUserNameA
 0001:00006448       GetUserNameW
 0001:00006838       GetVersion
 0001:00000384       GetVersion
 0001:00006840       GetVersionEx
 0001:00006848       GetVersionExA
 0001:00006850       GetVersionExW
 0001:00007060       GetWindow
 0001:00007068       GetWindowDC
 0001:00007070       GetWindowLong
 0001:00007078       GetWindowLongA
 0001:00006C48       GetWindowOrgEx
 0001:00007080       GetWindowPlacement
 0001:00007088       GetWindowRect
 0001:00006858       GetWindowsDirectoryA
 0001:00007090       GetWindowText
 0001:00007098       GetWindowTextA
 0001:000070A0       GetWindowTextW
 0002:00006CA0       GetWindowTheme
 0001:000070B0       GetWindowThreadProcessId
 0001:000070A8       GetWindowThreadProcessId
 0001:00006C40       GetWinMetaFileBits
 0001:00006860       GlobalAddAtom
 0001:00006868       GlobalAlloc
 0001:000073F4       GlobalAllocPtr
 0001:00006870       GlobalDeleteAtom
 0001:00006878       GlobalFindAtom
 0002:00006AF8       GlobalFixupList
 0001:00073974       GlobalFixupReferences
 0001:00006880       GlobalFree
 0001:00007420       GlobalFreePtr
 0001:00006890       GlobalHandle
 0001:00006888       GlobalLock
 0001:00006898       GlobalMemoryStatus
 0002:00006ADC       GlobalNameSpace
 0001:000068A0       GlobalReAlloc
 0001:00007404       GlobalReAllocPtr
 0001:000068A8       GlobalUnlock
 0001:0003E09C       GoOnline
 0001:00080E6C       Graphics
 0001:00026CE4       GrayLookup
 0001:00070718       GroupDescendentsWith
 0001:00037CC8       HandleContactForm
 0002:00002E04       HandleContactFormProc
 0001:0005E138       HandleCreateThreadHook
 0001:000B01B8       HandleEdge
 0001:00054F10       HandleException
 0001:00074DD8       HandleException
 0002:00002E0C       HandleExceptionHelper
 0001:0005FAA4       HandleExceptionHelper
 0002:0000387C       HandleExceptionRP
 0002:00003884       HandleExceptionRPEv
 0002:00003878       HandleExceptionTh
 0001:000549D8       HandleExceptionThread
 0002:00003874       HandleExceptionTid
 0002:00003888       HandleExceptionTls
 0002:00003880       HandleExceptionWP
 0001:0005DB10       HandleHiddenException
 0002:00002EB4       HandleMessagesInMainThread
 0002:00002F4C       HandlerSection
 0001:000382A4       HandleScreenshotForm
 0002:00002E08       HandleScreenshotFormProc
 0001:00086F9C       HasPopup
 0001:00089520       HasSelectedText
 0002:00000024       HeapAllocFlags
 0002:000055C4       heapErrorCode
 0002:000055C8       heapLock
 0001:00082A40       HelpIntfs
 0002:00006BC4       HelpManager
 0002:00006CEC       HelpMsg
 0002:00006D40       HelpViewer
 0002:00006D44       HelpViewerIntf
 0002:000039C8       HexDisplayPrefix
 0002:00002E50       HiddenAutoMailing
 0002:00006850       HiddenHandlers
 0002:00006854       HiddenHandlersOO
 0002:0000392C       HideInitLeaksProc
 0001:0005F944       HideLeak
 0001:0005F924       HideLeak
 0002:00006904       HideLeakCallstackProc
 0002:00003928       HideLeakObjProc
 0002:00003924       HideLeakPtrProc
 0002:0000041C       HideLeak_
 0002:0000405C       HideSelections
 0001:0009F1A4       HideZone
 0002:00002F2C       HInstance
 0002:00005664       HInstance
 0002:00006DFC       HintDoneEvent
 0001:000B2950       HintGetMsgHook
 0002:00006E00       HintHook
 0001:000B28F4       HintMouseThread
 0002:00006E04       HintThread
 0002:00006DF8       HintThreadID
 0001:000B28A0       HintTimerProc
 0002:0000455C       HintWindowClass
 0001:00025D08       Hist3d
 0002:00006C30       HitTestThemeBackground
 0001:000073DC       HiWord
 0001:0005E574       HookedCreateRemoteThread
 0001:0005E624       HookedCreateRemoteThreadEx
 0001:0005E4C8       HookedCreateThread
 0001:0005E784       HookedQueueUserWorkItem
 0001:0005E094       HookedTThreadExecute
 0001:000B2994       HookHintHooks
 0001:0002EBEC       htons
 0002:00002F18       HttpExtensionProcNext
 0002:00002EB0       HttpUploadCleanEmail
 0001:000076A4       HwndMSWheel
 0001:0005F14C       HyperJumpCallstack
 0001:0005F070       HyperJumpCallstack_EnumWindowProc
 0002:000044F0       IBreaks
 0002:000044FC       IChecks
 0002:0000427C       IconIDs
 0002:00004504       IDefaults
 0001:00079AAC       IdentToCharset
 0001:000798A4       IdentToColor
 0001:00091938       IdentToCursor
 0001:00070900       IdentToInt
 0002:0000450C       IEnables
 0001:000A6DC8       IfHotkeyAvailable
 0002:00002E44       IgnoreSmtpCert
 0002:00006DD4       ImageListWriteExProc
 0001:0002E660       ImageList_Add
 0001:0002E680       ImageList_AddIcon
 0001:0002E6A4       ImageList_BeginDrag
 0001:0002E640       ImageList_Create
 0001:0002E648       ImageList_Destroy
 0001:0002E6B4       ImageList_DragEnter
 0001:0002E6BC       ImageList_DragLeave
 0001:0002E6C4       ImageList_DragMove
 0001:0002E6D4       ImageList_DragShowNolock
 0001:0002E68C       ImageList_Draw
 0001:0002E694       ImageList_DrawEx
 0001:0002E6AC       ImageList_EndDrag
 0001:0002E678       ImageList_GetBkColor
 0001:0002E6DC       ImageList_GetDragImage
 0001:0002E6F4       ImageList_GetIconSize
 0001:0002E650       ImageList_GetImageCount
 0001:0002E6E4       ImageList_Read
 0001:0002E69C       ImageList_Remove
 0001:0002E668       ImageList_ReplaceIcon
 0001:0002E670       ImageList_SetBkColor
 0001:0002E6CC       ImageList_SetDragCursorImage
 0001:0002E6FC       ImageList_SetIconSize
 0001:0002E658       ImageList_SetImageCount
 0001:0002E6EC       ImageList_Write
 0002:00004460       Images
 0001:000A2AA8       ImgList
 0001:00081A48       Imm
 0002:00004444       IMM32DLL
 0001:0009FD94       Imm32IsIME
 0001:0001D148       ImportStr
 0002:00003A1C       IMSecsPerDay
 0001:0006BBA0       InBounds
 0001:0006BE40       InBounds
 0001:0006BBD0       Increment
 0001:0006BE70       Increment
 0001:00023998       InDeepCheck
 0001:0002EBF4       inet_addr
 0001:0001A434       InflateBlockReset
 0001:00019AA4       InflateBlocks
 0001:0001A474       InflateBlocksNew
 0001:00018BE4       InflateCodes
 0001:00018B18       InflateCodesNew
 0001:00018870       InflateFast
 0001:00018728       InflateFlush
 0002:000018E4       InflateMask
 0001:000070B8       InflateRect
 0001:00019670       InflateTreesBits
 0001:00019714       InflateTreesDynamic
 0001:00019848       InflateTreesFixed
 0001:000B5748       IniFiles
 0001:00060478       Init
 0001:00000BF8       InitAllocator
 0001:00081284       InitAnApi
 0001:00037958       InitAntiFreeze
 0002:00006BB0       InitApis
 0001:00026B50       InitColorLookup
 0001:0002E638       InitCommonControls
 0001:00070BA8       InitComponent
 0002:00005634       InitContext
 0001:0009FE30       InitControls
 0002:00002F44       InitCrash
 0001:0005E930       InitCreateThreadHook
 0001:000809E4       InitDefFontData
 0001:00069D40       InitDriveSpacePtr
 0001:0002309C       InitEbpFrames
 0001:0005F294       InitExceptDll
 0001:00068C70       InitExceptions
 0001:000372D4       InitFireHandlers
 0001:00082B20       InitFlatSB
 0001:0008DB8C       InitGlobals
 0001:00026CA8       InitGrayLookup
 0001:00054AF8       InitHandleExceptionThread
 0001:0002EDF8       InitHInstance
 0001:0007BE98       InitializeBitmapInfoHeader
 0001:00016E0C       InitializeBlock
 0001:000068B0       InitializeCriticalSection
 0001:000003D0       InitializeCriticalSection
 0002:000055C0       initialized
 0001:00082AF8       InitializeFlatSB
 0001:0000625C       InitializeModule
 0001:00006450       InitializeSecurityDescriptor
 0001:0006AD4C       InitializeVarUtils
 0001:0009FA34       InitIMM32
 0001:00070C50       InitInheritedComponent
 0001:0006958C       InitLeadBytes
 0001:0005EC8C       InitMessageHooks
 0001:0008196C       InitMultiMonStubs
 0001:0001E914       InitPdbReading
 0001:00068D74       InitPlatformId
 0002:00005040       InitProc
 0001:000B55BC       InitProcs
 0001:00080968       InitScreenLogPixels
 0001:0003016C       InitSecAttr
 0001:00069604       InitSysLocale
 0001:00083148       InitThemeLibrary
 0001:000766FC       InitThreadSynchronization
 0001:000061CC       InitThreadTLS
 0001:0000FC48       InitTryExceptFinally
 0001:000039B4       InitUnits
 0001:0005D418       InitUnitsCrash
 0001:0009161C       InitWndProc
 0002:00004094       InnerStyles
 0002:000043E4       InnerStyles
 0002:0000504C       Input
 0001:00031294       InRangeOrZero
 0001:000B2378       InsertBefore
 0001:000970B4       InsertBefore
 0001:000010A4       InsertFree
 0001:000A6E7C       InsertHotkeyFarEastFormat
 0001:000070C0       InsertMenu
 0001:000070C8       InsertMenuItem
 0001:00017DAC       InsertString
 0002:00006B14       InstBlockList
 0002:00006B18       InstFreeList
 0002:00006AEC       IntConstList
 0001:00028ED4       IntegerValue
 0001:0005D100       InterceptAHandleExcept
 0001:0005D0D8       InterceptAShowExcept
 0001:0005D144       InterceptCGIHandleException
 0001:0005DD64       InterceptClassDestroy
 0001:0005D9FC       InterceptExceptionHandler
 0001:0005D430       InterceptExceptProc
 0001:0005D3B4       InterceptFinalizeUnits
[...]
  1881 0001:00087BC3  1882 0001:00087BD7  1884 0001:00087BF5  1887 0001:00087C05
  1901 0001:00087C0C  1902 0001:00087C12  1903 0001:00087C1B  1906 0001:00087C29
  1910 0001:00087C93  1912 0001:00087CAF  1913 0001:00087CB6  1916 0001:00087CBD
  1921 0001:00087CC8  1922 0001:00087CD3  1926 0001:00087CEE  1927 0001:00087CF9
  1928 0001:00087D01  1929 0001:00087D0A  1930 0001:00087D14  1933 0001:00087D25
  1934 0001:00087D2C  1937 0001:00087D38  1938 0001:00087D3F  1939 0001:00087D49
  1940 0001:00087D57  1942 0001:00087D6C  1944 0001:00087D7E  1945 0001:00087D92
  1946 0001:00087DA3  1947 0001:00087DAF  1948 0001:00087DCF  1949 0001:00087DD7
  1952 0001:00087DDC  1953 0001:00087DDF  1954 0001:00087DEC  1955 0001:00087DF3
  1958 0001:00087DF8  1959 0001:00087DFB  1961 0001:00087E0D  1962 0001:00087E18
  1964 0001:00087E21  1965 0001:00087E2E  1973 0001:00087E34  1974 0001:00087E3C
  1975 0001:00087E45  1976 0001:00087E4C  1977 0001:00087E5D  1978 0001:00087E68
  1979 0001:00087E6F  1980 0001:00087E77  1982 0001:00087E81  1983 0001:00087E96
  1986 0001:00087EA3  1987 0001:00087EA6  1988 0001:00087EB0  1990 0001:00087EC8
  1991 0001:00087ED5  1994 0001:00087EDC  1995 0001:00087EDF  1996 0001:00087EE6
  1997 0001:00087EFE  2000 0001:00087F00  2001 0001:00087F06  2003 0001:00087F0D
  2005 0001:00087F24  2007 0001:00087F29  2008 0001:00087F32  2011 0001:00087F38
  2012 0001:00087F3B  2013 0001:00087F42  2015 0001:00087F5F  2016 0001:00087F75
  2019 0001:00087F78  2020 0001:00087F7E  2022 0001:00087F91  2023 0001:00087F98
  2025 0001:00087F9F  2026 0001:00087FA8  2029 0001:00087FAC  2030 0001:00087FAF
  2031 0001:00087FB6  2032 0001:00087FC8  2033 0001:00087FCF  2036 0001:00087FD4
  2037 0001:00087FD5  2038 0001:00087FEF  2041 0001:00087FF4  2042 0001:00087FFA
  2043 0001:0008801C  2044 0001:00088023  2045 0001:0008802C  2048 0001:00088030
  2049 0001:00088033  2050 0001:0008803A  2051 0001:00088058  2052 0001:00088063
  2055 0001:00088068  2056 0001:0008806E  2057 0001:00088078  2058 0001:00088081
  2309 0001:00088084  2310 0001:00088087  2311 0001:0008809E  2314 0001:000880A0
  2315 0001:000880BA  2316 0001:000880D2  2317 0001:000880D7  2318 0001:0008810F
  2321 0001:00088118  2322 0001:00088121  2323 0001:00088136  2328 0001:0008813C
  2329 0001:00088145  2330 0001:0008815B  2332 0001:00088164  2333 0001:0008816C
  2336 0001:0008818A  2337 0001:00088193  2342 0001:00088198  2343 0001:000881AE
  2344 0001:000881B9  2345 0001:000881D0  2346 0001:000881DB  2347 0001:00088203
  2350 0001:00088208  2351 0001:0008820E  2352 0001:00088224  2355 0001:00088228
  2356 0001:0008822E  2357 0001:0008824B  2360 0001:00088250  2361 0001:00088256
  2362 0001:00088270  2363 0001:0008827F  2368 0001:00088284  2369 0001:0008829D
  2370 0001:000882BC  2371 0001:000882C0  2372 0001:00088300  2375 0001:00088308
  2376 0001:00088324  2378 0001:00088344  2379 0001:00088382  2387 0001:00088388
  2388 0001:0008839F  2389 0001:000883A8  2390 0001:000883B2  2391 0001:000883BC
  2392 0001:000883C4  2393 0001:000883D0  2394 0001:000883DC  2395 0001:000883E5
  2396 0001:000883EE  2397 0001:00088402  2398 0001:0008840B  2400 0001:00088415
  2401 0001:00088426  2407 0001:00088437  2408 0001:00088441  2409 0001:0008844B
  2410 0001:0008846E  2413 0001:0008847C  2414 0001:00088487  2415 0001:00088492
  2417 0001:0008849C  2418 0001:000884A7  2424 0001:000884B2  2425 0001:000884BD
  2426 0001:000884D4  2429 0001:000884D8  2430 0001:000884DB  2431 0001:000884E7
  2432 0001:000884F2  2433 0001:000884FC  2436 0001:00088504  2437 0001:00088507
  2443 0001:0008850E  2444 0001:00088516  2445 0001:0008851E  2446 0001:00088526
  2449 0001:00088528  2450 0001:0008852B  2451 0001:00088544  2454 0001:00088548
  2455 0001:0008854B  2456 0001:00088567  2461 0001:0008856C  2462 0001:00088575
  2463 0001:0008858E  2464 0001:00088597  2465 0001:000885AB  2468 0001:000885B4
  2469 0001:000885B7  2470 0001:000885BD  2472 0001:000885C5  2473 0001:000885DB
  2476 0001:000885E0  2477 0001:000885E6  2478 0001:000885EC  2480 0001:000885F5
  2481 0001:00088603  2482 0001:00088618  2520 0001:0008861C  2521 0001:00088622
  2522 0001:00088628  2524 0001:00088630  2525 0001:00088636  2527 0001:00088656
  2531 0001:0008865C  2533 0001:00088660  2534 0001:00088666  2536 0001:0008866B
  2539 0001:0008866C  2540 0001:0008866F  2541 0001:00088676  2542 0001:0008867C
  2543 0001:0008868D  2547 0001:00088690  2548 0001:00088695  2552 0001:00088698
  2553 0001:0008869D  2557 0001:000886A0  2558 0001:000886A5  2561 0001:000886A8
  2562 0001:000886AE  2563 0001:000886B7  2564 0001:000886C6  2568 0001:000886CC
  2569 0001:000886DF  2572 0001:000886E0  2573 0001:000886E6  2574 0001:000886F7
  2575 0001:00088700  2578 0001:00088704  2579 0001:00088707  2580 0001:0008870E
  2581 0001:00088728  2587 0001:0008872C  2588 0001:00088736  2590 0001:0008873E
  2591 0001:00088747  2593 0001:0008874C  2595 0001:0008875C  2596 0001:00088765
  2598 0001:0008877F  2599 0001:00088798  2602 0001:000887AB  2604 0001:000887B1
  2605 0001:000887B7  2606 0001:000887D3  2607 0001:000887EE  2611 0001:000887FC
  2612 0001:00088806  2614 0001:0008881B  2617 0001:00088824  2618 0001:00088828
  2619 0001:0008883F  2623 0001:00088844  2625 0001:0008884C  2626 0001:00088852
  2628 0001:00088857  2635 0001:00088858  2636 0001:00088868  2639 0001:00088876
  2642 0001:00088921  2643 0001:0008892B  2646 0001:00088955  2648 0001:0008896F
  2649 0001:00088990  2652 0001:0008899D  2653 0001:000889B8  2656 0001:000889DC
  2657 0001:000889E6  2661 0001:000889F3  2662 0001:00088A12  2664 0001:00088A28
  2668 0001:00088A38  2669 0001:00088A3F  2670 0001:00088A46  2671 0001:00088A5B
  2672 0001:00088A63  2674 0001:00088A6B  2675 0001:00088A75  2678 0001:00088A82
  2680 0001:00088A8E  2681 0001:00088A95  2684 0001:00088AA2  2686 0001:00088AAB
  2687 0001:00088AB2  2691 0001:00088ABC  2692 0001:00088AC6  2695 0001:00088AD0
  2696 0001:00088AE8  2697 0001:00088AF9  2700 0001:00088B14  2702 0001:00088B28
  2705 0001:00088B34  2707 0001:00088B3B  2711 0001:00088B5E  2713 0001:00088B64
  2715 0001:00088B75  2716 0001:00088B83  2717 0001:00088B8C  2721 0001:00088B91
  2725 0001:00088BAC  2727 0001:00088BB5  2728 0001:00088BBE  2732 0001:00088BC0
  2733 0001:00088BD5  2734 0001:00088BEF  2735 0001:00088BFD  2739 0001:00088BFF
  2740 0001:00088C0C  2743 0001:00088C27  2744 0001:00088C30  2748 0001:00088C32
  2749 0001:00088C3B  2752 0001:00088C44  2753 0001:00088C5C  2755 0001:00088C94
  2757 0001:00088CA4  2760 0001:00088CB4  2761 0001:00088CBB  2762 0001:00088CC6
  2763 0001:00088CD0  2765 0001:00088CDD  2766 0001:00088CF0  2771 0001:00088D15
  2772 0001:00088D39  2773 0001:00088D44  2776 0001:00088D51  2779 0001:00088D5E
  2780 0001:00088D65  2781 0001:00088D6C  2785 0001:00088D75  2786 0001:00088D7C
  2787 0001:00088D83  2790 0001:00088DA7  2793 0001:00088DB0  2794 0001:00088DB3
  2795 0001:00088DBA  2796 0001:00088DD2  2800 0001:00088DD4  2801 0001:00088DFD
  2802 0001:00088E08  2805 0001:00088E2D  2806 0001:00088E3B  2807 0001:00088E3F
  2809 0001:00088E84  2812 0001:00088E90  2813 0001:00088E91  2814 0001:00088EAB
  2817 0001:00088EB0  2818 0001:00088EB4  2819 0001:00088EBB  2820 0001:00088EC6
  2821 0001:00088ED2  2826 0001:00088ED8  2827 0001:00088EDC  2828 0001:00088EDE
  2830 0001:00088EE9  2831 0001:00088EEE  2833 0001:00088F06  2836 0001:00088F0C
  2837 0001:00088F0D  2838 0001:00088F17  2839 0001:00088F27  2842 0001:00088F2C
  2843 0001:00088F2E  2844 0001:00088F38  2846 0001:00088F4B  2847 0001:00088F54
  2850 0001:00088F58  2851 0001:00088F5B  2852 0001:00088F62  2853 0001:00088F7D
  2854 0001:00088F85  2855 0001:00088F8D  2860 0001:00088F90  2861 0001:00088F98
  2862 0001:00088FA5  2863 0001:00088FB4  2864 0001:00088FBE  2865 0001:00088FC8
  2868 0001:00088FD6  2870 0001:0008901B  2872 0001:0008902D  2874 0001:00089048
  2877 0001:0008904C  2878 0001:00089050  2879 0001:0008905A  2881 0001:00089064
  2882 0001:0008906A  2886 0001:00089070  2887 0001:0008907B  2890 0001:0008907C
  2891 0001:00089096  2892 0001:000890A3  2893 0001:00089102  2896 0001:00089108
  2897 0001:0008910B  2898 0001:00089118  2899 0001:0008912F  2903 0001:00089134
  2904 0001:0008913C  2908 0001:00089140  2909 0001:00089146  2912 0001:00089148
  2913 0001:0008916B  2914 0001:00089198  2919 0001:000891A0  2920 0001:000891B7
  2921 0001:000891C0  2922 0001:000891D9  2923 0001:000891DC  2924 0001:000891E6
  2925 0001:000891ED  2926 0001:000891F5  2927 0001:000891FC  2928 0001:0008921C
  2931 0001:00089224  2932 0001:0008922F  2933 0001:0008923A  2934 0001:00089245
  2935 0001:0008925C  2946 0001:00089260  2948 0001:00089268  2949 0001:0008926E
  2951 0001:00089273  2963 0001:00089274  2964 0001:00089277  2966 0001:0008927F
  2967 0001:00089285  2968 0001:0008928A  2969 0001:00089299  2970 0001:000892A4
  2972 0001:000892AB  2976 0001:000892B4  2977 0001:000892C2  2978 0001:000892C9
  2979 0001:000892D7  2989 0001:000892D8  2990 0001:000892DE  2991 0001:000892E7
  2992 0001:000892F5  2995 0001:0008932D  3000 0001:0008933C  3001 0001:00089341
  3002 0001:00089348  3003 0001:00089355  3005 0001:0008935F  3006 0001:0008936C
  3007 0001:00089377  3008 0001:0008937F  3010 0001:00089388  3011 0001:000893AC
  3014 0001:000893C7  3016 0001:000893D1  3017 0001:000893E2  3019 0001:000893E6
  3021 0001:000893EF  3022 0001:000893F7  3023 0001:00089405  3024 0001:0008941A
  3026 0001:00089424  3027 0001:0008942C  3028 0001:0008943A  3031 0001:0008944F
  3032 0001:00089462  3033 0001:00089477  3036 0001:0008947C  3037 0001:00089480
  3039 0001:0008948F  3040 0001:0008949F  3041 0001:000894B3  3043 0001:000894C0
  3044 0001:000894C7  3047 0001:000894CC  3048 0001:000894D5  3050 0001:000894DE
  3051 0001:00089506  3054 0001:0008950F  3055 0001:00089518  3060 0001:00089520
  3061 0001:00089529  3062 0001:00089541  3063 0001:00089548  3069 0001:0008954C
  3070 0001:00089566  3071 0001:00089574  3072 0001:00089592  3073 0001:000895A4
  3074 0001:000895BE  3075 0001:000895CC  3076 0001:0008960F  3085 0001:00089614
  3086 0001:00089639  3087 0001:00089643  3088 0001:00089653  3089 0001:00089660
  3092 0001:0008967D  3093 0001:00089692  3094 0001:0008969F  3096 0001:000896AD
  3097 0001:000896BF  3099 0001:000896C4  3100 0001:000896E4  3103 0001:000896F3
  3104 0001:00089704  3106 0001:00089710  3108 0001:0008973C  3109 0001:00089747
  3110 0001:0008974C  3111 0001:0008975B  3112 0001:0008976F  3113 0001:00089786
  3114 0001:000897B4  3115 0001:000897D6  3120 0001:000897F3  3119 0001:00089815
  3121 0001:00089837  3123 0001:00089859  3124 0001:0008985C  3127 0001:0008986D
  3128 0001:00089885  3129 0001:0008988F  3130 0001:000898A0  3132 0001:000898D6
  3134 0001:000898F4  3136 0001:00089906  3138 0001:0008992B  3140 0001:00089953
  3141 0001:0008996B  3146 0001:00089970  3147 0001:0008997F  3149 0001:000899D3
  3155 0001:000899DC  3156 0001:000899FD  3158 0001:00089A08  3159 0001:00089A0C
  3160 0001:00089A19  3161 0001:00089A24  3163 0001:00089A29  3164 0001:00089A48
  3165 0001:00089A50  3166 0001:00089A5A  3167 0001:00089A6B  3168 0001:00089A84
  3169 0001:00089A9A  3170 0001:00089AB2  3172 0001:00089ABC  3173 0001:00089B01
  3177 0001:00089B38  3178 0001:00089B45  3180 0001:00089B52  3182 0001:00089B58
  3183 0001:00089B63  3185 0001:00089B9B  3188 0001:00089BA4  3189 0001:00089BA5
  3190 0001:00089BC2  3195 0001:00089BC4  3196 0001:00089BCA  3198 0001:00089BCD
  3199 0001:00089BD1  3200 0001:00089BDC  3201 0001:00089BE1  3202 0001:00089BE9
  3203 0001:00089BED  3204 0001:00089BFB  3205 0001:00089C09  3206 0001:00089C1A
  3208 0001:00089C27  3209 0001:00089C3A  3211 0001:00089C4D  3212 0001:00089C54
  3213 0001:00089C66  3214 0001:00089C74  3215 0001:00089C88  3217 0001:00089C95
  3220 0001:00089C9C  3221 0001:00089CA0  3223 0001:00089CA3  3224 0001:00089CAC
  3225 0001:00089CB5  3227 0001:00089CC5  3232 0001:00089CC8  3233 0001:00089CCE
  3236 0001:00089CF1  3237 0001:00089CFB  3238 0001:00089D07  3240 0001:00089D0A
  3241 0001:00089D13  3243 0001:00089D1E  3244 0001:00089D25  3245 0001:00089D31
  3247 0001:00089D3A  3250 0001:00089D40  3252 0001:00089D46  3254 0001:00089D52
  3256 0001:00089D65  3257 0001:00089D76  3260 0001:00089D79  3261 0001:00089D82
  3265 0001:00089D88  3266 0001:00089D93  3270 0001:00089D94  3271 0001:00089D99
  3284 0001:00089D9C  3285 0001:00089DA7  3286 0001:00089DAE  3287 0001:00089DBB
  3288 0001:00089DCA  3289 0001:00089DD8  3292 0001:00089DE2  3293 0001:00089DEC
  3294 0001:00089DFA  3295 0001:00089E05  3296 0001:00089E12  3297 0001:00089E1D
  3299 0001:00089E2A  3300 0001:00089E2C  3301 0001:00089E3B  3302 0001:00089E4A
  3304 0001:00089E4E  3305 0001:00089E58  3306 0001:00089E66  3307 0001:00089E71
  3308 0001:00089E7E  3310 0001:00089E89  3311 0001:00089E93  3313 0001:00089E9D
  3314 0001:00089EAF  3315 0001:00089EBB  3316 0001:00089EC7  3317 0001:00089ED3
  3318 0001:00089EE5  3319 0001:00089EF1  3321 0001:00089F03  3323 0001:00089F60
  3324 0001:00089F70  3325 0001:00089F7B  3327 0001:00089F96  3331 0001:00089FBC
  3333 0001:00089FCC  3337 0001:00089FD4  3342 0001:00089FD8  3343 0001:00089FDE
  3344 0001:00089FE7  3345 0001:00089FF7  3348 0001:00089FFC  3349 0001:00089FFF
  3351 0001:0008A030  3354 0001:0008A034  3355 0001:0008A03E  3357 0001:0008A04A
  3358 0001:0008A057  3359 0001:0008A065  3361 0001:0008A07C  3364 0001:0008A091
  3369 0001:0008A098  3370 0001:0008A0AA  3371 0001:0008A0B3  3372 0001:0008A0C8
  3373 0001:0008A0E6  3376 0001:0008A0EC  3377 0001:0008A0F5  3378 0001:0008A100
  3381 0001:0008A111  3382 0001:0008A123  3384 0001:0008A130  3388 0001:0008A134
  3389 0001:0008A139  3393 0001:0008A13C  3394 0001:0008A13E  3403 0001:0008A140
  3406 0001:0008A144  3407 0001:0008A14B  3409 0001:0008A162  3411 0001:0008A177
  3412 0001:0008A17E  3413 0001:0008A18B  3414 0001:0008A192  3417 0001:0008A1A3
  3419 0001:0008A1AC  3420 0001:0008A1B5  3423 0001:0008A1BC  3424 0001:0008A1C3
  3425 0001:0008A1CA  3427 0001:0008A1D5  3428 0001:0008A1DE  3430 0001:0008A1F7
  3433 0001:0008A203  3434 0001:0008A20C  3437 0001:0008A210  3439 0001:0008A216
  3440 0001:0008A224  3442 0001:0008A22E  3443 0001:0008A237  3446 0001:0008A23C
  3447 0001:0008A242  3448 0001:0008A24B  3449 0001:0008A254  3450 0001:0008A25B
  3454 0001:0008A260  3456 0001:0008A268  3457 0001:0008A26E  3459 0001:0008A273
  3464 0001:0008A274  3465 0001:0008A286  3466 0001:0008A28F  3467 0001:0008A297
  3468 0001:0008A2A3  3469 0001:0008A2AF  3470 0001:0008A2CF  3475 0001:0008A2D8
  3476 0001:0008A2DB  3477 0001:0008A2E2  3478 0001:0008A2F2  3479 0001:0008A2F9
  3483 0001:0008A2FC  3484 0001:0008A2FE  3491 0001:0008A300  3492 0001:0008A308
  3494 0001:0008A313  3495 0001:0008A31F  3496 0001:0008A338  3498 0001:0008A34D
  3503 0001:0008A354  3504 0001:0008A357  3505 0001:0008A35D  3507 0001:0008A368
  3508 0001:0008A36F  3509 0001:0008A373  3511 0001:0008A386  3516 0001:0008A388
  3517 0001:0008A38E  3518 0001:0008A397  3519 0001:0008A3A5  3520 0001:0008A3B7
  3523 0001:0008A3C4  3524 0001:0008A3C7  3525 0001:0008A3CE  3526 0001:0008A3DA
  3529 0001:0008A3DC  3530 0001:0008A3DD  3531 0001:0008A3ED  3534 0001:0008A3F0
  3536 0001:0008A3F7  3540 0001:0008A438  3541 0001:0008A443  3543 0001:0008A44C
  3544 0001:0008A455  3547 0001:0008A460  3549 0001:0008A47A  3551 0001:0008A4A3
  3552 0001:0008A4AE  3554 0001:0008A4B7  3555 0001:0008A4DD  3558 0001:0008A4E4
  3560 0001:0008A4EB  3561 0001:0008A4FF  3563 0001:0008A50C  3564 0001:0008A518
  3565 0001:0008A528  3566 0001:0008A531  3569 0001:0008A538  3570 0001:0008A53E
  3571 0001:0008A54C  3573 0001:0008A556  3574 0001:0008A55F  3577 0001:0008A564
  3578 0001:0008A56B  3579 0001:0008A572  3581 0001:0008A57D  3582 0001:0008A586
  3584 0001:0008A59F  3587 0001:0008A5AB  3588 0001:0008A5B4  5137 0001:0008A5B8
  5138 0001:0008A5BE  5139 0001:0008A5CC  5140 0001:0008A5D3  5141 0001:0008A5D9
  5142 0001:0008A5E1  5149 0001:0008A5E8  5149 0001:0008A614  5144 0001:0008A618
  5145 0001:0008A621  5147 0001:0008A62B

Line numbers for upload(upload.pas) segment .text

    81 0001:000B9670    82 0001:000B9690    83 0001:000B969F    84 0001:000B96AD
    85 0001:000B96BA    86 0001:000B96C9    87 0001:000B96D8    88 0001:000B96E6
    89 0001:000B96F1    90 0001:000B9712    89 0001:000B9748    92 0001:000B975A
    94 0001:000B976A    96 0001:000B977F    98 0001:000B97B1   104 0001:000B97E0
   105 0001:000B97EC   106 0001:000B97F4   107 0001:000B9807   108 0001:000B981A
   109 0001:000B982D   124 0001:000B9854   126 0001:000B9877   127 0001:000B9888
   128 0001:000B9899   129 0001:000B98AA   130 0001:000B98BB   131 0001:000B98CC
   132 0001:000B98DD   134 0001:000B98EE   136 0001:000B98F3   139 0001:000B9906
   141 0001:000B9930   145 0001:000B994D   147 0001:000B9960   149 0001:000B9973
   151 0001:000B9986   152 0001:000B99A4   153 0001:000B99AF   155 0001:000B99E7
   157 0001:000B99F3   159 0001:000B9A02   161 0001:000B9A0D   165 0001:000B9A19
   170 0001:000B9A25   174 0001:000B9A31   177 0001:000B9A4B   180 0001:000B9A65
   186 0001:000B9A7F   189 0001:000B9AB8   206 0001:000B9BDC   208 0001:000B9C38
   209 0001:000B9C48   210 0001:000B9C58   211 0001:000B9C84   214 0001:000B9C94
   215 0001:000B9CC1   217 0001:000B9CEB   218 0001:000B9D18   220 0001:000B9D42
   221 0001:000B9D6F   223 0001:000B9D99   227 0001:000B9DC8   229 0001:000B9DE6
   231 0001:000B9DF7   233 0001:000B9E27   235 0001:000B9E38   237 0001:000B9E68
   239 0001:000B9E79   241 0001:000B9EA9   243 0001:000B9EBA   245 0001:000B9EE7
   247 0001:000B9EF8   249 0001:000B9F25   251 0001:000B9F36   254 0001:000B9F61
   225 0001:000B9F79   257 0001:000B9F91   258 0001:000B9FA1   261 0001:000B9FF0
   269 0001:000BA14C   271 0001:000BA173   272 0001:000BA197   274 0001:000BA1A4
   276 0001:000BA1B4   277 0001:000BA1E3   288 0001:000BA1F8   290 0001:000BA222
   291 0001:000BA227   293 0001:000BA234   295 0001:000BA24E   297 0001:000BA276
   299 0001:000BA293   300 0001:000BA29E   301 0001:000BA2B8   302 0001:000BA2BF
   305 0001:000BA2CE   308 0001:000BA2FD   309 0001:000BA304   293 0001:000BA307
   311 0001:000BA310   312 0001:000BA316   314 0001:000BA31D   316 0001:000BA354
   327 0001:000BA364   328 0001:000BA3A6   329 0001:000BA3B6   330 0001:000BA3C6
   331 0001:000BA3F2   335 0001:000BA407   337 0001:000BA425   339 0001:000BA436
   341 0001:000BA471   343 0001:000BA482   345 0001:000BA4AD   333 0001:000BA4C5
   348 0001:000BA4DD   349 0001:000BA4ED   350 0001:000BA52F   361 0001:000BA5A8
   362 0001:000BA5D0   363 0001:000BA5DE   364 0001:000BA60A   365 0001:000BA61A
   369 0001:000BA624   370 0001:000BA642   372 0001:000BA653   374 0001:000BA660
   376 0001:000BA671   378 0001:000BA67E   380 0001:000BA68F   382 0001:000BA69C
   384 0001:000BA6AD   367 0001:000BA6B8   388 0001:000BA6D0   390 0001:000BA6D6
   392 0001:000BA6DD   394 0001:000BA6E3   396 0001:000BA6EC   398 0001:000BA6F2
   401 0001:000BA6F9   403 0001:000BA718   405 0001:000BA74F   411 0001:000BA7E4
   412 0001:000BA7F0   413 0001:000BA801   414 0001:000BA809   422 0001:000BA810
   424 0001:000BA843   427 0001:000BA852   428 0001:000BA859   429 0001:000BA860
   430 0001:000BA868   431 0001:000BA870   432 0001:000BA87B   433 0001:000BA886
   435 0001:000BA88B   436 0001:000BA898   439 0001:000BA8A0   440 0001:000BA8BE
   441 0001:000BA8C5   444 0001:000BA8C7   443 0001:000BA8D3   445 0001:000BA8E2
   447 0001:000BA8EB   449 0001:000BA91F   450 0001:000BA95C   450 0001:000BA963

Line numbers for UploadProgram(C:\Users\Admin\Desktop\Upload code program\UploadProgram.dpr) segment .text

    14 0001:000BABCC    15 0001:000BABDC    16 0001:000BABE8    17 0001:000BAC00
    18 0001:000BAC0C

Bound resource files

c:\program files (x86)\borland\delphi7\Lib\Controls.res
c:\program files (x86)\borland\delphi7\Lib\Buttons.res
c:\program files (x86)\borland\delphi7\Lib\FileCtrl.res
upload.dfm
UploadProgram.res
UploadProgram.drf


Program entry point at 0001:000BABCC
